# start B=25 K=2 SL=20 CL=30 J=5 LO=32615202840361 HI=95367431640624 S=234375000 T=267744 roots=6 chunks=2000 perm=6035489 filters=1 range=0-2000
C 1 4883 3890 23340 6249144960 24409922 17.689 0
C 2 4883 3849 23094 6183279936 24140168 17.713 0
C 0 4882 3872 23232 6220228608 24299327 17.828 0
C 3 4883 3883 23298 6237899712 24360879 17.842 0
C 7 4883 3834 23004 6159182976 24054325 18.592 0
C 5 4882 3888 23328 6245932032 24400574 18.843 0
C 4 4883 3921 23526 6298945344 24598315 19.020 0
C 6 4883 3903 23418 6270028992 24498039 18.897 0
C 8 4883 3890 23340 6249144960 24422112 18.687 0
C 9 4883 3849 23094 6183279936 24163750 18.599 0
C 10 4882 3849 23094 6183279936 24160559 18.511 0
C 11 4883 3888 23328 6245932032 24409712 18.736 0
C 13 4883 3896 23376 6258783744 24446877 17.529 0
C 14 4883 3878 23268 6229867392 24343040 17.485 0
C 12 4883 3883 23298 6237899712 24369385 17.589 0
C 15 4883 3846 23076 6178460544 24141868 17.507 0
C 18 4883 3841 23046 6170428224 24112309 17.446 0
C 17 4883 3871 23226 6218622144 24277483 17.690 0
C 16 4882 3881 23286 6234686784 24350322 17.741 1 36660499841384
C 19 4883 3875 23250 6225048000 24319245 17.662 0
C 20 4883 3899 23394 6263603136 24469162 18.035 1 47411474135504
C 21 4882 3892 23352 6252357888 24429518 18.006 0
C 22 4883 3904 23424 6271635456 24499388 18.001 0
C 23 4883 3910 23460 6281274240 24537509 17.967 0
C 24 4883 3849 23094 6183279936 24153274 17.836 0
C 25 4883 3886 23316 6242719104 24385428 17.923 0
C 26 4882 3893 23358 6253964352 24427976 18.006 0
C 27 4883 3869 23214 6215409216 24278313 17.910 0
C 29 4883 3841 23046 6170428224 24099217 18.447 0
C 28 4883 3906 23436 6274848384 24507602 18.782 0
C 30 4883 3882 23292 6236293248 24359694 18.673 0
C 31 4883 3874 23244 6223441536 24315908 18.707 0
C 32 4882 3873 23238 6221835072 24308494 19.312 0
C 33 4883 3899 23394 6263603136 24474054 19.354 1 42604832403144
C 34 4883 3879 23274 6231473856 24341288 19.370 0
C 35 4883 3901 23406 6266816064 24487262 19.488 0
C 37 4882 3852 23112 6188099328 24173552 19.229 0
C 36 4883 3877 23262 6228260928 24332355 19.505 0
C 38 4883 3885 23310 6241112640 24372237 19.343 0
C 39 4883 3839 23034 6167215296 24088009 19.187 0
C 41 4883 3846 23076 6178460544 24136027 18.867 0
C 40 4883 3933 23598 6318222912 24683364 19.368 0
C 42 4882 3882 23292 6236293248 24356719 19.064 0
C 43 4883 3905 23430 6273241920 24512534 19.183 0
C 45 4883 3876 23256 6226654464 24323769 18.318 0
C 44 4883 3881 23286 6234686784 24363803 18.626 0
C 46 4883 3872 23232 6220228608 24296610 18.545 0
C 47 4883 3869 23214 6215409216 24277773 18.442 0
C 49 4883 3889 23334 6247538496 24410941 18.522 0
C 48 4882 3910 23460 6281274240 24543913 18.566 0
C 50 4883 3825 22950 6144724800 24000085 18.250 0
C 51 4883 3917 23502 6292519488 24582040 18.633 0
C 54 4883 3853 23118 6189705792 24168374 18.350 0
C 53 4882 3883 23298 6237899712 24367245 18.517 0
C 52 4883 3892 23352 6252357888 24424557 18.674 0
C 55 4883 3894 23364 6255570816 24436207 18.652 0
C 56 4883 3892 23352 6252357888 24422550 18.595 0
C 57 4883 3892 23352 6252357888 24422147 18.590 0
C 58 4882 3894 23364 6255570816 24439919 18.595 0
C 59 4883 3859 23154 6199344576 24221348 18.442 0
C 61 4883 3841 23046 6170428224 24108592 18.855 0
C 60 4883 3899 23394 6263603136 24463970 19.204 0
C 62 4883 3897 23382 6260390208 24458220 19.174 0
C 63 4883 3861 23166 6202557504 24231755 19.067 0
C 64 4882 3853 23118 6189705792 24181717 19.837 0
C 65 4883 3861 23166 6202557504 24230118 19.973 0
C 66 4883 3872 23232 6220228608 24296960 19.825 0
C 67 4883 3927 23562 6308584128 24644239 20.244 0
C 68 4883 3882 23292 6236293248 24367353 20.179 0
C 69 4882 3875 23250 6225048000 24310375 20.047 0
C 70 4883 3887 23322 6244325568 24387277 20.209 0
C 71 4883 3875 23250 6225048000 24323452 19.951 0
C 72 4883 3905 23430 6273241920 24499637 20.782 0
C 73 4883 3885 23310 6241112640 24382423 20.641 0
C 74 4882 3878 23268 6229867392 24332682 20.668 0
C 75 4883 3883 23298 6237899712 24373977 20.685 0
C 77 4883 3850 23100 6184886400 24159423 20.493 0
C 76 4883 3885 23310 6241112640 24381656 20.628 0
C 78 4883 3907 23442 6276454848 24513852 20.787 0
C 79 4883 3874 23244 6223441536 24322525 20.643 0
C 80 4882 3893 23358 6253964352 24429005 21.043 0
C 81 4883 3910 23460 6281274240 24532506 21.161 0
C 82 4883 3845 23070 6176854080 24127537 20.816 0
C 83 4883 3891 23346 6250751424 24416402 21.054 0
C 84 4883 3875 23250 6225048000 24317448 20.811 0
C 85 4882 3865 23190 6208983360 24256114 20.717 0
C 86 4883 3888 23328 6245932032 24392474 20.865 0
C 87 4883 3856 23136 6194525184 24195514 20.620 0
C 89 4883 3842 23052 6172034688 24111603 21.409 0
C 88 4883 3907 23442 6276454848 24521040 21.833 0
C 90 4882 3872 23232 6220228608 24297024 21.464 0
C 91 4883 3919 23514 6295732416 24590422 21.850 0
C 92 4883 3884 23304 6239506176 24379766 20.124 0
C 93 4883 3847 23082 6180067008 24148601 19.850 0
C 94 4883 3866 23196 6210589824 24260408 19.961 0
C 95 4883 3891 23346 6250751424 24417517 20.084 0
C 97 4883 3831 22986 6154363584 24043338 20.341 0
C 98 4883 3857 23142 6196131648 24200370 20.488 0
C 96 4882 3892 23352 6252357888 24425703 20.722 0
C 99 4883 3884 23304 6239506176 24375396 20.721 0
C 100 4883 3871 23226 6218622144 24285214 21.847 0
C 101 4882 3837 23022 6164002368 24081661 21.617 0
C 102 4883 3896 23376 6258783744 24452776 22.148 0
C 103 4883 3888 23328 6245932032 24401469 22.068 0
C 105 4883 3865 23190 6208983360 24250261 20.178 0
C 104 4883 3890 23340 6249144960 24395179 20.438 0
C 106 4882 3869 23214 6215409216 24280050 20.074 0
C 107 4883 3858 23148 6197738112 24209924 19.981 0
C 109 4883 3856 23136 6194525184 24210514 19.754 0
C 108 4883 3907 23442 6276454848 24520481 20.050 0
C 110 4883 3850 23100 6184886400 24161366 19.768 0
C 111 4883 3875 23250 6225048000 24315873 19.842 0
C 112 4882 3814 22884 6127053696 23938403 19.742 0
C 113 4883 3871 23226 6218622144 24294163 20.156 0
C 114 4883 3894 23364 6255570816 24439814 20.215 0
C 115 4883 3882 23292 6236293248 24360057 20.147 0
C 116 4883 3865 23190 6208983360 24255395 19.921 0
C 117 4882 3889 23334 6247538496 24407827 20.001 0
C 118 4883 3879 23274 6231473856 24345111 19.989 0
C 119 4883 3893 23358 6253964352 24420226 20.062 0
C 120 4883 3889 23334 6247538496 24406009 19.960 0
C 121 4883 3880 23280 6233080320 24354498 19.894 0
C 122 4882 3865 23190 6208983360 24261893 19.810 0
C 123 4883 3886 23316 6242719104 24386598 20.024 0
C 125 4883 3851 23106 6186492864 24168242 19.900 0
C 124 4883 3927 23562 6308584128 24640239 20.406 0
C 126 4883 3862 23172 6204163968 24233990 19.937 0
C 127 4883 3828 22968 6149544192 24025887 19.789 0
C 128 4882 3864 23184 6207376896 24253119 20.403 0
C 129 4883 3878 23268 6229867392 24339577 20.622 0
C 130 4883 3878 23268 6229867392 24338756 20.622 0
C 131 4883 3894 23364 6255570816 24435862 20.735 0
C 133 4882 3872 23232 6220228608 24301334 20.699 0
C 132 4883 3926 23556 6306977664 24633517 21.102 0
C 134 4883 3866 23196 6210589824 24258706 20.745 0
C 135 4883 3874 23244 6223441536 24310939 20.747 0
C 136 4883 3865 23190 6208983360 24263822 21.262 0
C 138 4882 3871 23226 6218622144 24283066 21.405 0
C 137 4883 3908 23448 6278061312 24524912 21.516 0
C 139 4883 3883 23298 6237899712 24369168 21.478 0
C 140 4883 3892 23352 6252357888 24430365 21.002 0
C 141 4883 3847 23082 6180067008 24134711 20.752 0
C 142 4883 3860 23160 6200951040 24223557 20.765 0
C 143 4883 3847 23082 6180067008 24131509 20.654 0
C 146 4883 3828 22968 6149544192 24021215 20.007 0
C 144 4882 3878 23268 6229867392 24338164 20.292 0
C 145 4883 3894 23364 6255570816 24431452 20.315 0
C 147 4883 3879 23274 6231473856 24351548 20.183 0
C 148 4883 3905 23430 6273241920 24504345 20.460 0
C 150 4883 3870 23220 6217015680 24284051 20.278 0
C 149 4882 3905 23430 6273241920 24490083 20.466 0
C 151 4883 3861 23166 6202557504 24227193 20.248 0
C 154 4882 3836 23016 6162395904 24073445 20.075 1 79633178960084
C 152 4883 3890 23340 6249144960 24400876 20.353 0
C 153 4883 3898 23388 6261996672 24464350 20.376 0
C 155 4883 3877 23262 6228260928 24333436 20.293 0
C 156 4883 3893 23358 6253964352 24432560 20.645 0
C 157 4883 3872 23232 6220228608 24293937 20.492 0
C 158 4883 3912 23472 6284487168 24551841 20.660 0
C 159 4883 3873 23238 6221835072 24299606 20.554 1 60266986949655
C 160 4882 3859 23154 6199344576 24207928 20.240 0
C 161 4883 3869 23214 6215409216 24274798 20.236 0
C 162 4883 3853 23118 6189705792 24172565 20.209 0
C 163 4883 3919 23514 6295732416 24594955 20.429 0
C 165 4882 3868 23208 6213802752 24275051 20.150 0
C 164 4883 3899 23394 6263603136 24465726 20.273 0
C 166 4883 3871 23226 6218622144 24294652 20.106 0
C 167 4883 3851 23106 6186492864 24166918 20.078 0
C 168 4883 3853 23118 6189705792 24180360 19.966 0
C 170 4882 3860 23160 6200951040 24217144 20.049 0
C 169 4883 3887 23322 6244325568 24399558 20.134 0
C 171 4883 3889 23334 6247538496 24402316 20.213 0
C 172 4883 3913 23478 6286093632 24545944 20.364 0
C 173 4883 3881 23286 6234686784 24356605 20.136 0
C 174 4883 3895 23370 6257177280 24441580 20.243 0
C 175 4883 3851 23106 6186492864 24162817 20.014 0
C 176 4882 3828 22968 6149544192 24021192 20.031 0
C 177 4883 3865 23190 6208983360 24257037 20.183 0
C 178 4883 3897 23382 6260390208 24453897 20.329 0
C 179 4883 3872 23232 6220228608 24300289 20.171 0
C 180 4883 3879 23274 6231473856 24342521 20.252 0
C 181 4882 3874 23244 6223441536 24309766 20.187 0
C 182 4883 3907 23442 6276454848 24527392 20.376 0
C 183 4883 3891 23346 6250751424 24415350 20.255 0
C 185 4883 3859 23154 6199344576 24210728 20.214 0
C 184 4883 3863 23178 6205770432 24234859 20.354 0
C 186 4882 3887 23322 6244325568 24390534 20.330 0
C 187 4883 3912 23472 6284487168 24538308 20.564 0
C 189 4883 3854 23124 6191312256 24190724 20.390 0
C 188 4883 3894 23364 6255570816 24422247 20.520 0
C 190 4883 3860 23160 6200951040 24222650 20.437 0
C 191 4883 3845 23070 6176854080 24125685 20.258 0
C 192 4882 3861 23166 6202557504 24228486 20.243 0
C 193 4883 3880 23280 6233080320 24338905 20.411 0
C 194 4883 3885 23310 6241112640 24387203 20.512 0
C 195 4883 3874 23244 6223441536 24310244 20.306 0
C 196 4883 3885 23310 6241112640 24375479 20.685 0
C 197 4882 3875 23250 6225048000 24315089 20.659 0
C 198 4883 3853 23118 6189705792 24171747 20.416 0
C 199 4883 3878 23268 6229867392 24339815 20.663 0
C 200 4883 3892 23352 6252357888 24418264 20.562 0
C 201 4883 3861 23166 6202557504 24222501 20.433 0
C 202 4882 3853 23118 6189705792 24171531 20.461 0
C 203 4883 3890 23340 6249144960 24410263 20.610 0
C 205 4883 3881 23286 6234686784 24346084 20.786 0
C 204 4883 3902 23412 6268422528 24481013 20.949 0
C 206 4883 3858 23148 6197738112 24203738 20.807 0
C 207 4883 3876 23256 6226654464 24316789 20.805 0
C 208 4882 3873 23238 6221835072 24308905 20.684 0
C 209 4883 3862 23172 6204163968 24227571 20.710 0
C 210 4883 3834 23004 6159182976 24056958 20.532 0
C 211 4883 3902 23412 6268422528 24488064 20.847 0
C 214 4883 3850 23100 6184886400 24157049 20.356 0
C 212 4883 3906 23436 6274848384 24509995 20.713 0
C 213 4882 3899 23394 6263603136 24461597 20.665 0
C 215 4883 3885 23310 6241112640 24374560 20.602 0
C 216 4883 3900 23400 6265209600 24473794 20.907 0
C 218 4882 3866 23196 6210589824 24259905 20.785 0
C 217 4883 3910 23460 6281274240 24536277 21.065 0
C 219 4883 3896 23376 6258783744 24452297 20.948 0
C 221 4883 3858 23148 6197738112 24209759 21.225 0
C 222 4883 3849 23094 6183279936 24158406 21.125 0
C 220 4883 3892 23352 6252357888 24424369 21.412 0
C 223 4883 3854 23124 6191312256 24180139 21.206 0
C 226 4883 3844 23064 6175247616 24121524 20.627 0
C 224 4882 3886 23316 6242719104 24394472 20.794 0
C 225 4883 3903 23418 6270028992 24485468 20.887 0
C 227 4883 3914 23484 6287700096 24564662 20.958 0
C 228 4883 3850 23100 6184886400 24156551 20.784 1 44405840877671
C 229 4882 3874 23244 6223441536 24320226 20.940 0
C 230 4883 3895 23370 6257177280 24435368 20.991 0
C 231 4883 3876 23256 6226654464 24332616 20.969 0
C 233 4883 3867 23202 6212196288 24267539 20.928 0
C 232 4883 3890 23340 6249144960 24412085 21.114 0
C 234 4882 3861 23166 6202557504 24226777 20.900 0
C 235 4883 3889 23334 6247538496 24402289 20.995 0
C 237 4883 3859 23154 6199344576 24219368 19.450 0
C 236 4883 3878 23268 6229867392 24339952 19.512 0
C 238 4883 3894 23364 6255570816 24438300 19.601 0
C 239 4883 3891 23346 6250751424 24409324 19.585 0
C 240 4882 3877 23262 6228260928 24327158 19.579 0
C 241 4883 3903 23418 6270028992 24501558 19.677 0
C 242 4883 3859 23154 6199344576 24216324 19.527 0
C 243 4883 3855 23130 6192918720 24201038 19.386 0
C 244 4883 3891 23346 6250751424 24422677 19.354 0
C 245 4882 3894 23364 6255570816 24437388 19.504 0
C 246 4883 3900 23400 6265209600 24481103 19.480 0
C 247 4883 3860 23160 6200951040 24223583 19.287 0
C 248 4883 3819 22914 6135086016 23966557 19.023 0
C 249 4883 3854 23124 6191312256 24185350 19.162 0
C 250 4882 3860 23160 6200951040 24219931 19.186 0
C 251 4883 3942 23652 6332681088 24735412 19.679 0
C 252 4883 3881 23286 6234686784 24367419 19.248 0
C 253 4883 3871 23226 6218622144 24287835 19.226 0
C 254 4883 3887 23322 6244325568 24385048 19.295 0
C 255 4883 3871 23226 6218622144 24298489 19.326 0
C 256 4882 3837 23022 6164002368 24079324 19.368 0
C 257 4883 3843 23058 6173641152 24117831 19.422 0
C 258 4883 3837 23022 6164002368 24080493 19.493 0
C 259 4883 3886 23316 6242719104 24378838 19.775 0
C 260 4883 3885 23310 6241112640 24384367 20.117 0
C 261 4882 3870 23220 6217015680 24279183 19.913 0
C 262 4883 3875 23250 6225048000 24311957 20.024 0
C 263 4883 3888 23328 6245932032 24391889 19.968 0
C 264 4883 3896 23376 6258783744 24451769 20.197 0
C 265 4883 3902 23412 6268422528 24483455 20.239 1 37434862611752
C 266 4882 3879 23274 6231473856 24346865 20.107 0
C 267 4883 3878 23268 6229867392 24335718 20.231 0
C 268 4883 3859 23154 6199344576 24211824 20.026 0
C 269 4883 3873 23238 6221835072 24309741 20.238 0
C 270 4883 3826 22956 6146331264 24009515 19.983 0
C 271 4883 3897 23382 6260390208 24456143 20.289 0
C 272 4882 3840 23040 6168821760 24095659 19.615 0
C 273 4883 3893 23358 6253964352 24426683 19.790 0
C 274 4883 3897 23382 6260390208 24459094 19.843 0
C 275 4883 3886 23316 6242719104 24388622 19.751 0
C 276 4883 3888 23328 6245932032 24401197 20.046 0
C 277 4882 3848 23088 6181673472 24143014 19.838 0
C 278 4883 3878 23268 6229867392 24338725 19.953 0
C 279 4883 3872 23232 6220228608 24292859 20.008 0
C 280 4883 3896 23376 6258783744 24441904 20.028 0
C 281 4883 3879 23274 6231473856 24340180 19.956 0
C 282 4882 3858 23148 6197738112 24215163 19.949 0
C 283 4883 3880 23280 6233080320 24361166 19.975 0
C 284 4883 3918 23508 6294125952 24584148 20.441 0
C 285 4883 3888 23328 6245932032 24392345 20.257 0
C 286 4883 3877 23262 6228260928 24322357 20.206 0
C 287 4883 3825 22950 6144724800 24008473 20.031 0
C 288 4882 3873 23238 6221835072 24305072 20.353 0
C 289 4883 3871 23226 6218622144 24286898 20.298 0
C 290 4883 3855 23130 6192918720 24194964 20.303 0
C 291 4883 3898 23388 6261996672 24463648 20.568 0
C 292 4883 3880 23280 6233080320 24344577 20.364 0
C 294 4883 3846 23076 6178460544 24122962 20.256 0
C 293 4882 3881 23286 6234686784 24342060 20.467 0
C 295 4883 3891 23346 6250751424 24417227 20.420 0
C 296 4883 3865 23190 6208983360 24251150 20.102 0
C 297 4883 3845 23070 6176854080 24130345 19.966 0
C 298 4882 3868 23208 6213802752 24279339 20.077 0
C 299 4883 3898 23388 6261996672 24463755 20.166 0
C 301 4883 3876 23256 6226654464 24313857 21.037 0
C 302 4883 3864 23184 6207376896 24246742 21.001 0
C 300 4883 3911 23466 6282880704 24538389 21.317 1 39713264990408
C 303 4883 3868 23208 6213802752 24272785 21.031 0
C 305 4883 3850 23100 6184886400 24155524 20.652 0
C 304 4882 3899 23394 6263603136 24471704 21.031 0
C 306 4883 3869 23214 6215409216 24270594 20.852 0
C 307 4883 3902 23412 6268422528 24494886 21.002 0
C 308 4883 3888 23328 6245932032 24403283 20.580 0
C 310 4883 3880 23280 6233080320 24345157 20.513 0
C 309 4882 3898 23388 6261996672 24462830 20.651 0
C 311 4883 3869 23214 6215409216 24280827 20.576 0
C 312 4883 3905 23430 6273241920 24504541 21.581 0
C 314 4882 3845 23070 6176854080 24119963 21.282 0
C 313 4883 3898 23388 6261996672 24469279 21.560 0
C 315 4883 3869 23214 6215409216 24272584 21.312 0
C 317 4883 3827 22962 6147937728 24017986 19.650 0
C 316 4883 3873 23238 6221835072 24298890 19.828 0
C 318 4883 3906 23436 6274848384 24518242 19.987 0
C 319 4883 3885 23310 6241112640 24371226 19.883 0
C 320 4882 3856 23136 6194525184 24193939 20.480 0
C 322 4883 3839 23034 6167215296 24089453 20.429 0
C 321 4883 3908 23448 6278061312 24517436 20.829 0
C 323 4883 3884 23304 6239506176 24378758 20.845 1 68356304515607
C 324 4883 3880 23280 6233080320 24338289 20.413 0
C 325 4882 3846 23076 6178460544 24133865 20.331 0
C 326 4883 3887 23322 6244325568 24401396 20.573 0
C 327 4883 3908 23448 6278061312 24522306 20.541 0
C 328 4883 3892 23352 6252357888 24417721 20.691 0
C 330 4882 3843 23058 6173641152 24115582 20.420 0
C 329 4883 3905 23430 6273241920 24507991 20.733 0
C 331 4883 3910 23460 6281274240 24526322 20.873 0
C 332 4883 3916 23496 6290913024 24565083 21.089 0
C 333 4883 3872 23232 6220228608 24300518 20.877 0
C 334 4883 3880 23280 6233080320 24333452 20.879 1 66867503085452
C 335 4883 3884 23304 6239506176 24374282 20.975 0
C 336 4882 3844 23064 6175247616 24125939 20.685 0
C 338 4883 3852 23112 6188099328 24178162 20.653 0
C 337 4883 3877 23262 6228260928 24326741 20.749 0
C 339 4883 3878 23268 6229867392 24344171 20.884 0
C 341 4882 3844 23064 6175247616 24118367 20.263 0
C 340 4883 3924 23544 6303764736 24617074 20.758 0
C 342 4883 3903 23418 6270028992 24494680 20.658 0
C 343 4883 3855 23130 6192918720 24187966 20.217 0
C 344 4883 3870 23220 6217015680 24288395 20.167 0
C 346 4882 3852 23112 6188099328 24181647 20.112 0
C 345 4883 3888 23328 6245932032 24398098 20.247 0
C 347 4883 3906 23436 6274848384 24515112 20.373 0
C 348 4883 3887 23322 6244325568 24391061 20.413 0
C 349 4883 3854 23124 6191312256 24186510 20.184 0
C 350 4883 3868 23208 6213802752 24277662 20.296 0
C 351 4883 3837 23022 6164002368 24079024 20.168 0
C 352 4882 3852 23112 6188099328 24166748 20.945 0
C 353 4883 3865 23190 6208983360 24241558 20.882 0
C 354 4883 3872 23232 6220228608 24306156 20.932 0
C 355 4883 3891 23346 6250751424 24422685 21.789 0
C 357 4882 3877 23262 6228260928 24334260 22.542 0
C 356 4883 3908 23448 6278061312 24529622 22.774 0
C 358 4883 3897 23382 6260390208 24452623 22.725 0
C 359 4883 3840 23040 6168821760 24091071 21.908 0
C 361 4883 3863 23178 6205770432 24243432 22.649 0
C 360 4883 3888 23328 6245932032 24396286 22.838 0
C 362 4882 3880 23280 6233080320 24349505 22.719 1 84391830608172
C 363 4883 3845 23070 6176854080 24122514 22.268 0
C 365 4883 3877 23262 6228260928 24332313 21.180 0
C 364 4883 3924 23544 6303764736 24616037 21.542 0
C 366 4883 3878 23268 6229867392 24338771 21.281 0
C 367 4883 3828 22968 6149544192 24023050 20.995 0
C 369 4883 3826 22956 6146331264 24007639 21.049 0
C 368 4882 3908 23448 6278061312 24518562 21.496 0
C 370 4883 3869 23214 6215409216 24282535 21.276 0
C 371 4883 3905 23430 6273241920 24502085 21.453 0
C 372 4883 3881 23286 6234686784 24358124 20.378 0
C 374 4883 3842 23052 6172034688 24108079 20.262 0
C 373 4882 3903 23418 6270028992 24489718 20.565 0
C 375 4883 3916 23496 6290913024 24573543 20.587 0
C 376 4883 3886 23316 6242719104 24388345 20.656 0
C 377 4883 3891 23346 6250751424 24418564 20.736 0
C 378 4882 3871 23226 6218622144 24290322 20.608 0
C 379 4883 3920 23520 6297338880 24598372 21.071 0
C 380 4883 3885 23310 6241112640 24375178 21.545 0
C 381 4883 3864 23184 6207376896 24255239 21.428 0
C 382 4883 3885 23310 6241112640 24383285 21.522 0
C 383 4883 3853 23118 6189705792 24184810 21.202 0
C 384 4882 3895 23370 6257177280 24446992 21.047 0
C 386 4883 3861 23166 6202557504 24230211 20.860 0
C 385 4883 3888 23328 6245932032 24391992 21.021 0
C 387 4883 3891 23346 6250751424 24411374 20.876 0
C 389 4882 3866 23196 6210589824 24261434 20.620 0
C 390 4883 3862 23172 6204163968 24228914 20.663 0
C 388 4883 3888 23328 6245932032 24390718 20.802 0
C 391 4883 3879 23274 6231473856 24346033 20.818 0
C 392 4883 3890 23340 6249144960 24411368 21.256 0
C 394 4882 3864 23184 6207376896 24245481 21.197 0
C 393 4883 3892 23352 6252357888 24426613 21.268 0
C 395 4883 3910 23460 6281274240 24537918 21.766 0
C 396 4883 3851 23106 6186492864 24166871 21.512 0
C 397 4883 3865 23190 6208983360 24258126 21.520 0
C 398 4883 3889 23334 6247538496 24400058 21.728 0
C 399 4883 3869 23214 6215409216 24277151 21.418 0
C 400 4882 3862 23172 6204163968 24234434 21.446 0
C 401 4883 3889 23334 6247538496 24397666 21.554 0
C 402 4883 3875 23250 6225048000 24320716 21.416 0
C 403 4883 3882 23292 6236293248 24349569 21.336 0
C 404 4883 3899 23394 6263603136 24465353 21.266 0
C 405 4882 3881 23286 6234686784 24356929 21.181 0
C 406 4883 3875 23250 6225048000 24314953 21.089 0
C 407 4883 3840 23040 6168821760 24098652 21.069 0
C 409 4883 3836 23016 6162395904 24061332 21.274 0
C 408 4883 3847 23082 6180067008 24139341 21.333 0
C 410 4882 3885 23310 6241112640 24385015 21.561 0
C 411 4883 3890 23340 6249144960 24405616 22.065 0
C 413 4883 3889 23334 6247538496 24400613 23.302 0
C 412 4883 3888 23328 6245932032 24398550 23.312 0
C 414 4883 3865 23190 6208983360 24247404 23.180 0
C 415 4883 3885 23310 6241112640 24373015 23.031 0
C 418 4883 3826 22956 6146331264 24006755 23.091 0
C 416 4882 3872 23232 6220228608 24305628 23.338 0
C 417 4883 3904 23424 6271635456 24499249 23.596 0
C 419 4883 3864 23184 6207376896 24228362 22.910 0
C 421 4882 3872 23232 6220228608 24296881 21.744 0
C 420 4883 3885 23310 6241112640 24385908 21.885 0
C 422 4883 3925 23550 6305371200 24628630 22.077 0
C 423 4883 3903 23418 6270028992 24491338 22.535 0
C 424 4883 3858 23148 6197738112 24215023 22.244 0
C 425 4883 3895 23370 6257177280 24435918 22.466 0
C 426 4882 3875 23250 6225048000 24314954 22.310 0
C 427 4883 3866 23196 6210589824 24267372 21.844 0
C 429 4883 3841 23046 6170428224 24109350 22.052 0
C 428 4883 3903 23418 6270028992 24491564 22.464 0
C 430 4883 3846 23076 6178460544 24137213 22.100 0
C 431 4883 3881 23286 6234686784 24354787 22.193 0
C 432 4882 3852 23112 6188099328 24165329 21.551 0
C 433 4883 3885 23310 6241112640 24372660 21.730 0
C 434 4883 3861 23166 6202557504 24218101 21.547 0
C 435 4883 3889 23334 6247538496 24397227 21.852 0
C 436 4883 3896 23376 6258783744 24441642 21.697 0
C 437 4882 3890 23340 6249144960 24407223 21.612 0
C 438 4883 3882 23292 6236293248 24350098 21.552 0
C 439 4883 3845 23070 6176854080 24134717 21.218 0
