# start B=24 K=2 SL=19 CL=29 J=5 LO=7620291579446 HI=12942160944371 S=183140352 T=29059 roots=2 chunks=2000 perm=4921175 filters=1 range=0-2000
C 0 3981 2840 5680 165055120 645302 0.477 0
C 1 3981 2835 5670 164764530 642158 0.480 0
C 2 3981 2873 5746 166973014 652568 0.482 0
C 3 3982 2880 5760 167379840 654255 0.487 0
C 4 3981 2866 5732 166566188 648878 0.491 0
C 9 3982 2850 5700 165636300 648509 0.451 0
C 6 3982 2850 5700 165636300 645661 0.470 0
C 8 3981 2848 5696 165520064 646714 0.473 0
C 5 3981 2882 5764 167496076 656108 0.488 0
C 7 3981 2883 5766 167554194 655147 0.495 0
C 10 3981 2855 5710 165926890 648115 0.457 0
C 11 3981 2839 5678 164997002 646066 0.474 0
C 12 3982 2899 5798 168484082 657259 0.495 0
C 13 3981 2872 5744 166914896 651430 0.492 0
C 14 3981 2858 5716 166101244 648781 0.492 0
C 15 3981 2853 5706 165810654 648921 0.489 0
C 16 3982 2854 5708 165868772 648800 0.468 0
C 17 3981 2817 5634 163718406 640266 0.457 0
C 18 3981 2873 5746 166973014 652130 0.458 0
C 19 3982 2835 5670 164764530 642724 0.496 0
C 20 3981 2858 5716 166101244 648376 0.464 0
C 21 3981 2830 5660 164473940 642571 0.475 0
C 22 3982 2836 5672 164822648 643748 0.467 0
C 23 3981 2849 5698 165578182 647523 0.467 0
C 24 3981 2872 5744 166914896 651312 0.497 0
C 25 3982 2875 5750 167089250 652923 0.465 0
C 26 3981 2874 5748 167031132 650709 0.476 0
C 27 3981 2898 5796 168425964 658048 0.466 0
C 28 3982 2862 5724 166333716 649405 0.475 0
C 29 3981 2866 5732 166566188 648960 0.497 0
C 30 3981 2877 5754 167205486 653075 0.472 0
C 32 3982 2853 5706 165810654 648038 0.450 0
C 31 3981 2839 5678 164997002 644853 0.470 0
C 33 3981 2868 5736 166682424 650062 0.457 0
C 34 3981 2867 5734 166624306 651016 0.521 0
C 36 3981 2839 5678 164997002 644143 0.468 0
C 37 3981 2851 5702 165694418 648412 0.465 0
C 35 3982 2868 5736 166682424 651837 0.489 0
C 38 3982 2870 5740 166798660 650971 0.469 0
C 39 3981 2886 5772 167728548 655505 0.510 0
C 40 3981 2870 5740 166798660 650670 0.467 0
C 42 3981 2848 5696 165520064 646619 0.452 0
C 41 3982 2840 5680 165055120 644978 0.464 0
C 43 3981 2870 5740 166798660 651147 0.486 0
C 44 3982 2860 5720 166217480 648957 0.517 0
C 45 3981 2868 5736 166682424 650313 0.476 0
C 46 3981 2864 5728 166449952 651461 0.487 0
C 47 3981 2857 5714 166043126 650159 0.500 0
C 48 3982 2856 5712 165985008 648510 0.478 0
C 49 3981 2860 5720 166217480 648130 0.512 0
C 50 3981 2855 5710 165926890 647053 0.478 0
C 51 3982 2831 5662 164532058 643811 0.468 0
C 52 3981 2841 5682 165113238 644279 0.466 0
C 53 3981 2887 5774 167786666 654778 0.476 0
C 54 3982 2891 5782 168019138 655748 0.484 0
C 56 3981 2865 5730 166508070 650549 0.451 0
C 55 3981 2859 5718 166159362 647958 0.464 0
C 57 3982 2844 5688 165287592 646617 0.472 0
C 58 3981 2869 5738 166740542 650755 0.471 0
C 59 3981 2865 5730 166508070 649863 0.480 0
C 61 3981 2887 5774 167786666 653942 0.444 0
C 60 3982 2879 5758 167321722 653805 0.478 0
C 62 3981 2843 5686 165229474 644487 0.446 0
C 63 3981 2847 5694 165461946 646964 0.450 0
C 64 3982 2873 5746 166973014 653469 0.479 0
C 65 3981 2845 5690 165345710 647578 0.433 0
C 66 3981 2880 5760 167379840 654785 0.455 0
C 67 3982 2853 5706 165810654 648398 0.458 0
C 68 3981 2842 5684 165171356 645229 0.449 0
C 69 3981 2864 5728 166449952 649397 0.497 0
C 70 3982 2865 5730 166508070 649447 0.452 0
C 71 3981 2864 5728 166449952 650355 0.462 0
C 73 3982 2838 5676 164938884 644219 0.486 0
C 72 3981 2817 5634 163718406 639339 0.503 0
C 74 3981 2903 5806 168716554 659842 0.501 0
C 75 3981 2863 5726 166391834 649631 0.491 0
C 76 3982 2845 5690 165345710 645072 0.463 0
C 77 3981 2817 5634 163718406 639925 0.455 0
C 78 3981 2838 5676 164938884 642275 0.487 0
C 80 3982 2882 5764 167496076 653082 0.444 0
C 81 3981 2866 5732 166566188 650313 0.469 0
C 79 3981 2867 5734 166624306 650248 0.512 0
C 82 3981 2844 5688 165287592 646735 0.489 0
C 83 3982 2840 5680 165055120 644701 0.493 0
C 84 3981 2870 5740 166798660 651410 0.478 0
C 85 3981 2859 5718 166159362 647855 0.482 0
C 86 3982 2860 5720 166217480 650183 0.482 0
C 87 3981 2860 5720 166217480 649176 0.493 0
C 88 3981 2868 5736 166682424 649814 0.473 0
C 89 3982 2863 5726 166391834 649537 0.535 0
C 90 3981 2880 5760 167379840 654766 0.525 0
C 91 3981 2856 5712 165985008 649044 0.557 0
C 92 3982 2850 5700 165636300 646700 0.527 0
C 93 3981 2863 5726 166391834 650552 0.553 0
C 94 3981 2822 5644 164008996 640332 0.592 0
C 95 3981 2870 5740 166798660 651380 0.624 0
C 96 3982 2887 5774 167786666 654687 0.640 0
C 97 3981 2844 5688 165287592 645908 0.638 0
C 98 3981 2845 5690 165345710 647513 0.622 0
C 99 3982 2867 5734 166624306 650722 0.585 0
C 100 3981 2822 5644 164008996 640607 0.528 0
C 101 3981 2877 5754 167205486 652994 0.554 0
C 102 3982 2888 5776 167844784 654988 0.531 0
C 103 3981 2863 5726 166391834 649873 0.519 0
C 104 3981 2844 5688 165287592 645797 0.442 0
C 105 3982 2835 5670 164764530 642343 0.468 0
C 107 3981 2855 5710 165926890 648206 0.473 0
C 106 3981 2862 5724 166333716 649496 0.510 0
C 108 3982 2856 5712 165985008 648669 0.495 0
C 109 3981 2885 5770 167670430 653947 0.501 0
C 110 3981 2845 5690 165345710 644641 0.469 0
C 111 3981 2873 5746 166973014 651992 0.492 0
C 112 3982 2875 5750 167089250 652489 0.486 0
C 113 3981 2847 5694 165461946 647888 0.493 0
C 114 3981 2841 5682 165113238 644369 0.451 0
C 115 3982 2869 5738 166740542 651135 0.471 0
C 116 3981 2892 5784 168077256 656626 0.466 0
C 118 3982 2896 5792 168309728 658147 0.456 0
C 117 3981 2896 5792 168309728 656848 0.476 0
C 119 3981 2832 5664 164590176 642629 0.443 0
C 120 3981 2851 5702 165694418 647612 0.453 0
C 121 3982 2859 5718 166159362 648358 0.457 0
C 122 3981 2859 5718 166159362 646435 0.454 0
C 123 3981 2843 5686 165229474 644681 0.458 0
C 124 3982 2827 5654 164299586 642635 0.444 0
C 125 3981 2812 5624 163427816 638126 0.417 0
C 126 3981 2848 5696 165520064 647803 0.459 0
C 127 3981 2816 5632 163660288 639707 0.455 0
C 128 3982 2854 5708 165868772 648955 0.482 0
C 129 3981 2871 5742 166856778 650752 0.462 0
C 130 3981 2849 5698 165578182 646360 0.449 0
C 131 3982 2832 5664 164590176 643148 0.456 0
C 132 3981 2859 5718 166159362 647942 0.455 0
C 133 3981 2878 5756 167263604 651318 0.484 0
C 134 3982 2832 5664 164590176 642421 0.445 0
C 135 3981 2863 5726 166391834 649930 0.464 0
C 136 3981 2843 5686 165229474 645903 0.473 0
C 137 3982 2880 5760 167379840 655532 0.481 0
C 138 3981 2886 5772 167728548 653414 0.567 0
C 139 3981 2862 5724 166333716 649385 0.533 0
C 140 3981 2878 5756 167263604 653513 0.536 0
C 141 3982 2879 5758 167321722 654682 0.522 0
C 142 3981 2859 5718 166159362 648357 0.561 0
C 143 3981 2823 5646 164067114 641452 0.541 0
C 144 3982 2833 5666 164648294 643163 0.504 0
C 145 3981 2868 5736 166682424 651227 0.487 0
C 146 3981 2839 5678 164997002 644944 0.452 0
C 147 3982 2827 5654 164299586 641943 0.459 0
C 148 3981 2854 5708 165868772 647587 0.468 0
C 149 3981 2896 5792 168309728 657036 0.458 0
C 150 3982 2824 5648 164125232 641081 0.434 0
C 151 3981 2888 5776 167844784 655179 0.467 0
C 152 3981 2858 5716 166101244 649357 0.471 0
C 153 3982 2864 5728 166449952 649983 0.486 0
C 154 3981 2846 5692 165403828 645716 0.460 0
C 155 3981 2905 5810 168832790 659387 0.478 0
C 156 3981 2826 5652 164241468 642148 0.468 0
C 157 3982 2881 5762 167437958 654061 0.469 0
C 158 3981 2878 5756 167263604 653643 0.471 0
C 159 3981 2852 5704 165752536 648617 0.460 0
C 160 3982 2873 5746 166973014 652253 0.458 0
C 161 3981 2838 5676 164938884 645513 0.477 0
C 162 3981 2831 5662 164532058 641947 0.474 0
C 163 3982 2864 5728 166449952 650948 0.491 0
C 164 3981 2876 5752 167147368 653417 0.488 0
C 165 3981 2847 5694 165461946 646399 0.487 0
C 166 3982 2849 5698 165578182 646867 0.464 0
C 167 3981 2832 5664 164590176 643452 0.490 0
C 168 3981 2871 5742 166856778 650662 0.482 0
C 169 3982 2871 5742 166856778 652312 0.466 1 12745356312259
C 170 3981 2878 5756 167263604 653212 0.476 0
C 171 3981 2863 5726 166391834 651231 0.475 0
C 172 3981 2877 5754 167205486 653206 0.474 0
C 173 3982 2858 5716 166101244 649722 0.467 0
C 174 3981 2852 5704 165752536 646443 0.465 0
C 175 3981 2865 5730 166508070 650788 0.448 0
C 176 3982 2885 5770 167670430 655615 0.464 0
C 177 3981 2859 5718 166159362 648259 0.473 0
C 178 3981 2900 5800 168542200 659134 0.493 0
C 179 3982 2889 5778 167902902 656187 0.482 0
C 180 3981 2867 5734 166624306 651734 0.471 0
C 181 3981 2860 5720 166217480 648933 0.478 0
C 182 3982 2880 5760 167379840 654991 0.483 0
C 183 3981 2822 5644 164008996 640005 0.486 0
C 184 3981 2812 5624 163427816 638343 0.468 0
C 185 3982 2862 5724 166333716 649182 0.456 0
C 186 3981 2871 5742 166856778 652239 0.468 0
C 187 3981 2831 5662 164532058 643312 0.491 0
C 188 3981 2829 5658 164415822 641984 0.473 0
C 189 3982 2849 5698 165578182 647627 0.469 0
C 190 3981 2811 5622 163369698 637039 0.466 0
C 191 3981 2883 5766 167554194 654804 0.515 0
C 192 3982 2864 5728 166449952 648817 0.489 0
C 194 3981 2885 5770 167670430 655542 0.479 0
C 195 3982 2876 5752 167147368 653270 0.486 0
C 193 3981 2849 5698 165578182 648331 0.510 0
C 196 3981 2851 5702 165694418 647444 0.493 0
C 197 3981 2855 5710 165926890 648146 0.473 0
C 199 3981 2868 5736 166682424 651102 0.460 0
C 198 3982 2861 5722 166275598 649349 0.469 0
C 200 3981 2856 5712 165985008 649125 0.479 0
C 201 3982 2881 5762 167437958 654662 0.482 0
C 202 3981 2820 5640 163892760 639930 0.476 0
C 203 3981 2861 5722 166275598 649554 0.475 0
C 204 3981 2834 5668 164706412 643425 0.479 0
C 205 3982 2858 5716 166101244 648969 0.506 0
C 206 3981 2884 5768 167612312 653583 0.489 0
C 207 3981 2857 5714 166043126 649200 0.473 0
C 208 3982 2853 5706 165810654 648228 0.449 0
C 209 3981 2839 5678 164997002 644264 0.470 0
C 210 3981 2855 5710 165926890 646792 0.460 0
C 211 3982 2839 5678 164997002 645384 0.458 0
C 212 3981 2864 5728 166449952 650060 0.469 0
C 213 3981 2842 5684 165171356 645623 0.459 0
C 214 3982 2890 5780 167961020 656590 0.469 0
C 215 3981 2850 5700 165636300 646536 0.490 0
C 216 3981 2885 5770 167670430 655936 0.466 0
C 217 3982 2812 5624 163427816 638229 0.470 0
C 218 3981 2862 5724 166333716 650123 0.453 0
C 219 3981 2875 5750 167089250 652430 0.489 0
C 220 3981 2915 5830 169413970 661918 0.484 0
C 221 3982 2886 5772 167728548 655766 0.475 0
C 222 3981 2868 5736 166682424 650845 0.485 0
C 223 3981 2851 5702 165694418 647803 0.456 0
C 224 3982 2862 5724 166333716 649427 0.435 0
C 225 3981 2874 5748 167031132 652783 0.474 0
C 226 3981 2862 5724 166333716 650375 0.463 0
C 227 3982 2878 5756 167263604 654110 0.464 0
C 228 3981 2858 5716 166101244 648342 0.458 0
C 229 3981 2871 5742 166856778 651459 0.456 0
C 230 3982 2847 5694 165461946 644074 0.480 0
C 231 3981 2852 5704 165752536 647940 0.480 0
C 232 3981 2889 5778 167902902 656903 0.468 0
C 233 3982 2834 5668 164706412 643147 0.444 0
C 234 3981 2839 5678 164997002 644945 0.460 0
C 235 3981 2857 5714 166043126 648652 0.462 0
C 236 3981 2892 5784 168077256 655175 0.456 0
C 237 3982 2890 5780 167961020 654916 0.461 0
C 238 3981 2867 5734 166624306 649028 0.482 0
C 239 3981 2821 5642 163950878 640689 0.444 0
C 240 3982 2826 5652 164241468 641387 0.494 0
C 241 3981 2896 5792 168309728 657461 0.464 0
C 242 3981 2853 5706 165810654 647288 0.479 0
C 243 3982 2844 5688 165287592 645163 0.471 0
C 244 3981 2824 5648 164125232 640485 0.452 0
C 245 3981 2853 5706 165810654 647443 0.484 0
C 246 3982 2844 5688 165287592 644820 0.490 0
C 247 3981 2875 5750 167089250 653001 0.443 0
C 249 3982 2819 5638 163834642 640694 0.447 0
C 248 3981 2868 5736 166682424 650685 0.459 0
C 250 3981 2849 5698 165578182 647042 0.498 0
C 251 3981 2876 5752 167147368 651962 0.489 0
C 252 3981 2868 5736 166682424 652482 0.487 0
C 253 3982 2843 5686 165229474 644976 0.477 0
C 254 3981 2874 5748 167031132 652349 0.488 0
C 255 3981 2861 5722 166275598 648952 0.512 0
C 256 3982 2865 5730 166508070 650302 0.470 0
C 257 3981 2852 5704 165752536 648286 0.486 0
C 258 3981 2842 5684 165171356 646050 0.481 0
C 259 3982 2868 5736 166682424 652024 0.472 0
C 260 3981 2878 5756 167263604 652827 0.537 0
C 261 3981 2860 5720 166217480 649152 0.499 0
C 262 3982 2894 5788 168193492 656739 0.501 0
C 264 3981 2858 5716 166101244 649647 0.504 0
C 263 3981 2873 5746 166973014 651834 0.529 0
C 265 3981 2879 5758 167321722 652527 0.556 0
C 266 3982 2850 5700 165636300 648789 0.544 0
C 267 3981 2838 5676 164938884 643896 0.580 0
C 269 3982 2852 5704 165752536 646960 0.526 0
C 268 3981 2863 5726 166391834 648967 0.545 0
C 271 3981 2831 5662 164532058 642630 0.566 0
C 270 3981 2897 5794 168367846 657642 0.600 0
C 274 3981 2877 5754 167205486 652876 0.531 0
C 273 3981 2869 5738 166740542 651290 0.558 0
C 272 3982 2859 5718 166159362 648924 0.597 0
C 275 3982 2810 5620 163311580 638327 0.513 0
C 276 3981 2868 5736 166682424 650598 0.532 0
C 277 3981 2862 5724 166333716 650413 0.519 0
C 278 3982 2852 5704 165752536 646872 0.517 0
C 279 3981 2868 5736 166682424 650166 0.514 0
C 280 3981 2855 5710 165926890 647731 0.490 0
C 281 3981 2844 5688 165287592 645471 0.491 0
C 282 3982 2872 5744 166914896 652821 0.479 0
C 283 3981 2870 5740 166798660 651060 0.497 0
C 284 3981 2897 5794 168367846 657722 0.512 0
C 285 3982 2838 5676 164938884 643408 0.490 0
C 286 3981 2838 5676 164938884 645785 0.511 0
C 287 3981 2874 5748 167031132 651777 0.507 0
C 288 3982 2896 5792 168309728 656783 0.494 0
C 289 3981 2859 5718 166159362 650219 0.505 0
C 290 3981 2850 5700 165636300 648694 0.519 0
C 291 3982 2788 5576 162032984 633759 0.497 0
C 292 3981 2798 5596 162614164 634650 0.468 0
C 294 3982 2863 5726 166391834 649457 0.478 0
C 293 3981 2868 5736 166682424 651604 0.530 0
C 295 3981 2844 5688 165287592 645961 0.489 0
C 297 3981 2852 5704 165752536 646867 0.478 1 9970741307144
C 296 3981 2861 5722 166275598 650057 0.537 0
C 298 3982 2825 5650 164183350 641250 0.492 0
C 299 3981 2847 5694 165461946 645974 0.494 0
C 300 3981 2855 5710 165926890 648212 0.539 0
C 301 3982 2854 5708 165868772 647684 0.530 0
C 302 3981 2870 5740 166798660 649721 0.572 0
C 303 3981 2896 5792 168309728 657073 0.531 0
C 304 3982 2890 5780 167961020 655009 0.551 0
C 305 3981 2860 5720 166217480 649273 0.512 0
C 306 3981 2872 5744 166914896 653166 0.534 0
C 308 3981 2845 5690 165345710 647073 0.510 0
C 307 3982 2879 5758 167321722 652595 0.563 0
C 309 3981 2840 5680 165055120 644880 0.516 0
C 310 3982 2868 5736 166682424 650335 0.520 0
C 311 3981 2867 5734 166624306 651280 0.519 0
C 312 3981 2840 5680 165055120 644455 0.485 0
C 314 3982 2854 5708 165868772 647158 0.493 0
C 313 3981 2839 5678 164997002 644149 0.533 0
C 315 3981 2864 5728 166449952 648911 0.548 0
C 316 3981 2854 5708 165868772 649142 0.511 0
C 317 3982 2846 5692 165403828 647314 0.516 0
C 318 3981 2842 5684 165171356 644506 0.505 0
C 319 3981 2877 5754 167205486 654148 0.541 0
C 320 3982 2850 5700 165636300 646203 0.521 0
C 321 3981 2846 5692 165403828 646920 0.509 0
C 322 3981 2855 5710 165926890 648272 0.545 0
C 323 3982 2821 5642 163950878 638997 0.507 0
C 324 3981 2912 5824 169239616 662051 0.554 0
C 326 3982 2871 5742 166856778 651122 0.480 0
C 325 3981 2904 5808 168774672 657607 0.531 0
C 328 3981 2859 5718 166159362 649105 0.512 0
C 327 3981 2840 5680 165055120 644454 0.538 0
C 329 3981 2849 5698 165578182 646025 0.573 0
C 330 3982 2887 5774 167786666 655196 0.509 0
C 331 3981 2878 5756 167263604 653287 0.523 0
C 332 3981 2842 5684 165171356 645023 0.507 0
C 333 3982 2848 5696 165520064 645968 0.523 0
C 334 3981 2827 5654 164299586 641446 0.537 0
C 335 3981 2864 5728 166449952 650373 0.508 0
C 336 3982 2838 5676 164938884 644382 0.494 0
C 337 3981 2893 5786 168135374 656736 0.504 0
C 338 3981 2854 5708 165868772 647419 0.513 0
C 339 3982 2900 5800 168542200 658541 0.540 0
C 340 3981 2869 5738 166740542 650411 0.517 0
C 341 3981 2848 5696 165520064 646159 0.496 0
C 342 3982 2852 5704 165752536 647902 0.475 0
C 343 3981 2886 5772 167728548 653564 0.499 0
C 344 3981 2863 5726 166391834 649022 0.519 0
C 345 3981 2866 5732 166566188 651926 0.488 0
C 346 3982 2872 5744 166914896 652075 0.504 0
C 347 3981 2847 5694 165461946 645979 0.489 0
C 348 3981 2839 5678 164997002 644331 0.506 0
C 349 3982 2857 5714 166043126 647979 0.503 0
C 350 3981 2831 5662 164532058 643091 0.496 0
C 351 3981 2873 5746 166973014 652299 0.523 0
C 352 3982 2866 5732 166566188 650715 0.497 0
C 353 3981 2868 5736 166682424 651193 0.512 0
C 354 3981 2846 5692 165403828 645165 0.521 0
C 355 3982 2836 5672 164822648 643516 0.495 0
C 357 3981 2871 5742 166856778 651354 0.496 0
C 356 3981 2841 5682 165113238 644120 0.526 0
C 358 3982 2860 5720 166217480 649413 0.514 0
C 359 3981 2865 5730 166508070 650810 0.538 0
C 360 3981 2847 5694 165461946 646101 0.484 0
C 361 3981 2851 5702 165694418 647941 0.510 0
C 362 3982 2864 5728 166449952 649852 0.504 0
C 363 3981 2846 5692 165403828 647201 0.519 0
C 364 3981 2811 5622 163369698 638438 0.526 0
C 365 3982 2850 5700 165636300 646839 0.509 0
C 366 3981 2884 5768 167612312 654777 0.476 0
C 367 3981 2875 5750 167089250 651528 0.506 0
C 368 3982 2853 5706 165810654 648935 0.506 0
C 369 3981 2828 5656 164357704 642815 0.515 0
C 370 3981 2884 5768 167612312 655487 0.486 0
C 371 3982 2859 5718 166159362 649343 0.533 0
C 372 3981 2858 5716 166101244 649616 0.510 0
C 373 3981 2869 5738 166740542 651373 0.511 0
C 375 3981 2838 5676 164938884 642536 0.515 0
C 374 3982 2833 5666 164648294 643517 0.526 0
C 376 3981 2871 5742 166856778 653052 0.499 0
C 377 3981 2860 5720 166217480 649403 0.497 0
C 378 3982 2844 5688 165287592 646026 0.511 0
C 379 3981 2878 5756 167263604 653570 0.470 0
C 380 3981 2874 5748 167031132 653603 0.501 0
C 381 3982 2845 5690 165345710 645722 0.465 0
C 382 3981 2850 5700 165636300 647055 0.479 0
C 383 3981 2873 5746 166973014 653275 0.460 0
C 384 3982 2849 5698 165578182 648739 0.461 0
C 385 3981 2836 5672 164822648 644796 0.472 0
C 386 3981 2866 5732 166566188 650172 0.466 0
C 387 3982 2887 5774 167786666 655905 0.474 0
C 388 3981 2881 5762 167437958 655219 0.471 0
C 389 3981 2840 5680 165055120 644043 0.499 0
C 390 3981 2852 5704 165752536 647524 0.516 0
C 391 3982 2862 5724 166333716 649385 0.499 0
C 392 3981 2831 5662 164532058 643346 0.477 0
C 393 3981 2865 5730 166508070 650769 0.501 0
C 394 3982 2854 5708 165868772 647013 0.478 0
C 396 3981 2802 5604 162846636 637463 0.479 0
C 395 3981 2878 5756 167263604 653865 0.509 0
C 397 3982 2838 5676 164938884 645524 0.490 0
C 398 3981 2875 5750 167089250 651669 0.486 0
C 399 3981 2875 5750 167089250 652192 0.489 0
C 400 3982 2844 5688 165287592 645654 0.459 0
C 401 3981 2860 5720 166217480 650078 0.480 0
C 402 3981 2857 5714 166043126 648603 0.470 0
C 403 3982 2893 5786 168135374 656705 0.470 0
C 404 3981 2894 5788 168193492 656899 0.478 0
C 405 3981 2850 5700 165636300 647151 0.445 0
C 406 3981 2805 5610 163020990 635536 0.464 0
C 407 3982 2861 5722 166275598 649231 0.473 0
C 408 3981 2886 5772 167728548 655955 0.476 0
C 409 3981 2851 5702 165694418 647019 0.455 0
C 410 3982 2872 5744 166914896 650464 0.452 0
C 412 3981 2828 5656 164357704 642503 0.460 0
C 411 3981 2804 5608 162962872 636680 0.481 0
C 413 3982 2879 5758 167321722 655719 0.478 0
C 414 3981 2880 5760 167379840 653842 0.462 0
C 415 3981 2871 5742 166856778 651081 0.478 0
C 416 3982 2814 5628 163544052 638995 0.446 0
C 417 3981 2844 5688 165287592 646608 0.476 0
C 418 3981 2871 5742 166856778 652295 0.453 0
C 419 3982 2869 5738 166740542 652310 0.451 0
C 420 3981 2872 5744 166914896 652493 0.457 0
C 421 3981 2854 5708 165868772 648002 0.466 0
C 422 3981 2854 5708 165868772 647850 0.474 0
C 423 3982 2853 5706 165810654 645946 0.466 0
C 424 3981 2840 5680 165055120 645658 0.448 0
C 425 3981 2883 5766 167554194 653779 0.474 0
C 426 3982 2904 5808 168774672 660088 0.489 0
C 427 3981 2863 5726 166391834 649909 0.470 0
C 428 3981 2847 5694 165461946 646556 0.481 0
C 429 3982 2885 5770 167670430 654891 0.500 0
C 430 3981 2869 5738 166740542 650545 0.486 0
C 431 3981 2849 5698 165578182 647093 0.520 0
C 432 3982 2864 5728 166449952 651535 0.529 0
C 433 3981 2823 5646 164067114 641317 0.514 0
C 434 3981 2860 5720 166217480 650200 0.525 0
C 435 3982 2881 5762 167437958 653617 0.528 0
C 436 3981 2860 5720 166217480 648043 0.511 0
C 437 3981 2851 5702 165694418 647380 0.553 0
C 438 3981 2839 5678 164997002 644611 0.497 0
C 439 3982 2857 5714 166043126 647909 0.533 0
C 440 3981 2846 5692 165403828 647305 0.510 0
C 441 3981 2857 5714 166043126 648030 0.500 0
C 442 3982 2845 5690 165345710 646552 0.546 0
C 443 3981 2851 5702 165694418 646077 0.519 0
C 444 3981 2873 5746 166973014 652267 0.514 0
C 445 3982 2859 5718 166159362 649275 0.515 0
C 446 3981 2861 5722 166275598 647311 0.525 0
C 448 3982 2848 5696 165520064 647660 0.520 0
C 447 3981 2881 5762 167437958 653227 0.554 0
C 449 3981 2888 5776 167844784 655828 0.522 0
C 450 3981 2887 5774 167786666 656158 0.527 0
C 451 3982 2882 5764 167496076 655263 0.533 0
C 452 3981 2833 5666 164648294 642905 0.528 0
C 453 3981 2840 5680 165055120 644165 0.524 0
C 454 3981 2854 5708 165868772 647812 0.505 0
C 455 3982 2870 5740 166798660 651074 0.525 0
C 456 3981 2841 5682 165113238 643120 0.531 0
C 457 3981 2847 5694 165461946 647140 0.530 0
C 458 3982 2826 5652 164241468 641888 0.546 0
C 459 3981 2845 5690 165345710 646858 0.512 0
C 460 3981 2857 5714 166043126 649593 0.512 0
C 461 3982 2841 5682 165113238 644755 0.528 0
C 462 3981 2869 5738 166740542 651837 0.539 0
C 463 3981 2863 5726 166391834 649825 0.542 0
C 464 3982 2828 5656 164357704 641187 0.514 0
C 465 3981 2839 5678 164997002 643106 0.510 0
C 466 3981 2840 5680 165055120 645403 0.511 0
C 467 3982 2834 5668 164706412 643075 0.517 0
C 468 3981 2856 5712 165985008 648717 0.538 0
C 469 3981 2878 5756 167263604 652679 0.506 0
C 470 3981 2875 5750 167089250 653854 0.526 0
C 471 3982 2879 5758 167321722 654759 0.532 0
C 472 3981 2890 5780 167961020 656624 0.559 0
C 473 3981 2849 5698 165578182 644283 0.533 0
C 474 3982 2870 5740 166798660 652002 0.507 0
C 475 3981 2874 5748 167031132 653851 0.533 0
C 476 3981 2855 5710 165926890 647368 0.527 0
C 477 3982 2904 5808 168774672 657503 0.566 0
C 478 3981 2812 5624 163427816 639531 0.574 0
C 479 3981 2875 5750 167089250 651164 0.576 0
C 480 3982 2827 5654 164299586 641849 0.556 0
C 481 3981 2872 5744 166914896 651269 0.550 0
C 482 3981 2891 5782 168019138 655824 0.584 0
C 483 3982 2842 5684 165171356 645959 0.572 0
C 484 3981 2864 5728 166449952 649348 0.567 0
C 485 3981 2844 5688 165287592 645537 0.546 0
C 486 3981 2867 5734 166624306 651875 0.570 0
C 487 3982 2850 5700 165636300 647932 0.557 0
C 488 3981 2854 5708 165868772 647380 0.556 0
C 489 3981 2853 5706 165810654 647267 0.530 0
C 490 3982 2827 5654 164299586 640577 0.515 0
C 491 3981 2893 5786 168135374 657777 0.550 0
C 492 3981 2855 5710 165926890 647968 0.535 0
C 493 3982 2851 5702 165694418 645545 0.544 0
C 494 3981 2837 5674 164880766 644931 0.524 0
C 495 3981 2856 5712 165985008 647280 0.538 0
C 496 3982 2881 5762 167437958 655251 0.540 0
C 497 3981 2879 5758 167321722 655214 0.559 0
C 498 3981 2885 5770 167670430 655866 0.575 0
C 499 3982 2830 5660 164473940 642967 0.519 0
C 500 3981 2827 5654 164299586 640984 0.524 0
C 501 3981 2857 5714 166043126 648656 0.529 0
C 502 3981 2852 5704 165752536 646282 0.522 0
C 503 3982 2871 5742 166856778 651628 0.559 0
C 504 3981 2858 5716 166101244 648999 0.557 0
C 505 3981 2859 5718 166159362 651116 0.519 0
C 506 3982 2884 5768 167612312 655396 0.559 0
C 507 3981 2864 5728 166449952 649557 0.531 0
C 508 3981 2895 5790 168251610 656516 0.541 0
C 509 3982 2846 5692 165403828 647207 0.535 0
C 510 3981 2862 5724 166333716 649228 0.542 0
C 511 3981 2853 5706 165810654 648001 0.524 0
C 512 3982 2889 5778 167902902 656729 0.530 0
C 514 3981 2844 5688 165287592 644427 0.529 0
C 513 3981 2853 5706 165810654 648041 0.555 0
C 515 3981 2861 5722 166275598 650544 0.523 0
C 516 3982 2858 5716 166101244 648645 0.527 0
C 517 3981 2831 5662 164532058 642764 0.533 0
C 518 3981 2851 5702 165694418 646981 0.535 0
C 520 3981 2870 5740 166798660 651485 0.524 0
C 519 3982 2838 5676 164938884 643987 0.563 0
C 521 3981 2830 5660 164473940 642762 0.540 0
C 522 3982 2835 5670 164764530 644204 0.532 0
C 523 3981 2848 5696 165520064 648032 0.518 0
C 524 3981 2874 5748 167031132 653019 0.536 0
C 525 3982 2875 5750 167089250 652846 0.556 0
C 526 3981 2887 5774 167786666 654508 0.536 0
C 527 3981 2874 5748 167031132 653314 0.520 0
C 528 3982 2849 5698 165578182 647116 0.518 0
C 529 3981 2864 5728 166449952 650855 0.509 0
C 530 3981 2894 5788 168193492 656620 0.558 0
C 531 3981 2828 5656 164357704 642363 0.523 0
C 532 3982 2836 5672 164822648 644131 0.531 0
C 533 3981 2870 5740 166798660 650338 0.525 0
C 534 3981 2876 5752 167147368 651511 0.527 0
C 535 3982 2854 5708 165868772 646710 0.548 0
C 536 3981 2867 5734 166624306 651829 0.526 0
C 537 3981 2867 5734 166624306 651745 0.528 0
C 538 3982 2855 5710 165926890 646655 0.527 0
C 539 3981 2855 5710 165926890 648682 0.515 0
C 540 3981 2864 5728 166449952 650892 0.548 0
C 541 3982 2839 5678 164997002 644525 0.535 0
C 542 3981 2844 5688 165287592 646277 0.537 0
C 543 3981 2866 5732 166566188 651849 0.528 0
C 544 3982 2863 5726 166391834 649383 0.519 0
C 545 3981 2859 5718 166159362 649830 0.539 0
C 546 3981 2861 5722 166275598 649607 0.554 0
C 547 3981 2854 5708 165868772 649159 0.542 0
C 548 3982 2851 5702 165694418 646895 0.515 0
C 549 3981 2877 5754 167205486 653358 0.534 0
C 550 3981 2877 5754 167205486 651986 0.549 0
C 551 3982 2839 5678 164997002 643683 0.552 0
C 552 3981 2866 5732 166566188 650987 0.574 0
C 553 3981 2875 5750 167089250 652319 0.552 0
C 554 3982 2904 5808 168774672 659344 0.578 0
C 555 3981 2878 5756 167263604 653152 0.579 0
C 556 3981 2876 5752 167147368 654639 0.567 0
C 557 3982 2869 5738 166740542 651832 0.555 0
C 558 3981 2861 5722 166275598 649174 0.550 0
C 559 3981 2869 5738 166740542 650260 0.533 0
C 560 3982 2881 5762 167437958 653581 0.564 0
C 561 3981 2875 5750 167089250 652448 0.531 0
C 563 3981 2832 5664 164590176 643361 0.526 0
C 562 3981 2869 5738 166740542 651566 0.536 0
C 564 3982 2874 5748 167031132 651538 0.538 0
C 565 3981 2857 5714 166043126 649136 0.551 0
C 566 3981 2917 5834 169530206 661142 0.553 0
C 567 3982 2852 5704 165752536 649108 0.525 0
C 568 3981 2868 5736 166682424 651345 0.539 0
C 569 3981 2873 5746 166973014 653516 0.526 0
C 570 3982 2856 5712 165985008 648161 0.556 0
C 571 3981 2825 5650 164183350 641511 0.524 0
C 572 3981 2814 5628 163544052 639212 0.494 0
C 573 3982 2850 5700 165636300 647711 0.544 0
C 574 3981 2887 5774 167786666 655243 0.541 0
C 576 3982 2852 5704 165752536 646914 0.522 0
C 575 3981 2890 5780 167961020 655267 0.553 0
C 577 3981 2842 5684 165171356 644184 0.500 0
C 578 3981 2847 5694 165461946 644877 0.513 0
C 579 3981 2842 5684 165171356 645422 0.521 0
C 580 3982 2882 5764 167496076 654666 0.529 0
C 581 3981 2861 5722 166275598 650490 0.550 0
C 582 3981 2843 5686 165229474 646281 0.523 0
C 583 3982 2834 5668 164706412 642819 0.545 0
C 584 3981 2847 5694 165461946 646511 0.527 0
C 585 3981 2877 5754 167205486 652744 0.548 0
C 586 3982 2824 5648 164125232 641602 0.545 0
C 587 3981 2853 5706 165810654 648228 0.562 0
C 588 3981 2857 5714 166043126 648785 0.554 0
C 589 3982 2873 5746 166973014 652666 0.554 0
C 590 3981 2860 5720 166217480 649032 0.549 0
C 591 3981 2858 5716 166101244 649052 0.556 0
C 592 3982 2856 5712 165985008 647886 0.561 0
C 593 3981 2884 5768 167612312 655432 0.549 0
C 594 3981 2863 5726 166391834 650909 0.537 0
C 595 3981 2888 5776 167844784 656457 0.531 0
C 596 3982 2874 5748 167031132 653410 0.556 0
C 597 3981 2861 5722 166275598 648552 0.530 0
C 598 3981 2868 5736 166682424 651508 0.525 0
C 599 3982 2867 5734 166624306 649558 0.522 0
C 600 3981 2842 5684 165171356 646048 0.536 0
C 601 3981 2856 5712 165985008 648750 0.543 0
C 602 3982 2886 5772 167728548 653960 0.531 0
C 603 3981 2855 5710 165926890 648876 0.521 0
C 604 3981 2838 5676 164938884 643459 0.525 0
C 605 3982 2862 5724 166333716 648471 0.527 0
C 606 3981 2871 5742 166856778 651806 0.553 0
C 607 3981 2868 5736 166682424 651188 0.531 0
C 609 3981 2872 5744 166914896 651744 0.513 0
C 608 3982 2843 5686 165229474 644977 0.547 0
C 610 3981 2856 5712 165985008 648840 0.519 0
C 611 3981 2870 5740 166798660 651974 0.520 0
C 612 3982 2843 5686 165229474 646205 0.487 0
C 613 3981 2846 5692 165403828 646587 0.491 0
C 614 3981 2814 5628 163544052 639442 0.478 0
C 615 3982 2872 5744 166914896 651798 0.502 0
C 617 3981 2921 5842 169762678 663071 0.495 0
C 616 3981 2887 5774 167786666 655003 0.522 0
C 619 3981 2832 5664 164590176 642646 0.479 0
C 618 3982 2858 5716 166101244 648300 0.491 0
C 620 3981 2854 5708 165868772 647231 0.517 0
C 621 3982 2869 5738 166740542 652689 0.492 0
C 622 3981 2851 5702 165694418 647322 0.502 0
C 624 3982 2834 5668 164706412 643283 0.487 0
C 623 3981 2830 5660 164473940 642689 0.502 0
C 625 3981 2815 5630 163602170 639131 0.490 0
C 626 3981 2848 5696 165520064 646798 0.493 0
C 628 3982 2847 5694 165461946 647331 0.473 0
C 627 3981 2841 5682 165113238 644873 0.532 0
C 629 3981 2868 5736 166682424 651220 0.496 0
C 630 3981 2858 5716 166101244 648492 0.486 0
C 632 3981 2862 5724 166333716 649724 0.469 0
C 631 3982 2831 5662 164532058 643307 0.520 0
C 634 3982 2850 5700 165636300 646443 0.520 0
C 633 3981 2858 5716 166101244 650678 0.543 0
C 635 3981 2861 5722 166275598 650030 0.493 0
C 636 3981 2865 5730 166508070 651075 0.522 0
C 637 3982 2882 5764 167496076 655233 0.523 0
C 638 3981 2858 5716 166101244 647856 0.525 0
C 639 3981 2857 5714 166043126 650280 0.547 0
C 640 3981 2854 5708 165868772 647810 0.531 0
C 641 3982 2862 5724 166333716 650526 0.498 0
C 642 3981 2851 5702 165694418 647167 0.493 0
C 643 3981 2849 5698 165578182 647312 0.521 0
C 644 3982 2860 5720 166217480 649724 0.517 0
C 645 3981 2865 5730 166508070 649643 0.497 0
C 647 3982 2848 5696 165520064 646773 0.497 0
C 646 3981 2843 5686 165229474 645853 0.515 0
C 648 3981 2873 5746 166973014 652833 0.515 0
C 649 3981 2881 5762 167437958 654123 0.539 0
C 650 3982 2823 5646 164067114 640304 0.518 0
C 651 3981 2872 5744 166914896 651475 0.518 0
C 652 3981 2865 5730 166508070 649743 0.533 0
C 653 3982 2864 5728 166449952 649988 0.539 0
C 654 3981 2852 5704 165752536 646730 0.544 0
C 655 3981 2895 5790 168251610 657051 0.527 0
C 657 3982 2878 5756 167263604 653451 0.499 0
C 656 3981 2858 5716 166101244 649159 0.522 0
C 658 3981 2883 5766 167554194 654395 0.517 0
C 659 3981 2878 5756 167263604 653814 0.533 0
C 660 3982 2857 5714 166043126 648410 0.514 0
C 662 3981 2862 5724 166333716 650320 0.483 0
C 661 3981 2847 5694 165461946 646131 0.502 0
C 663 3982 2855 5710 165926890 647973 0.544 0
C 664 3981 2888 5776 167844784 654041 0.558 0
C 665 3981 2867 5734 166624306 651172 0.534 0
C 666 3982 2835 5670 164764530 644121 0.549 0
C 667 3981 2831 5662 164532058 642808 0.534 0
C 668 3981 2871 5742 166856778 651862 0.536 0
C 669 3982 2899 5798 168484082 657760 0.551 0
C 670 3981 2875 5750 167089250 652374 0.532 0
C 672 3981 2864 5728 166449952 650751 0.493 0
C 671 3981 2883 5766 167554194 655253 0.509 0
C 673 3982 2874 5748 167031132 650097 0.537 0
C 674 3981 2862 5724 166333716 650666 0.545 0
C 675 3981 2853 5706 165810654 647708 0.575 0
C 676 3982 2859 5718 166159362 647238 0.562 0
C 677 3981 2831 5662 164532058 642613 0.572 0
C 678 3981 2875 5750 167089250 653040 0.610 0
C 679 3982 2915 5830 169413970 660936 0.655 0
C 680 3981 2843 5686 165229474 645344 0.603 0
C 681 3981 2884 5768 167612312 654226 0.601 0
C 682 3982 2840 5680 165055120 644616 0.608 0
C 683 3981 2814 5628 163544052 637000 0.562 0
C 684 3981 2832 5664 164590176 643865 0.532 0
C 686 3981 2842 5684 165171356 644798 0.518 0
C 685 3982 2882 5764 167496076 654934 0.552 0
C 687 3981 2836 5672 164822648 643354 0.511 0
C 688 3981 2839 5678 164997002 645767 0.531 0
C 689 3982 2860 5720 166217480 648662 0.553 0
C 690 3981 2831 5662 164532058 642355 0.524 0
C 691 3981 2877 5754 167205486 652536 0.539 0
C 692 3982 2866 5732 166566188 649814 0.520 0
C 693 3981 2849 5698 165578182 647024 0.535 0
C 694 3981 2875 5750 167089250 652664 0.566 0
C 695 3982 2877 5754 167205486 652850 0.521 0
C 697 3981 2853 5706 165810654 648198 0.534 0
C 696 3981 2866 5732 166566188 650160 0.540 0
C 698 3982 2855 5710 165926890 646155 0.507 0
C 699 3981 2892 5784 168077256 657019 0.559 0
C 700 3981 2883 5766 167554194 654769 0.531 0
C 701 3982 2904 5808 168774672 658873 0.503 0
C 702 3981 2817 5634 163718406 639258 0.523 0
C 703 3981 2848 5696 165520064 646914 0.553 0
C 704 3981 2829 5658 164415822 642262 0.570 0
C 706 3981 2900 5800 168542200 656916 0.550 0
C 707 3981 2844 5688 165287592 646337 0.527 0
C 705 3982 2844 5688 165287592 645217 0.558 0
C 708 3982 2841 5682 165113238 646269 0.521 0
C 709 3981 2840 5680 165055120 644529 0.554 0
C 712 3981 2850 5700 165636300 647508 0.509 0
C 710 3981 2867 5734 166624306 650925 0.525 0
C 711 3982 2831 5662 164532058 642586 0.529 0
C 713 3981 2859 5718 166159362 648040 0.546 0
C 715 3981 2846 5692 165403828 644918 0.526 0
C 716 3981 2863 5726 166391834 648652 0.539 0
C 717 3982 2799 5598 162672282 636213 0.543 0
C 714 3982 2868 5736 166682424 653208 0.577 0
C 718 3981 2829 5658 164415822 642327 0.523 0
C 719 3981 2872 5744 166914896 651473 0.509 0
C 720 3981 2880 5760 167379840 652609 0.524 0
C 721 3982 2879 5758 167321722 654365 0.520 0
C 722 3981 2865 5730 166508070 651210 0.561 0
C 723 3981 2870 5740 166798660 651155 0.515 0
C 724 3982 2831 5662 164532058 643319 0.508 0
C 725 3981 2877 5754 167205486 654425 0.501 0
C 726 3981 2882 5764 167496076 654797 0.532 0
C 727 3982 2856 5712 165985008 647926 0.532 0
C 728 3981 2854 5708 165868772 647585 0.512 0
C 729 3981 2856 5712 165985008 649404 0.508 0
C 730 3982 2806 5612 163079108 638421 0.487 0
C 731 3981 2858 5716 166101244 649637 0.515 0
C 732 3981 2901 5802 168600318 658326 0.543 0
C 733 3982 2840 5680 165055120 643599 0.525 0
C 734 3981 2872 5744 166914896 651580 0.510 0
C 735 3981 2857 5714 166043126 648903 0.511 0
C 736 3981 2861 5722 166275598 650487 0.529 0
C 737 3982 2868 5736 166682424 651539 0.535 0
C 738 3981 2865 5730 166508070 652110 0.535 0
C 739 3981 2826 5652 164241468 641447 0.509 0
C 740 3982 2848 5696 165520064 645692 0.530 0
C 741 3981 2901 5802 168600318 658177 0.532 0
C 742 3981 2846 5692 165403828 648146 0.550 0
C 743 3982 2839 5678 164997002 644074 0.561 0
C 744 3981 2838 5676 164938884 645298 0.539 0
C 745 3981 2834 5668 164706412 643512 0.524 0
C 746 3982 2865 5730 166508070 650402 0.543 0
C 747 3981 2866 5732 166566188 650466 0.545 0
C 748 3981 2865 5730 166508070 650106 0.542 0
C 749 3982 2841 5682 165113238 645765 0.514 0
C 750 3981 2853 5706 165810654 648189 0.514 0
C 751 3981 2888 5776 167844784 654823 0.524 0
C 752 3981 2858 5716 166101244 649109 0.543 0
C 753 3982 2864 5728 166449952 649321 0.534 0
C 754 3981 2858 5716 166101244 648359 0.525 0
C 755 3981 2858 5716 166101244 649929 0.542 0
C 756 3982 2867 5734 166624306 649619 0.545 0
C 757 3981 2867 5734 166624306 652058 0.570 0
C 758 3981 2860 5720 166217480 650695 0.527 0
C 759 3982 2859 5718 166159362 650136 0.511 0
C 760 3981 2841 5682 165113238 646427 0.522 0
C 761 3981 2822 5644 164008996 640449 0.516 0
C 762 3982 2891 5782 168019138 656828 0.541 0
C 763 3981 2905 5810 168832790 658315 0.534 0
C 764 3981 2840 5680 165055120 645105 0.501 0
C 765 3981 2884 5768 167612312 653786 0.508 0
C 766 3982 2827 5654 164299586 640835 0.514 0
C 767 3981 2845 5690 165345710 646346 0.545 0
C 768 3981 2873 5746 166973014 654381 0.547 0
C 769 3982 2867 5734 166624306 651141 0.527 0
C 770 3981 2871 5742 166856778 651760 0.514 0
C 771 3981 2815 5630 163602170 639185 0.515 0
C 772 3982 2870 5740 166798660 652787 0.550 0
C 773 3981 2853 5706 165810654 647761 0.503 0
C 774 3981 2852 5704 165752536 647796 0.521 0
C 775 3982 2860 5720 166217480 649664 0.523 0
C 776 3981 2871 5742 166856778 651554 0.519 0
C 777 3981 2854 5708 165868772 649193 0.528 0
C 778 3982 2858 5716 166101244 648531 0.523 0
C 779 3981 2857 5714 166043126 649331 0.500 0
C 780 3981 2860 5720 166217480 649178 0.504 0
C 781 3981 2862 5724 166333716 648619 0.526 0
C 782 3982 2864 5728 166449952 649653 0.526 0
C 783 3981 2900 5800 168542200 657976 0.531 0
C 784 3981 2891 5782 168019138 655954 0.524 0
C 785 3982 2848 5696 165520064 646017 0.498 0
C 786 3981 2857 5714 166043126 649390 0.520 0
C 787 3981 2848 5696 165520064 646276 0.514 0
C 788 3982 2865 5730 166508070 651227 0.521 0
C 789 3981 2854 5708 165868772 648027 0.531 0
C 790 3981 2850 5700 165636300 646293 0.525 0
C 791 3982 2811 5622 163369698 636554 0.535 0
C 792 3981 2820 5640 163892760 640985 0.534 0
C 793 3981 2863 5726 166391834 649986 0.531 0
C 794 3982 2861 5722 166275598 649512 0.485 0
C 795 3981 2869 5738 166740542 650844 0.499 0
C 796 3981 2889 5778 167902902 656158 0.527 0
C 797 3981 2827 5654 164299586 640927 0.517 0
C 798 3982 2836 5672 164822648 644711 0.507 0
C 799 3981 2864 5728 166449952 650425 0.517 0
C 800 3981 2877 5754 167205486 653202 0.510 0
C 801 3982 2852 5704 165752536 648548 0.509 0
C 803 3981 2880 5760 167379840 654995 0.510 0
C 802 3981 2853 5706 165810654 648048 0.548 0
C 804 3982 2888 5776 167844784 654722 0.503 0
C 805 3981 2875 5750 167089250 652881 0.511 0
C 806 3981 2868 5736 166682424 650408 0.515 0
C 809 3981 2833 5666 164648294 644520 0.487 0
C 807 3982 2899 5798 168484082 659924 0.538 0
C 808 3981 2867 5734 166624306 652143 0.541 0
C 810 3982 2868 5736 166682424 650848 0.511 0
C 811 3981 2844 5688 165287592 644701 0.509 0
C 812 3981 2855 5710 165926890 648343 0.509 0
C 815 3981 2847 5694 165461946 646243 0.483 0
C 814 3982 2843 5686 165229474 644930 0.518 0
C 813 3981 2849 5698 165578182 645834 0.525 0
C 816 3981 2870 5740 166798660 652236 0.513 0
C 817 3982 2870 5740 166798660 652199 0.507 0
C 818 3981 2846 5692 165403828 645795 0.517 0
C 820 3982 2849 5698 165578182 647432 0.514 0
C 819 3981 2862 5724 166333716 649260 0.539 0
C 821 3981 2867 5734 166624306 649989 0.535 0
C 822 3981 2848 5696 165520064 646943 0.485 0
C 823 3982 2826 5652 164241468 641592 0.511 0
C 824 3981 2907 5814 168949026 659415 0.533 0
C 825 3981 2863 5726 166391834 648769 0.526 0
C 826 3982 2853 5706 165810654 647556 0.523 0
C 827 3981 2828 5656 164357704 642018 0.495 0
C 828 3981 2855 5710 165926890 648506 0.505 0
C 829 3981 2864 5728 166449952 650494 0.526 0
C 830 3982 2867 5734 166624306 651552 0.561 0
C 831 3981 2872 5744 166914896 651921 0.541 0
C 832 3981 2824 5648 164125232 641347 0.492 0
C 833 3982 2862 5724 166333716 650711 0.511 0
C 834 3981 2818 5636 163776524 640128 0.508 0
C 835 3981 2872 5744 166914896 651403 0.548 0
C 836 3982 2828 5656 164357704 641031 0.526 0
C 837 3981 2887 5774 167786666 656223 0.515 0
C 838 3981 2873 5746 166973014 651969 0.523 0
C 839 3982 2915 5830 169413970 661182 0.553 0
C 840 3981 2873 5746 166973014 652771 0.559 0
C 841 3981 2849 5698 165578182 646655 0.527 0
C 842 3982 2857 5714 166043126 647535 0.508 0
C 843 3981 2873 5746 166973014 651659 0.509 0
C 844 3981 2885 5770 167670430 655479 0.538 0
C 845 3981 2868 5736 166682424 651418 0.549 0
C 846 3982 2896 5792 168309728 659462 0.530 0
C 847 3981 2875 5750 167089250 653201 0.517 0
C 848 3981 2846 5692 165403828 645914 0.511 0
C 849 3982 2848 5696 165520064 646486 0.505 0
C 850 3981 2848 5696 165520064 646038 0.562 0
C 851 3981 2859 5718 166159362 648930 0.515 0
C 852 3982 2883 5766 167554194 654284 0.509 0
C 853 3981 2867 5734 166624306 650451 0.523 0
C 854 3981 2849 5698 165578182 646626 0.514 0
C 855 3982 2808 5616 163195344 637711 0.537 0
C 856 3981 2828 5656 164357704 641806 0.510 0
C 857 3981 2863 5726 166391834 648902 0.498 0
C 858 3982 2833 5666 164648294 643419 0.501 0
C 859 3981 2894 5788 168193492 658320 0.519 0
C 861 3981 2885 5770 167670430 653582 0.519 0
C 860 3981 2848 5696 165520064 646079 0.552 0
C 862 3982 2867 5734 166624306 651951 0.522 0
C 863 3981 2843 5686 165229474 646075 0.545 0
C 864 3981 2825 5650 164183350 641079 0.525 0
C 865 3982 2846 5692 165403828 646149 0.559 0
C 866 3981 2855 5710 165926890 648200 0.569 0
C 867 3981 2864 5728 166449952 648833 0.532 0
C 868 3982 2856 5712 165985008 647674 0.538 1 12850463146172
C 869 3981 2828 5656 164357704 642061 0.529 0
C 870 3981 2861 5722 166275598 648327 0.522 0
C 872 3981 2842 5684 165171356 643939 0.516 0
C 871 3982 2848 5696 165520064 646162 0.552 0
C 873 3981 2863 5726 166391834 650398 0.533 0
C 874 3982 2835 5670 164764530 643155 0.503 0
C 875 3981 2862 5724 166333716 649873 0.514 0
C 876 3981 2848 5696 165520064 645938 0.535 0
C 877 3981 2863 5726 166391834 649480 0.542 0
C 878 3982 2853 5706 165810654 647615 0.504 0
C 879 3981 2883 5766 167554194 653341 0.554 0
C 880 3981 2864 5728 166449952 650034 0.540 0
C 881 3982 2856 5712 165985008 647978 0.542 0
C 882 3981 2842 5684 165171356 645342 0.567 0
C 883 3981 2881 5762 167437958 653588 0.532 0
C 884 3982 2838 5676 164938884 643539 0.606 0
C 885 3981 2855 5710 165926890 648585 0.581 0
C 886 3981 2883 5766 167554194 653278 0.616 0
C 887 3982 2887 5774 167786666 654413 0.612 0
C 888 3981 2874 5748 167031132 653340 0.588 0
C 889 3981 2831 5662 164532058 641856 0.571 0
C 890 3981 2857 5714 166043126 646795 0.575 0
C 891 3982 2865 5730 166508070 650639 0.555 0
C 892 3981 2848 5696 165520064 646619 0.585 0
C 893 3981 2859 5718 166159362 649385 0.568 0
C 894 3982 2859 5718 166159362 649208 0.582 0
C 895 3981 2872 5744 166914896 650577 0.583 0
C 896 3981 2832 5664 164590176 642171 0.554 0
C 897 3982 2851 5702 165694418 647900 0.566 0
C 898 3981 2859 5718 166159362 648533 0.555 0
C 899 3981 2852 5704 165752536 647202 0.555 0
C 900 3982 2834 5668 164706412 642762 0.585 0
C 901 3981 2872 5744 166914896 651249 0.551 0
C 902 3981 2847 5694 165461946 643875 0.565 0
C 903 3982 2878 5756 167263604 653660 0.552 0
C 904 3981 2866 5732 166566188 649879 0.550 0
C 905 3981 2863 5726 166391834 650081 0.525 0
C 906 3981 2832 5664 164590176 642647 0.547 0
C 908 3981 2887 5774 167786666 654391 0.547 0
C 907 3982 2865 5730 166508070 650496 0.586 0
C 909 3981 2859 5718 166159362 649111 0.548 0
C 910 3982 2846 5692 165403828 646860 0.542 0
C 911 3981 2832 5664 164590176 642954 0.540 0
C 912 3981 2837 5674 164880766 644049 0.541 0
C 913 3982 2859 5718 166159362 650332 0.580 0
C 914 3981 2874 5748 167031132 651452 0.557 0
C 915 3981 2849 5698 165578182 646575 0.540 0
C 916 3982 2823 5646 164067114 639611 0.523 0
C 917 3981 2831 5662 164532058 641530 0.556 0
C 918 3981 2856 5712 165985008 648014 0.573 0
C 919 3982 2866 5732 166566188 650947 0.544 0
C 921 3981 2873 5746 166973014 652566 0.536 0
C 920 3981 2873 5746 166973014 652044 0.569 0
C 922 3981 2846 5692 165403828 645635 0.545 0
C 923 3982 2875 5750 167089250 652941 0.597 0
C 924 3981 2832 5664 164590176 641976 0.562 0
C 925 3981 2874 5748 167031132 653814 0.531 0
C 926 3982 2873 5746 166973014 652803 0.532 0
C 927 3981 2821 5642 163950878 641016 0.525 0
C 928 3981 2891 5782 168019138 656707 0.571 0
C 929 3982 2880 5760 167379840 653638 0.542 0
C 930 3981 2873 5746 166973014 651733 0.503 0
C 931 3981 2842 5684 165171356 643761 0.518 0
C 932 3982 2850 5700 165636300 646313 0.525 0
C 934 3981 2825 5650 164183350 641940 0.500 0
C 933 3981 2841 5682 165113238 646087 0.543 0
C 935 3982 2874 5748 167031132 652729 0.511 0
C 936 3981 2853 5706 165810654 646971 0.519 0
C 937 3981 2826 5652 164241468 639830 0.497 0
C 938 3981 2870 5740 166798660 651442 0.540 0
C 939 3982 2861 5722 166275598 648131 0.573 0
C 940 3981 2832 5664 164590176 642641 0.508 0
C 941 3981 2868 5736 166682424 651848 0.516 0
C 942 3982 2842 5684 165171356 644455 0.507 0
C 943 3981 2836 5672 164822648 643707 0.530 0
C 944 3981 2884 5768 167612312 655168 0.570 0
C 945 3982 2871 5742 166856778 651710 0.543 0
C 946 3981 2846 5692 165403828 645726 0.551 0
C 947 3981 2855 5710 165926890 648344 0.507 0
C 948 3982 2849 5698 165578182 647599 0.513 0
C 949 3981 2886 5772 167728548 655086 0.562 0
C 950 3981 2886 5772 167728548 654276 0.540 0
C 951 3982 2876 5752 167147368 652972 0.528 0
C 952 3981 2810 5620 163311580 637093 0.511 0
C 953 3981 2869 5738 166740542 651251 0.551 0
C 954 3981 2863 5726 166391834 650858 0.553 0
C 955 3982 2868 5736 166682424 651294 0.518 0
C 956 3981 2855 5710 165926890 648222 0.509 0
C 957 3981 2847 5694 165461946 645996 0.511 0
C 958 3982 2815 5630 163602170 639140 0.535 0
C 960 3981 2872 5744 166914896 650366 0.569 0
C 959 3981 2823 5646 164067114 641401 0.575 0
C 961 3982 2839 5678 164997002 644897 0.555 0
C 962 3981 2859 5718 166159362 647914 0.558 0
C 963 3981 2860 5720 166217480 650509 0.525 0
C 964 3982 2848 5696 165520064 644721 0.521 0
C 965 3981 2843 5686 165229474 645030 0.539 0
C 966 3981 2828 5656 164357704 643268 0.526 0
C 967 3982 2825 5650 164183350 641250 0.519 0
C 968 3981 2875 5750 167089250 651941 0.521 0
C 969 3981 2863 5726 166391834 650698 0.515 0
C 971 3982 2888 5776 167844784 654455 0.524 0
C 970 3981 2892 5784 168077256 657426 0.556 0
C 972 3981 2890 5780 167961020 655503 0.519 0
C 973 3981 2853 5706 165810654 648810 0.526 0
C 974 3982 2852 5704 165752536 647674 0.556 0
C 975 3981 2864 5728 166449952 650802 0.577 0
C 977 3982 2857 5714 166043126 647921 0.577 0
C 976 3981 2858 5716 166101244 648540 0.585 0
C 978 3981 2829 5658 164415822 640633 0.555 0
C 979 3981 2887 5774 167786666 655141 0.543 0
C 980 3982 2832 5664 164590176 642320 0.514 0
C 981 3981 2889 5778 167902902 655974 0.520 0
C 982 3981 2884 5768 167612312 653885 0.555 0
C 983 3982 2837 5674 164880766 645545 0.516 0
C 984 3981 2836 5672 164822648 646794 0.496 0
C 985 3981 2847 5694 165461946 646549 0.497 0
C 986 3981 2879 5758 167321722 652505 0.517 0
C 987 3982 2856 5712 165985008 647460 0.547 0
C 988 3981 2872 5744 166914896 652667 0.528 0
C 989 3981 2825 5650 164183350 641946 0.508 0
C 990 3982 2836 5672 164822648 643346 0.502 0
C 991 3981 2896 5792 168309728 657370 0.522 0
C 992 3981 2868 5736 166682424 652394 0.532 0
C 993 3982 2850 5700 165636300 645139 0.508 0
C 994 3981 2846 5692 165403828 644616 0.523 0
C 995 3981 2850 5700 165636300 646813 0.522 0
C 996 3982 2853 5706 165810654 649066 0.505 0
C 997 3981 2877 5754 167205486 652130 0.543 0
C 998 3981 2870 5740 166798660 650957 0.529 0
C 999 3982 2847 5694 165461946 646819 0.517 0
C 1000 3981 2835 5670 164764530 643388 0.502 0
C 1001 3981 2835 5670 164764530 643094 0.520 0
C 1002 3981 2864 5728 166449952 649530 0.524 0
C 1003 3982 2863 5726 166391834 650070 0.525 1 10957030544901
C 1004 3981 2876 5752 167147368 653856 0.497 0
C 1005 3981 2883 5766 167554194 655274 0.529 0
C 1006 3982 2852 5704 165752536 648217 0.515 0
C 1007 3981 2862 5724 166333716 650021 0.551 0
C 1008 3981 2876 5752 167147368 653398 0.524 0
C 1009 3982 2837 5674 164880766 645593 0.513 0
C 1010 3981 2853 5706 165810654 648331 0.543 0
C 1011 3981 2863 5726 166391834 650246 0.518 0
C 1012 3982 2875 5750 167089250 651340 0.552 0
C 1013 3981 2872 5744 166914896 651709 0.543 0
C 1014 3981 2839 5678 164997002 645488 0.515 0
C 1015 3981 2841 5682 165113238 645056 0.529 0
C 1016 3982 2849 5698 165578182 647011 0.504 0
C 1017 3981 2841 5682 165113238 644673 0.533 0
C 1018 3981 2867 5734 166624306 650666 0.542 0
C 1019 3982 2842 5684 165171356 646274 0.499 0
C 1021 3981 2834 5668 164706412 644234 0.504 0
C 1020 3981 2865 5730 166508070 650005 0.528 0
C 1022 3982 2822 5644 164008996 640453 0.531 0
C 1024 3981 2877 5754 167205486 654058 0.500 0
C 1023 3981 2855 5710 165926890 646969 0.537 0
C 1025 3982 2868 5736 166682424 651694 0.512 0
C 1026 3981 2888 5776 167844784 655899 0.559 0
C 1027 3981 2902 5804 168658436 659126 0.549 0
C 1028 3982 2842 5684 165171356 644664 0.530 0
C 1029 3981 2853 5706 165810654 647429 0.542 0
C 1030 3981 2854 5708 165868772 648518 0.526 0
C 1031 3981 2842 5684 165171356 644301 0.542 0
C 1032 3982 2846 5692 165403828 644990 0.762 0
C 1033 3981 2859 5718 166159362 650011 0.753 0
C 1034 3981 2874 5748 167031132 651950 0.740 0
C 1035 3982 2853 5706 165810654 646864 0.825 0
C 1036 3981 2853 5706 165810654 648271 0.937 0
C 1037 3981 2866 5732 166566188 650899 0.797 0
C 1039 3981 2877 5754 167205486 652257 0.749 0
C 1038 3982 2873 5746 166973014 651930 0.764 0
C 1040 3981 2870 5740 166798660 651193 0.670 0
C 1041 3982 2834 5668 164706412 642435 0.575 0
C 1042 3981 2845 5690 165345710 646232 0.541 0
C 1044 3982 2853 5706 165810654 648181 0.526 0
C 1043 3981 2880 5760 167379840 652673 0.551 0
C 1045 3981 2874 5748 167031132 653808 0.521 0
C 1046 3981 2874 5748 167031132 652497 0.498 0
C 1047 3981 2869 5738 166740542 651467 0.530 0
C 1048 3982 2861 5722 166275598 649818 0.500 0
C 1049 3981 2859 5718 166159362 647433 0.521 0
C 1050 3981 2870 5740 166798660 651594 0.494 0
C 1051 3982 2838 5676 164938884 644261 0.522 0
C 1052 3981 2837 5674 164880766 643492 0.518 0
C 1053 3981 2882 5764 167496076 654543 0.510 0
C 1054 3982 2888 5776 167844784 655824 0.518 0
C 1055 3981 2883 5766 167554194 654364 0.505 0
C 1056 3981 2856 5712 165985008 648800 0.507 0
C 1058 3981 2874 5748 167031132 652248 0.501 0
C 1057 3982 2838 5676 164938884 642831 0.534 0
C 1059 3981 2845 5690 165345710 646247 0.531 0
C 1060 3982 2895 5790 168251610 657328 0.524 0
C 1061 3981 2889 5778 167902902 655855 0.530 0
C 1062 3981 2874 5748 167031132 652443 0.513 0
C 1063 3981 2837 5674 164880766 645110 0.549 0
C 1064 3982 2858 5716 166101244 648690 0.530 0
C 1065 3981 2857 5714 166043126 648109 0.521 0
C 1066 3981 2873 5746 166973014 651936 0.538 0
C 1067 3982 2867 5734 166624306 649685 0.539 0
C 1068 3981 2859 5718 166159362 649371 0.561 0
C 1069 3981 2892 5784 168077256 657587 0.542 0
C 1070 3982 2871 5742 166856778 651196 0.554 0
C 1071 3981 2874 5748 167031132 651574 0.569 0
C 1072 3981 2808 5616 163195344 637292 0.501 0
C 1073 3982 2825 5650 164183350 640649 0.548 0
C 1074 3981 2889 5778 167902902 657131 0.531 0
C 1075 3981 2879 5758 167321722 653467 0.534 0
C 1076 3982 2838 5676 164938884 642174 0.521 0
C 1077 3981 2807 5614 163137226 638844 0.516 0
C 1079 3981 2865 5730 166508070 649590 0.520 0
C 1078 3981 2824 5648 164125232 639963 0.556 0
C 1080 3982 2893 5786 168135374 657584 0.529 0
C 1081 3981 2869 5738 166740542 651314 0.521 0
C 1082 3981 2852 5704 165752536 647746 0.531 0
C 1083 3982 2826 5652 164241468 641666 0.554 0
C 1084 3981 2866 5732 166566188 651539 0.557 0
C 1085 3981 2885 5770 167670430 656242 0.546 0
C 1086 3982 2858 5716 166101244 648220 0.575 0
C 1087 3981 2861 5722 166275598 651048 0.514 0
C 1088 3981 2866 5732 166566188 650785 0.529 0
C 1090 3981 2864 5728 166449952 650036 0.519 0
C 1089 3982 2865 5730 166508070 650198 0.570 0
C 1091 3981 2840 5680 165055120 645119 0.553 0
C 1092 3982 2856 5712 165985008 648091 0.574 0
C 1093 3981 2878 5756 167263604 653524 0.600 0
C 1094 3981 2854 5708 165868772 648617 0.597 0
C 1095 3981 2855 5710 165926890 645972 0.621 0
C 1096 3982 2880 5760 167379840 654568 0.600 0
C 1097 3981 2858 5716 166101244 650857 0.603 0
C 1099 3982 2863 5726 166391834 649342 0.653 0
C 1098 3981 2845 5690 165345710 646572 0.689 0
C 1100 3981 2829 5658 164415822 641466 0.674 0
C 1101 3981 2877 5754 167205486 653086 0.670 0
C 1102 3982 2885 5770 167670430 654243 0.642 0
C 1103 3981 2872 5744 166914896 651812 0.565 0
C 1104 3981 2828 5656 164357704 642257 0.570 0
C 1105 3982 2831 5662 164532058 641614 0.583 0
C 1106 3981 2852 5704 165752536 647025 0.561 0
C 1107 3981 2856 5712 165985008 648470 0.545 0
C 1108 3982 2852 5704 165752536 647687 0.661 0
C 1109 3981 2891 5782 168019138 657663 0.701 0
C 1110 3981 2846 5692 165403828 647520 0.676 0
C 1111 3981 2887 5774 167786666 654686 0.692 0
C 1112 3982 2871 5742 166856778 651982 0.669 0
C 1113 3981 2862 5724 166333716 648096 0.592 0
C 1114 3981 2847 5694 165461946 646433 0.603 0
C 1115 3982 2866 5732 166566188 651067 0.637 0
C 1116 3981 2890 5780 167961020 656429 0.741 0
C 1117 3981 2897 5794 168367846 657742 0.730 0
C 1118 3982 2889 5778 167902902 655586 0.735 0
C 1119 3981 2828 5656 164357704 642632 0.805 0
C 1120 3981 2863 5726 166391834 649544 0.784 0
C 1121 3982 2854 5708 165868772 648071 0.678 0
C 1122 3981 2852 5704 165752536 647875 0.687 0
C 1123 3981 2854 5708 165868772 648697 0.647 0
C 1124 3982 2820 5640 163892760 639796 0.562 0
C 1125 3981 2806 5612 163079108 637524 0.557 0
C 1126 3981 2864 5728 166449952 648695 0.544 0
C 1127 3981 2812 5624 163427816 638161 0.548 0
C 1128 3982 2851 5702 165694418 647822 0.589 0
C 1129 3981 2860 5720 166217480 650669 0.597 0
C 1130 3981 2845 5690 165345710 645875 0.600 0
C 1131 3982 2811 5622 163369698 639042 0.580 0
C 1132 3981 2871 5742 166856778 652228 0.574 0
C 1133 3981 2866 5732 166566188 650240 0.595 0
C 1134 3982 2824 5648 164125232 642556 0.621 0
C 1135 3981 2879 5758 167321722 654933 0.647 0
C 1136 3981 2860 5720 166217480 648791 0.630 0
C 1137 3982 2872 5744 166914896 650717 0.670 0
C 1138 3981 2872 5744 166914896 652463 0.682 0
C 1139 3981 2880 5760 167379840 653554 0.653 0
C 1140 3981 2856 5712 165985008 649704 0.654 0
C 1141 3982 2896 5792 168309728 657865 0.634 0
C 1142 3981 2850 5700 165636300 648896 0.588 0
C 1143 3981 2855 5710 165926890 648994 0.558 0
C 1144 3982 2834 5668 164706412 642245 0.551 0
C 1145 3981 2849 5698 165578182 647841 0.557 0
C 1146 3981 2831 5662 164532058 643158 0.554 0
C 1147 3982 2835 5670 164764530 642081 0.544 0
C 1148 3981 2869 5738 166740542 652226 0.579 0
C 1149 3981 2888 5776 167844784 655731 0.594 0
C 1150 3982 2814 5628 163544052 639759 0.581 0
C 1151 3981 2898 5796 168425964 659393 0.585 0
C 1152 3981 2857 5714 166043126 648411 0.591 0
C 1153 3982 2868 5736 166682424 648903 0.556 0
C 1154 3981 2847 5694 165461946 644887 0.561 0
C 1155 3981 2886 5772 167728548 655364 0.581 0
C 1156 3981 2835 5670 164764530 644148 0.551 0
C 1157 3982 2878 5756 167263604 653123 0.526 0
C 1158 3981 2876 5752 167147368 653696 0.549 0
C 1159 3981 2880 5760 167379840 652483 0.536 0
C 1161 3981 2847 5694 165461946 644495 0.546 0
C 1160 3982 2855 5710 165926890 649328 0.561 0
C 1162 3981 2841 5682 165113238 644525 0.538 0
C 1163 3982 2866 5732 166566188 651224 0.535 0
C 1164 3981 2885 5770 167670430 656955 0.576 0
C 1165 3981 2861 5722 166275598 647165 0.578 0
C 1166 3982 2847 5694 165461946 646397 0.585 0
C 1167 3981 2813 5626 163485934 638066 0.532 0
C 1168 3981 2875 5750 167089250 653759 0.538 0
C 1169 3982 2866 5732 166566188 650869 0.546 0
C 1170 3981 2883 5766 167554194 654324 0.545 0
C 1171 3981 2868 5736 166682424 652151 0.558 0
C 1172 3981 2866 5732 166566188 649978 0.536 0
C 1173 3982 2857 5714 166043126 648140 0.543 0
C 1174 3981 2860 5720 166217480 648696 0.548 0
C 1175 3981 2883 5766 167554194 654700 0.565 0
C 1177 3981 2850 5700 165636300 645940 0.561 0
C 1176 3982 2864 5728 166449952 650224 0.589 0
C 1178 3981 2886 5772 167728548 655963 0.541 0
C 1179 3982 2892 5784 168077256 656420 0.568 0
C 1180 3981 2865 5730 166508070 648693 0.524 0
C 1181 3981 2850 5700 165636300 647375 0.529 0
C 1182 3982 2879 5758 167321722 651876 0.547 0
C 1183 3981 2840 5680 165055120 645790 0.544 0
C 1184 3981 2828 5656 164357704 641677 0.530 0
C 1185 3982 2860 5720 166217480 649408 0.568 0
C 1186 3981 2865 5730 166508070 650174 0.546 0
C 1187 3981 2847 5694 165461946 646585 0.560 0
C 1188 3981 2846 5692 165403828 646224 0.517 0
C 1189 3982 2849 5698 165578182 645956 0.530 0
C 1190 3981 2825 5650 164183350 641555 0.520 0
C 1191 3981 2888 5776 167844784 655766 0.536 0
C 1192 3982 2885 5770 167670430 654700 0.559 0
C 1193 3981 2861 5722 166275598 649717 0.526 0
C 1194 3981 2872 5744 166914896 653118 0.537 0
C 1195 3982 2873 5746 166973014 651877 0.535 0
C 1196 3981 2853 5706 165810654 647343 0.532 0
C 1197 3981 2869 5738 166740542 651879 0.555 0
C 1198 3982 2836 5672 164822648 644424 0.523 0
C 1199 3981 2882 5764 167496076 654549 0.512 0
C 1200 3981 2844 5688 165287592 645730 0.529 0
C 1201 3982 2908 5816 169007144 659405 0.538 0
C 1202 3981 2834 5668 164706412 642195 0.551 0
C 1203 3981 2882 5764 167496076 654395 0.522 0
C 1204 3981 2841 5682 165113238 644099 0.544 0
C 1205 3982 2841 5682 165113238 644261 0.530 0
C 1206 3981 2882 5764 167496076 653078 0.548 0
C 1207 3981 2844 5688 165287592 644822 0.540 0
C 1208 3982 2847 5694 165461946 646053 0.512 0
C 1209 3981 2844 5688 165287592 644944 0.535 0
C 1210 3981 2880 5760 167379840 653151 0.553 0
C 1211 3982 2844 5688 165287592 646282 0.544 0
C 1212 3981 2848 5696 165520064 647861 0.554 0
C 1213 3981 2860 5720 166217480 648393 0.553 0
C 1214 3982 2880 5760 167379840 654232 0.551 0
C 1215 3981 2844 5688 165287592 644838 0.535 0
C 1216 3981 2885 5770 167670430 654400 0.527 0
C 1217 3982 2832 5664 164590176 642884 0.543 0
C 1218 3981 2849 5698 165578182 648114 0.516 0
C 1219 3981 2860 5720 166217480 648191 0.536 0
C 1220 3981 2916 5832 169472088 662595 0.534 0
C 1221 3982 2890 5780 167961020 656218 0.538 0
C 1223 3981 2856 5712 165985008 648366 0.514 0
C 1222 3981 2868 5736 166682424 651144 0.553 0
C 1224 3982 2838 5676 164938884 644112 0.541 0
C 1225 3981 2876 5752 167147368 653701 0.544 0
C 1226 3981 2871 5742 166856778 650107 0.568 0
C 1227 3982 2871 5742 166856778 651174 0.552 0
C 1228 3981 2850 5700 165636300 648008 0.588 0
C 1229 3981 2868 5736 166682424 649537 0.569 0
C 1230 3982 2840 5680 165055120 645817 0.578 0
C 1231 3981 2872 5744 166914896 652917 0.563 0
C 1232 3981 2896 5792 168309728 658622 0.555 0
C 1233 3982 2859 5718 166159362 649060 0.590 0
C 1234 3981 2828 5656 164357704 641775 0.556 0
C 1235 3981 2871 5742 166856778 651418 0.534 0
C 1236 3981 2878 5756 167263604 652582 0.531 0
C 1237 3982 2878 5756 167263604 652873 0.542 0
C 1238 3981 2857 5714 166043126 650181 0.551 0
C 1239 3981 2827 5654 164299586 642614 0.574 0
C 1240 3982 2831 5662 164532058 643354 0.534 0
C 1241 3981 2895 5790 168251610 655054 0.552 0
C 1242 3981 2862 5724 166333716 646995 0.527 0
C 1243 3982 2844 5688 165287592 645464 0.537 0
C 1244 3981 2834 5668 164706412 643819 0.543 0
C 1245 3981 2863 5726 166391834 648290 0.553 0
C 1246 3982 2855 5710 165926890 647229 0.535 0
C 1247 3981 2874 5748 167031132 652288 0.548 0
C 1248 3981 2867 5734 166624306 650057 0.561 0
C 1249 3982 2849 5698 165578182 646521 0.566 0
C 1250 3981 2846 5692 165403828 645932 0.567 0
C 1251 3981 2886 5772 167728548 654821 0.552 0
C 1252 3981 2867 5734 166624306 650019 0.555 0
C 1253 3982 2839 5678 164997002 644164 0.548 0
C 1254 3981 2863 5726 166391834 651051 0.530 0
C 1255 3981 2840 5680 165055120 644149 0.520 0
C 1256 3982 2856 5712 165985008 648260 0.518 0
C 1257 3981 2865 5730 166508070 651299 0.532 0
C 1258 3981 2843 5686 165229474 646866 0.542 1 9402707085281
C 1259 3982 2867 5734 166624306 652179 0.526 0
C 1260 3981 2887 5774 167786666 655036 0.526 0
C 1261 3981 2851 5702 165694418 648113 0.537 0
C 1262 3982 2893 5786 168135374 656087 0.532 0
C 1263 3981 2862 5724 166333716 649850 0.574 0
C 1264 3981 2874 5748 167031132 651642 0.531 0
C 1265 3981 2893 5786 168135374 656788 0.553 0
C 1266 3982 2856 5712 165985008 648396 0.512 0
C 1267 3981 2841 5682 165113238 645018 0.515 0
C 1268 3981 2860 5720 166217480 651013 0.541 0
C 1269 3982 2840 5680 165055120 643626 0.538 0
C 1271 3981 2830 5660 164473940 642218 0.515 0
C 1270 3981 2885 5770 167670430 654762 0.542 0
C 1272 3982 2841 5682 165113238 645021 0.529 0
C 1273 3981 2882 5764 167496076 654517 0.560 0
C 1274 3981 2889 5778 167902902 656807 0.587 0
C 1275 3982 2800 5600 162730400 637372 0.556 0
C 1276 3981 2864 5728 166449952 650091 0.560 0
C 1277 3981 2868 5736 166682424 651521 0.531 0
C 1278 3982 2833 5666 164648294 642449 0.564 0
C 1279 3981 2847 5694 165461946 645865 0.522 0
C 1280 3981 2857 5714 166043126 647369 0.530 0
C 1281 3981 2832 5664 164590176 641302 0.523 0
C 1282 3982 2853 5706 165810654 648323 0.517 0
C 1283 3981 2885 5770 167670430 655543 0.558 0
C 1284 3981 2911 5822 169181498 661060 0.535 0
C 1285 3982 2840 5680 165055120 645333 0.525 0
C 1286 3981 2832 5664 164590176 643262 0.531 0
C 1287 3981 2871 5742 166856778 652278 0.528 0
C 1288 3982 2894 5788 168193492 657004 0.546 0
C 1289 3981 2865 5730 166508070 649708 0.530 0
C 1290 3981 2857 5714 166043126 649118 0.508 0
C 1291 3982 2793 5586 162323574 633940 0.509 0
C 1292 3981 2804 5608 162962872 636996 0.516 0
C 1293 3981 2880 5760 167379840 653803 0.560 0
C 1294 3982 2851 5702 165694418 645993 0.520 0
C 1295 3981 2842 5684 165171356 645112 0.515 0
C 1296 3981 2863 5726 166391834 651444 0.529 0
C 1297 3981 2843 5686 165229474 644010 0.516 0
C 1298 3982 2831 5662 164532058 640655 0.555 0
C 1300 3981 2861 5722 166275598 650426 0.534 0
C 1299 3981 2850 5700 165636300 647211 0.561 0
C 1301 3982 2859 5718 166159362 649142 0.533 0
C 1302 3981 2859 5718 166159362 648550 0.555 0
C 1303 3981 2906 5812 168890908 661495 0.591 0
C 1304 3982 2880 5760 167379840 653032 0.561 0
C 1305 3981 2860 5720 166217480 647988 0.559 0
C 1306 3981 2863 5726 166391834 649179 0.560 0
C 1307 3982 2874 5748 167031132 652361 0.532 0
C 1309 3981 2844 5688 165287592 645650 0.534 0
C 1308 3981 2849 5698 165578182 647067 0.542 0
C 1310 3982 2867 5734 166624306 651322 0.535 0
C 1311 3981 2859 5718 166159362 647921 0.545 0
C 1312 3981 2836 5672 164822648 643588 0.518 0
C 1313 3981 2835 5670 164764530 643257 0.531 0
C 1315 3981 2863 5726 166391834 649772 0.532 0
C 1314 3982 2852 5704 165752536 647852 0.549 0
C 1316 3981 2863 5726 166391834 649949 0.535 0
C 1317 3982 2848 5696 165520064 646497 0.534 0
C 1318 3981 2850 5700 165636300 646955 0.523 0
C 1319 3981 2875 5750 167089250 653723 0.553 0
C 1320 3982 2838 5676 164938884 645846 0.546 0
C 1321 3981 2834 5668 164706412 643280 0.550 0
C 1322 3981 2848 5696 165520064 648875 0.522 0
C 1323 3982 2847 5694 165461946 646503 0.556 0
C 1324 3981 2895 5790 168251610 657329 0.557 0
C 1326 3982 2876 5752 167147368 651591 0.544 0
C 1325 3981 2898 5796 168425964 658314 0.584 0
C 1327 3981 2826 5652 164241468 641149 0.543 0
C 1328 3981 2854 5708 165868772 648295 0.553 0
C 1329 3981 2861 5722 166275598 650133 0.557 0
C 1330 3982 2874 5748 167031132 652748 0.553 0
C 1332 3981 2839 5678 164997002 644528 0.542 0
C 1331 3981 2899 5798 168484082 658927 0.630 0
C 1333 3982 2835 5670 164764530 642920 0.624 0
C 1334 3981 2848 5696 165520064 645772 0.617 0
C 1336 3982 2847 5694 165461946 647316 0.613 0
C 1335 3981 2872 5744 166914896 651073 0.636 0
C 1337 3981 2892 5784 168077256 656742 0.601 0
C 1338 3981 2857 5714 166043126 648450 0.573 0
C 1340 3981 2886 5772 167728548 654369 0.539 0
C 1339 3982 2897 5794 168367846 658034 0.572 0
C 1341 3981 2846 5692 165403828 646436 0.572 0
C 1342 3982 2843 5686 165229474 645676 0.573 0
C 1343 3981 2879 5758 167321722 654151 0.537 0
C 1344 3981 2852 5704 165752536 646401 0.541 0
C 1345 3981 2880 5760 167379840 652597 0.540 0
C 1346 3982 2894 5788 168193492 656087 0.548 0
C 1347 3981 2860 5720 166217480 647983 0.562 0
C 1348 3981 2831 5662 164532058 641866 0.531 0
C 1349 3982 2866 5732 166566188 651089 0.535 0
C 1350 3981 2817 5634 163718406 639795 0.551 0
C 1351 3981 2869 5738 166740542 651761 0.547 0
C 1352 3982 2868 5736 166682424 652271 0.560 0
C 1353 3981 2874 5748 167031132 652274 0.558 0
C 1354 3981 2856 5712 165985008 650400 0.544 0
C 1355 3982 2828 5656 164357704 641832 0.554 0
C 1356 3981 2843 5686 165229474 646113 0.556 0
C 1357 3981 2857 5714 166043126 647942 0.559 0
C 1358 3982 2865 5730 166508070 649313 0.545 0
C 1359 3981 2860 5720 166217480 649105 0.542 0
C 1360 3981 2829 5658 164415822 642459 0.548 0
C 1361 3981 2874 5748 167031132 651303 0.550 0
C 1362 3982 2862 5724 166333716 650136 0.554 0
C 1363 3981 2846 5692 165403828 646339 0.539 0
C 1364 3981 2832 5664 164590176 643285 0.543 0
C 1365 3982 2845 5690 165345710 646907 0.542 0
C 1366 3981 2905 5810 168832790 660010 0.550 0
C 1367 3981 2873 5746 166973014 651221 0.556 0
C 1368 3982 2876 5752 167147368 654558 0.554 0
C 1369 3981 2832 5664 164590176 642448 0.546 0
C 1370 3981 2868 5736 166682424 650737 0.591 0
C 1371 3982 2848 5696 165520064 647387 0.585 0
C 1372 3981 2852 5704 165752536 647652 0.604 0
C 1373 3981 2865 5730 166508070 651429 0.571 0
C 1374 3982 2847 5694 165461946 646082 0.582 0
C 1375 3981 2838 5676 164938884 644651 0.565 0
C 1376 3981 2845 5690 165345710 646314 0.583 0
C 1377 3981 2860 5720 166217480 649617 0.625 0
C 1378 3982 2847 5694 165461946 645301 0.607 0
C 1379 3981 2863 5726 166391834 649961 0.597 0
C 1380 3981 2865 5730 166508070 649401 0.605 0
C 1381 3982 2851 5702 165694418 646604 0.609 0
C 1382 3981 2838 5676 164938884 644635 0.575 0
C 1383 3981 2877 5754 167205486 655083 0.548 0
C 1384 3982 2827 5654 164299586 642965 0.544 0
C 1385 3981 2830 5660 164473940 641213 0.538 0
C 1386 3981 2866 5732 166566188 650892 0.566 0
C 1387 3982 2888 5776 167844784 655574 0.562 0
C 1389 3981 2841 5682 165113238 645749 0.521 0
C 1388 3981 2867 5734 166624306 651450 0.538 0
C 1390 3981 2865 5730 166508070 650912 0.560 0
C 1391 3982 2870 5740 166798660 650690 0.564 0
C 1392 3981 2856 5712 165985008 647859 0.565 0
C 1394 3982 2847 5694 165461946 645645 0.531 0
C 1393 3981 2869 5738 166740542 650223 0.549 0
C 1395 3981 2867 5734 166624306 651651 0.545 0
C 1396 3981 2824 5648 164125232 640666 0.525 0
C 1397 3982 2835 5670 164764530 645001 0.555 0
C 1399 3981 2877 5754 167205486 652764 0.524 0
C 1398 3981 2864 5728 166449952 650019 0.536 0
C 1400 3982 2840 5680 165055120 644015 0.539 0
C 1401 3981 2860 5720 166217480 649236 0.523 0
C 1402 3981 2852 5704 165752536 647113 0.552 0
C 1404 3981 2863 5726 166391834 649607 0.508 0
C 1403 3982 2868 5736 166682424 652101 0.545 0
C 1405 3981 2870 5740 166798660 650710 0.540 0
C 1406 3981 2834 5668 164706412 644584 0.533 0
C 1407 3982 2865 5730 166508070 650197 0.537 0
C 1408 3981 2915 5830 169413970 661918 0.532 0
C 1409 3981 2842 5684 165171356 644671 0.511 0
C 1410 3982 2880 5760 167379840 654825 0.512 0
C 1411 3981 2816 5632 163660288 638132 0.519 0
C 1412 3981 2849 5698 165578182 646470 0.530 0
C 1413 3982 2864 5728 166449952 650402 0.509 0
C 1414 3981 2862 5724 166333716 649322 0.511 0
C 1415 3981 2877 5754 167205486 654992 0.521 0
C 1416 3982 2832 5664 164590176 642266 0.505 0
C 1417 3981 2850 5700 165636300 647086 0.539 0
C 1419 3982 2881 5762 167437958 654302 0.491 0
C 1418 3981 2850 5700 165636300 648497 0.515 0
C 1420 3981 2867 5734 166624306 651329 0.531 0
C 1421 3981 2857 5714 166043126 649688 0.525 0
C 1422 3981 2842 5684 165171356 644758 0.520 0
C 1423 3982 2867 5734 166624306 650327 0.507 0
C 1424 3981 2860 5720 166217480 649538 0.507 0
C 1425 3981 2884 5768 167612312 655547 0.528 0
C 1426 3982 2886 5772 167728548 656446 0.524 0
C 1427 3981 2834 5668 164706412 642820 0.534 0
C 1428 3981 2855 5710 165926890 647679 0.512 0
C 1429 3982 2871 5742 166856778 652046 0.524 0
C 1430 3981 2860 5720 166217480 649714 0.548 0
C 1431 3981 2862 5724 166333716 649441 0.517 0
C 1432 3982 2864 5728 166449952 650830 0.543 0
C 1433 3981 2825 5650 164183350 640584 0.551 0
C 1434 3981 2859 5718 166159362 648970 0.560 0
C 1436 3981 2854 5708 165868772 647967 0.536 0
C 1435 3982 2902 5804 168658436 658332 0.568 0
C 1437 3981 2837 5674 164880766 643534 0.607 0
C 1438 3981 2844 5688 165287592 646550 0.553 0
C 1439 3982 2868 5736 166682424 650164 0.560 0
C 1440 3981 2836 5672 164822648 643238 0.558 0
C 1441 3981 2860 5720 166217480 647372 0.548 0
C 1443 3981 2842 5684 165171356 645936 0.522 0
C 1442 3982 2841 5682 165113238 645719 0.550 0
C 1444 3981 2858 5716 166101244 647930 0.534 0
C 1445 3982 2852 5704 165752536 646744 0.552 0
C 1446 3981 2866 5732 166566188 650713 0.543 0
C 1447 3981 2868 5736 166682424 652351 0.519 0
C 1448 3982 2869 5738 166740542 652161 0.552 0
C 1449 3981 2891 5782 168019138 656845 0.534 0
C 1451 3982 2881 5762 167437958 654787 0.527 0
C 1450 3981 2890 5780 167961020 656662 0.534 0
C 1452 3981 2828 5656 164357704 641487 0.520 0
C 1454 3981 2850 5700 165636300 646629 0.510 0
C 1453 3981 2848 5696 165520064 646870 0.542 0
C 1455 3982 2873 5746 166973014 652377 0.513 0
C 1456 3981 2852 5704 165752536 647471 0.532 0
C 1457 3981 2838 5676 164938884 643994 0.523 0
C 1458 3982 2829 5658 164415822 642248 0.510 0
C 1459 3981 2839 5678 164997002 644758 0.533 0
C 1461 3982 2841 5682 165113238 646067 0.498 0
C 1460 3981 2857 5714 166043126 648826 0.527 0
C 1462 3981 2875 5750 167089250 652195 0.518 0
C 1463 3981 2863 5726 166391834 649016 0.515 0
C 1464 3982 2832 5664 164590176 644401 0.540 0
C 1465 3981 2838 5676 164938884 643401 0.548 0
C 1466 3981 2841 5682 165113238 645319 0.543 0
C 1467 3982 2830 5660 164473940 641576 0.532 0
C 1468 3981 2851 5702 165694418 647671 0.533 0
C 1469 3981 2862 5724 166333716 650497 0.571 0
C 1471 3982 2880 5760 167379840 653082 0.554 0
C 1470 3981 2884 5768 167612312 654297 0.562 0
C 1472 3981 2885 5770 167670430 654531 0.535 0
C 1473 3981 2853 5706 165810654 647513 0.528 0
C 1474 3982 2888 5776 167844784 654665 0.558 0
C 1475 3981 2866 5732 166566188 651568 0.534 0
C 1476 3981 2837 5674 164880766 644281 0.526 0
C 1477 3982 2876 5752 167147368 653733 0.548 0
C 1478 3981 2812 5624 163427816 637831 0.529 0
C 1479 3981 2894 5788 168193492 656915 0.629 0
C 1481 3981 2859 5718 166159362 648899 0.580 0
C 1480 3982 2812 5624 163427816 638610 0.596 0
C 1482 3981 2889 5778 167902902 656569 0.576 0
C 1483 3982 2851 5702 165694418 648370 0.572 0
C 1484 3981 2856 5712 165985008 649864 0.547 0
C 1485 3981 2844 5688 165287592 645712 0.510 0
C 1486 3981 2856 5712 165985008 648393 0.527 0
C 1487 3982 2847 5694 165461946 646483 0.517 0
C 1488 3981 2878 5756 167263604 653510 0.523 0
C 1489 3981 2820 5640 163892760 639637 0.534 0
C 1490 3982 2838 5676 164938884 642808 0.520 0
C 1491 3981 2892 5784 168077256 657172 0.541 0
C 1492 3981 2841 5682 165113238 645118 0.502 0
C 1493 3982 2850 5700 165636300 647080 0.522 0
C 1494 3981 2828 5656 164357704 641278 0.525 0
C 1495 3981 2856 5712 165985008 649486 0.536 0
C 1496 3982 2878 5756 167263604 654368 0.509 0
C 1497 3981 2860 5720 166217480 648976 0.479 0
C 1498 3981 2876 5752 167147368 654392 0.521 0
C 1499 3982 2823 5646 164067114 642354 0.533 0
C 1500 3981 2843 5686 165229474 645426 0.506 0
C 1501 3981 2843 5686 165229474 645300 0.507 0
C 1502 3981 2860 5720 166217480 648166 0.539 0
C 1503 3982 2877 5754 167205486 653587 0.502 0
C 1504 3981 2861 5722 166275598 649353 0.537 0
C 1505 3981 2880 5760 167379840 653781 0.539 0
C 1506 3982 2888 5776 167844784 655050 0.511 0
C 1507 3981 2849 5698 165578182 646485 0.483 0
C 1508 3981 2872 5744 166914896 651957 0.503 0
C 1511 3981 2856 5712 165985008 647242 0.507 0
C 1509 3982 2865 5730 166508070 651463 0.533 0
C 1510 3981 2872 5744 166914896 653217 0.525 0
C 1512 3982 2887 5774 167786666 655036 0.516 0
C 1513 3981 2861 5722 166275598 650003 0.505 0
C 1514 3981 2857 5714 166043126 648560 0.508 0
C 1516 3982 2856 5712 165985008 648542 0.499 0
C 1515 3981 2869 5738 166740542 650833 0.548 0
C 1517 3981 2811 5622 163369698 638707 0.494 0
C 1518 3981 2864 5728 166449952 652293 0.498 0
C 1519 3982 2843 5686 165229474 645074 0.515 0
C 1520 3981 2864 5728 166449952 649379 0.523 0
C 1521 3981 2822 5644 164008996 641952 0.546 0
C 1522 3982 2838 5676 164938884 644438 0.500 0
C 1523 3981 2836 5672 164822648 643912 0.485 0
C 1524 3981 2887 5774 167786666 655631 0.530 0
C 1525 3982 2861 5722 166275598 646832 0.526 0
C 1526 3981 2882 5764 167496076 654342 0.528 0
C 1527 3981 2876 5752 167147368 652511 0.530 0
C 1528 3982 2858 5716 166101244 648177 0.507 0
C 1529 3981 2862 5724 166333716 649093 0.517 0
C 1530 3981 2890 5780 167961020 655610 0.519 0
C 1531 3981 2845 5690 165345710 647099 0.539 0
C 1532 3982 2828 5656 164357704 642740 0.504 0
C 1533 3981 2863 5726 166391834 650008 0.496 0
C 1534 3981 2875 5750 167089250 651756 0.521 0
C 1535 3982 2841 5682 165113238 646590 0.524 0
C 1538 3982 2858 5716 166101244 649756 0.501 0
C 1537 3981 2862 5724 166333716 649708 0.520 0
C 1536 3981 2856 5712 165985008 647591 0.541 0
C 1539 3981 2861 5722 166275598 650063 0.537 0
C 1540 3981 2882 5764 167496076 654508 0.521 0
C 1541 3982 2838 5676 164938884 645330 0.512 0
C 1542 3981 2838 5676 164938884 644068 0.521 0
C 1543 3981 2859 5718 166159362 649531 0.534 0
C 1545 3981 2860 5720 166217480 649481 0.518 0
C 1544 3982 2872 5744 166914896 652678 0.535 0
C 1546 3981 2853 5706 165810654 647176 0.511 0
C 1547 3981 2850 5700 165636300 647344 0.505 0
C 1548 3982 2849 5698 165578182 645631 0.530 0
C 1549 3981 2869 5738 166740542 651284 0.509 0
C 1550 3981 2859 5718 166159362 649841 0.516 0
C 1551 3982 2840 5680 165055120 644875 0.503 0
C 1552 3981 2858 5716 166101244 647899 0.526 0
C 1553 3981 2885 5770 167670430 655287 0.547 0
C 1554 3982 2903 5806 168716554 658334 0.511 0
C 1555 3981 2868 5736 166682424 651932 0.528 0
C 1556 3981 2858 5716 166101244 649028 0.540 0
C 1557 3982 2874 5748 167031132 652891 0.540 0
C 1558 3981 2877 5754 167205486 653328 0.573 0
C 1559 3981 2873 5746 166973014 651870 0.531 0
C 1560 3982 2871 5742 166856778 652936 0.519 0
C 1561 3981 2897 5794 168367846 657263 0.511 0
C 1562 3981 2860 5720 166217480 650572 0.520 0
C 1563 3981 2864 5728 166449952 648813 0.539 0
C 1564 3982 2851 5702 165694418 647568 0.541 0
C 1565 3981 2855 5710 165926890 648566 0.516 0
C 1566 3981 2893 5786 168135374 655940 0.521 0
C 1567 3982 2835 5670 164764530 642019 0.529 0
C 1568 3981 2857 5714 166043126 648723 0.536 0
C 1571 3981 2838 5676 164938884 644492 0.481 0
C 1569 3981 2887 5774 167786666 654441 0.533 0
C 1570 3982 2866 5732 166566188 650111 0.534 0
C 1572 3981 2826 5652 164241468 641509 0.498 0
C 1573 3982 2859 5718 166159362 650172 0.535 0
C 1574 3981 2879 5758 167321722 653906 0.516 0
C 1576 3982 2842 5684 165171356 646128 0.509 0
C 1575 3981 2882 5764 167496076 655107 0.527 0
C 1577 3981 2816 5632 163660288 637647 0.499 0
C 1578 3981 2848 5696 165520064 646824 0.531 0
C 1579 3981 2839 5678 164997002 644126 0.516 0
C 1580 3982 2875 5750 167089250 652221 0.515 0
C 1581 3981 2870 5740 166798660 651421 0.515 0
C 1582 3981 2829 5658 164415822 641836 0.496 0
C 1583 3982 2827 5654 164299586 640765 0.524 0
C 1584 3981 2841 5682 165113238 643817 0.511 0
C 1587 3981 2874 5748 167031132 653383 0.488 0
C 1585 3981 2871 5742 166856778 651648 0.530 0
C 1586 3982 2836 5672 164822648 644279 0.525 0
C 1588 3981 2876 5752 167147368 652732 0.534 0
C 1589 3982 2881 5762 167437958 656241 0.507 0
C 1590 3981 2868 5736 166682424 650264 0.516 0
C 1591 3981 2842 5684 165171356 645590 0.517 0
C 1592 3982 2860 5720 166217480 648127 0.526 0
C 1593 3981 2863 5726 166391834 650926 0.557 0
C 1594 3981 2849 5698 165578182 646553 0.483 0
C 1595 3981 2879 5758 167321722 653593 0.489 0
C 1596 3982 2899 5798 168484082 658646 0.500 0
C 1597 3981 2848 5696 165520064 645589 0.513 0
C 1598 3981 2853 5706 165810654 648539 0.530 0
C 1600 3981 2847 5694 165461946 645990 0.482 0
C 1599 3982 2869 5738 166740542 650440 0.532 0
C 1601 3981 2858 5716 166101244 650941 0.512 0
C 1602 3982 2890 5780 167961020 654952 0.503 0
C 1603 3981 2854 5708 165868772 648052 0.527 0
C 1604 3981 2849 5698 165578182 647857 0.501 0
C 1605 3982 2861 5722 166275598 649685 0.509 0
C 1606 3981 2858 5716 166101244 649622 0.514 0
C 1607 3981 2864 5728 166449952 651881 0.523 0
C 1608 3982 2839 5678 164997002 644502 0.535 0
C 1609 3981 2873 5746 166973014 653033 0.499 0
C 1610 3981 2851 5702 165694418 647449 0.517 0
C 1611 3981 2884 5768 167612312 654218 0.526 0
C 1612 3982 2867 5734 166624306 650684 0.505 0
C 1613 3981 2851 5702 165694418 646438 0.587 0
C 1614 3981 2843 5686 165229474 645363 0.556 0
C 1615 3982 2882 5764 167496076 654922 0.544 0
C 1617 3981 2918 5836 169588324 662946 0.557 0
C 1616 3981 2872 5744 166914896 652084 0.578 0
C 1619 3981 2822 5644 164008996 639278 0.591 0
C 1618 3982 2851 5702 165694418 647064 0.638 0
C 1620 3981 2861 5722 166275598 649894 0.615 0
C 1621 3982 2865 5730 166508070 651851 0.636 0
C 1622 3981 2862 5724 166333716 648074 0.625 0
C 1623 3981 2851 5702 165694418 647959 0.528 0
C 1624 3982 2810 5620 163311580 636815 0.560 0
C 1625 3981 2788 5576 162032984 632382 0.514 0
C 1627 3981 2839 5678 164997002 643733 0.533 0
C 1626 3981 2839 5678 164997002 644672 0.540 1 10338026074971
C 1628 3982 2857 5714 166043126 648753 0.532 0
C 1630 3981 2861 5722 166275598 649012 0.533 0
C 1629 3981 2872 5744 166914896 652703 0.559 0
C 1631 3982 2823 5646 164067114 639436 0.516 0
C 1632 3981 2868 5736 166682424 651057 0.546 0
C 1633 3981 2848 5696 165520064 647068 0.498 0
C 1634 3982 2857 5714 166043126 648230 0.503 0
C 1635 3981 2860 5720 166217480 648815 0.508 0
C 1636 3981 2857 5714 166043126 649170 0.505 0
C 1637 3982 2888 5776 167844784 654573 0.512 0
C 1638 3981 2866 5732 166566188 650703 0.506 0
C 1639 3981 2866 5732 166566188 651874 0.502 0
C 1640 3981 2864 5728 166449952 649216 0.522 0
C 1641 3982 2839 5678 164997002 645141 0.522 0
C 1642 3981 2849 5698 165578182 647333 0.508 0
C 1643 3981 2859 5718 166159362 650296 0.492 0
C 1644 3982 2868 5736 166682424 650478 0.480 0
C 1645 3981 2877 5754 167205486 654999 0.518 0
C 1646 3981 2848 5696 165520064 646506 0.500 0
C 1647 3982 2854 5708 165868772 648701 0.502 0
C 1648 3981 2879 5758 167321722 653051 0.492 0
C 1649 3981 2876 5752 167147368 653504 0.481 0
C 1650 3982 2813 5626 163485934 638157 0.494 0
C 1651 3981 2874 5748 167031132 653283 0.493 0
C 1652 3981 2865 5730 166508070 649893 0.488 0
C 1653 3982 2874 5748 167031132 653154 0.497 0
C 1654 3981 2853 5706 165810654 646452 0.497 0
C 1655 3981 2899 5798 168484082 658636 0.524 0
C 1656 3981 2830 5660 164473940 643250 0.497 0
C 1657 3982 2879 5758 167321722 654333 0.520 0
C 1658 3981 2886 5772 167728548 654356 0.495 0
C 1659 3981 2861 5722 166275598 649327 0.500 0
C 1661 3981 2837 5674 164880766 645466 0.487 0
C 1660 3982 2873 5746 166973014 651495 0.507 0
C 1662 3981 2867 5734 166624306 651573 0.490 0
C 1663 3982 2855 5710 165926890 647918 0.488 0
C 1664 3981 2868 5736 166682424 649119 0.478 0
C 1665 3981 2863 5726 166391834 648798 0.483 0
C 1666 3982 2845 5690 165345710 645834 0.494 0
C 1667 3981 2815 5630 163602170 637515 0.493 0
C 1669 3982 2880 5760 167379840 654004 0.476 0
C 1668 3981 2864 5728 166449952 649664 0.501 0
C 1670 3981 2873 5746 166973014 652699 0.505 0
C 1671 3981 2887 5774 167786666 656304 0.529 0
C 1672 3981 2872 5744 166914896 652057 0.495 0
C 1673 3982 2887 5774 167786666 656836 0.482 0
C 1674 3981 2863 5726 166391834 650077 0.485 0
C 1675 3981 2854 5708 165868772 648956 0.494 0
C 1676 3982 2839 5678 164997002 644896 0.507 0
C 1677 3981 2845 5690 165345710 646305 0.501 0
C 1678 3981 2888 5776 167844784 655641 0.494 0
C 1679 3982 2887 5774 167786666 656293 0.493 0
C 1680 3981 2840 5680 165055120 644419 0.491 0
C 1682 3982 2847 5694 165461946 646196 0.492 0
C 1681 3981 2874 5748 167031132 651136 0.506 0
C 1683 3981 2834 5668 164706412 642071 0.514 0
C 1684 3981 2839 5678 164997002 645684 0.519 0
C 1685 3982 2880 5760 167379840 653682 0.551 0
C 1686 3981 2861 5722 166275598 647697 0.551 0
C 1687 3981 2835 5670 164764530 643157 0.554 0
C 1688 3981 2837 5674 164880766 644352 0.503 0
C 1689 3982 2860 5720 166217480 649645 0.518 0
C 1690 3981 2824 5648 164125232 641166 0.480 0
C 1691 3981 2872 5744 166914896 653618 0.499 0
C 1692 3982 2860 5720 166217480 649471 0.505 0
C 1693 3981 2863 5726 166391834 649867 0.474 0
C 1694 3981 2872 5744 166914896 651885 0.499 0
C 1695 3982 2856 5712 165985008 648334 0.493 0
C 1696 3981 2864 5728 166449952 651413 0.486 0
C 1697 3981 2843 5686 165229474 645349 0.495 0
C 1698 3982 2847 5694 165461946 646828 0.466 0
C 1699 3981 2883 5766 167554194 654683 0.477 0
C 1700 3981 2878 5756 167263604 652437 0.483 0
C 1701 3982 2879 5758 167321722 654160 0.482 0
C 1702 3981 2819 5638 163834642 638488 0.489 0
C 1703 3981 2861 5722 166275598 650060 0.478 0
C 1704 3981 2841 5682 165113238 645601 0.482 0
C 1705 3982 2850 5700 165636300 647352 0.491 0
C 1706 3981 2875 5750 167089250 652635 0.499 0
C 1707 3981 2857 5714 166043126 648772 0.519 0
C 1708 3982 2840 5680 165055120 644382 0.509 0
C 1709 3981 2843 5686 165229474 645370 0.503 0
C 1710 3981 2881 5762 167437958 653849 0.528 0
C 1711 3982 2821 5642 163950878 639755 0.509 0
C 1712 3981 2854 5708 165868772 647670 0.531 0
C 1713 3981 2865 5730 166508070 649492 0.504 0
C 1714 3982 2874 5748 167031132 652751 0.505 0
C 1715 3981 2850 5700 165636300 647880 0.524 0
C 1716 3981 2864 5728 166449952 649444 0.512 0
C 1717 3982 2825 5650 164183350 642460 0.531 0
C 1718 3981 2841 5682 165113238 645985 0.504 0
C 1719 3981 2862 5724 166333716 650548 0.508 0
C 1720 3981 2889 5778 167902902 654994 0.548 0
C 1721 3982 2887 5774 167786666 655139 0.530 0
C 1722 3981 2873 5746 166973014 653267 0.549 0
C 1723 3981 2856 5712 165985008 648861 0.543 0
C 1724 3982 2823 5646 164067114 640127 0.499 0
C 1725 3981 2870 5740 166798660 651604 0.520 0
C 1726 3981 2873 5746 166973014 651727 0.529 0
C 1727 3982 2873 5746 166973014 651564 0.544 0
C 1728 3981 2856 5712 165985008 647782 0.513 0
C 1729 3981 2862 5724 166333716 647714 0.512 0
C 1730 3982 2807 5614 163137226 637525 0.513 0
C 1731 3981 2866 5732 166566188 650452 0.517 0
C 1732 3981 2886 5772 167728548 655855 0.546 0
C 1733 3982 2846 5692 165403828 645724 0.501 0
C 1734 3981 2856 5712 165985008 648842 0.512 0
C 1735 3981 2875 5750 167089250 653631 0.514 0
C 1736 3981 2901 5802 168600318 658351 0.536 0
C 1738 3981 2870 5740 166798660 651537 0.508 0
C 1737 3982 2867 5734 166624306 651713 0.531 0
C 1739 3981 2800 5600 162730400 635517 0.495 0
C 1740 3982 2841 5682 165113238 644920 0.516 0
C 1741 3981 2890 5780 167961020 655962 0.522 0
C 1742 3981 2848 5696 165520064 647568 0.508 0
C 1744 3981 2821 5642 163950878 640533 0.492 0
C 1743 3982 2850 5700 165636300 647046 0.540 0
C 1745 3981 2826 5652 164241468 641009 0.509 0
C 1746 3982 2863 5726 166391834 651283 0.520 0
C 1747 3981 2884 5768 167612312 654847 0.513 0
C 1748 3981 2865 5730 166508070 651055 0.509 0
C 1749 3982 2837 5674 164880766 643222 0.529 0
C 1750 3981 2857 5714 166043126 647752 0.530 0
C 1751 3981 2899 5798 168484082 658730 0.530 0
C 1752 3981 2867 5734 166624306 651589 0.515 0
C 1753 3982 2853 5706 165810654 648145 0.523 0
C 1754 3981 2853 5706 165810654 647751 0.561 0
C 1755 3981 2861 5722 166275598 648930 0.523 0
C 1756 3982 2855 5710 165926890 647667 0.515 0
C 1757 3981 2854 5708 165868772 647246 0.493 0
C 1758 3981 2852 5704 165752536 645838 0.507 0
C 1759 3982 2878 5756 167263604 653738 0.535 0
C 1760 3981 2863 5726 166391834 649038 0.517 0
C 1761 3981 2839 5678 164997002 645482 0.543 0
C 1762 3982 2883 5766 167554194 654929 0.512 0
C 1763 3981 2899 5798 168484082 657945 0.526 0
C 1764 3981 2847 5694 165461946 645954 0.528 0
C 1765 3981 2877 5754 167205486 652755 0.525 0
C 1766 3982 2826 5652 164241468 642525 0.510 0
C 1767 3981 2842 5684 165171356 644718 0.509 0
C 1768 3981 2854 5708 165868772 646468 0.507 0
C 1769 3982 2866 5732 166566188 650658 0.543 0
C 1770 3981 2879 5758 167321722 653249 0.521 0
C 1771 3981 2792 5584 162265456 633789 0.499 0
C 1772 3982 2861 5722 166275598 650933 0.522 0
C 1773 3981 2846 5692 165403828 645083 0.527 0
C 1774 3981 2848 5696 165520064 646586 0.546 0
C 1775 3982 2846 5692 165403828 644964 0.554 0
C 1776 3981 2881 5762 167437958 653174 0.551 0
C 1777 3981 2869 5738 166740542 651881 0.523 0
C 1778 3982 2863 5726 166391834 649577 0.534 0
C 1779 3981 2870 5740 166798660 653381 0.599 0
C 1780 3981 2860 5720 166217480 650261 0.585 0
C 1781 3981 2855 5710 165926890 648980 0.588 0
C 1782 3982 2862 5724 166333716 651113 0.598 0
C 1783 3981 2891 5782 168019138 656100 0.598 0
C 1784 3981 2894 5788 168193492 657635 0.652 0
C 1785 3982 2846 5692 165403828 645430 0.632 0
C 1786 3981 2844 5688 165287592 644353 0.625 0
C 1787 3981 2857 5714 166043126 648735 0.648 0
C 1788 3982 2852 5704 165752536 646661 0.624 0
C 1789 3981 2843 5686 165229474 645316 0.617 0
C 1790 3981 2857 5714 166043126 649778 0.585 0
C 1791 3982 2805 5610 163020990 637754 0.611 0
C 1792 3981 2831 5662 164532058 641325 0.571 0
C 1793 3981 2874 5748 167031132 653248 0.644 0
C 1794 3982 2849 5698 165578182 647039 0.631 0
C 1795 3981 2865 5730 166508070 651433 0.641 0
C 1796 3981 2866 5732 166566188 651322 0.628 0
C 1797 3981 2825 5650 164183350 642096 0.613 0
C 1798 3982 2826 5652 164241468 643211 0.620 0
C 1799 3981 2859 5718 166159362 650581 0.700 0
C 1800 3981 2876 5752 167147368 651106 0.686 0
C 1801 3982 2856 5712 165985008 648456 0.658 0
C 1802 3981 2873 5746 166973014 652588 0.660 0
C 1803 3981 2891 5782 168019138 654977 0.667 0
C 1804 3982 2883 5766 167554194 654889 0.656 0
C 1805 3981 2860 5720 166217480 649363 0.603 0
C 1806 3981 2871 5742 166856778 651463 0.594 0
C 1807 3982 2882 5764 167496076 654001 0.601 0
C 1808 3981 2873 5746 166973014 652077 0.606 0
C 1809 3981 2849 5698 165578182 647336 0.649 0
C 1810 3982 2888 5776 167844784 655410 0.625 0
C 1811 3981 2856 5712 165985008 649902 0.616 0
C 1812 3981 2827 5654 164299586 641558 0.602 0
C 1813 3981 2829 5658 164415822 642428 0.602 0
C 1814 3982 2858 5716 166101244 650226 0.627 0
C 1815 3981 2852 5704 165752536 647173 0.586 0
C 1816 3981 2873 5746 166973014 652802 0.600 0
C 1817 3982 2862 5724 166333716 650264 0.600 0
C 1818 3981 2838 5676 164938884 642228 0.591 0
C 1820 3982 2862 5724 166333716 648957 0.586 0
C 1819 3981 2874 5748 167031132 651719 0.628 0
C 1821 3981 2845 5690 165345710 644744 0.581 0
C 1822 3981 2867 5734 166624306 651618 0.588 0
C 1823 3982 2839 5678 164997002 642618 0.564 0
C 1827 3981 2828 5656 164357704 642485 0.542 0
C 1824 3981 2898 5796 168425964 658322 0.612 0
C 1825 3981 2870 5740 166798660 651493 0.611 0
C 1826 3982 2866 5732 166566188 648953 0.617 0
C 1828 3981 2854 5708 165868772 648032 0.579 0
C 1830 3982 2882 5764 167496076 654747 0.583 0
C 1829 3981 2876 5752 167147368 653458 0.601 0
C 1832 3981 2831 5662 164532058 641710 0.567 0
C 1831 3981 2872 5744 166914896 651818 0.603 0
C 1833 3982 2842 5684 165171356 645505 0.564 0
C 1834 3981 2816 5632 163660288 640150 0.576 0
C 1836 3982 2831 5662 164532058 643665 0.584 0
C 1835 3981 2879 5758 167321722 655253 0.610 0
C 1837 3981 2882 5764 167496076 654433 0.617 0
C 1838 3981 2852 5704 165752536 647214 0.581 0
C 1839 3982 2922 5844 169820796 663787 0.593 0
C 1841 3981 2864 5728 166449952 650671 0.572 0
C 1840 3981 2864 5728 166449952 649110 0.606 0
C 1843 3981 2857 5714 166043126 649189 0.595 0
C 1842 3982 2878 5756 167263604 653466 0.614 0
C 1844 3981 2883 5766 167554194 653370 0.550 0
C 1845 3981 2879 5758 167321722 653939 0.578 0
C 1846 3982 2878 5756 167263604 652860 0.571 0
C 1847 3981 2878 5756 167263604 653806 0.579 0
C 1848 3981 2824 5648 164125232 640990 0.606 0
C 1849 3982 2845 5690 165345710 644688 0.582 0
C 1850 3981 2863 5726 166391834 649328 0.561 0
C 1851 3981 2869 5738 166740542 652459 0.574 0
C 1852 3982 2848 5696 165520064 647162 0.581 0
C 1853 3981 2881 5762 167437958 653819 0.630 0
C 1854 3981 2848 5696 165520064 646138 0.589 0
C 1855 3982 2825 5650 164183350 640632 0.578 0
C 1856 3981 2847 5694 165461946 646205 0.575 0
C 1857 3981 2841 5682 165113238 643909 0.574 0
C 1858 3982 2848 5696 165520064 646642 0.603 0
C 1860 3981 2853 5706 165810654 648936 0.565 0
C 1859 3981 2880 5760 167379840 652371 0.616 0
C 1861 3981 2882 5764 167496076 655359 0.608 0
C 1862 3982 2870 5740 166798660 652071 0.590 0
C 1863 3981 2850 5700 165636300 647182 0.623 0
C 1864 3981 2812 5624 163427816 638753 0.572 0
C 1865 3982 2834 5668 164706412 642936 0.577 0
C 1866 3981 2856 5712 165985008 648010 0.577 0
C 1867 3981 2868 5736 166682424 652087 0.557 0
C 1868 3982 2869 5738 166740542 650949 0.598 0
C 1869 3981 2852 5704 165752536 646904 0.577 0
C 1870 3981 2880 5760 167379840 652721 0.565 0
C 1871 3982 2856 5712 165985008 648304 0.570 0
C 1872 3981 2816 5632 163660288 638128 0.550 0
C 1873 3981 2847 5694 165461946 646609 0.606 0
C 1874 3982 2848 5696 165520064 645776 0.550 0
C 1875 3981 2841 5682 165113238 644917 0.576 0
C 1877 3981 2847 5694 165461946 644625 0.557 0
C 1876 3981 2866 5732 166566188 650741 0.577 0
C 1878 3982 2853 5706 165810654 647955 0.603 0
C 1879 3981 2871 5742 166856778 652055 0.585 0
C 1880 3981 2860 5720 166217480 648780 0.589 0
C 1881 3982 2858 5716 166101244 649100 0.568 0
C 1882 3981 2836 5672 164822648 644271 0.593 0
C 1883 3981 2886 5772 167728548 656462 0.616 0
C 1884 3982 2839 5678 164997002 644192 0.549 0
C 1885 3981 2856 5712 165985008 648204 0.570 0
C 1886 3981 2876 5752 167147368 652294 0.588 0
C 1887 3982 2881 5762 167437958 654489 0.589 0
C 1888 3981 2879 5758 167321722 652804 0.618 0
C 1889 3981 2836 5672 164822648 644801 0.580 0
C 1890 3981 2860 5720 166217480 650531 0.585 0
C 1891 3982 2855 5710 165926890 649005 0.598 0
C 1892 3981 2850 5700 165636300 647279 0.586 0
C 1893 3981 2869 5738 166740542 652256 0.631 0
C 1894 3982 2852 5704 165752536 647890 0.556 0
C 1895 3981 2864 5728 166449952 651265 0.579 0
C 1896 3981 2829 5658 164415822 642112 0.584 0
C 1897 3982 2856 5712 165985008 648824 0.591 0
C 1899 3981 2875 5750 167089250 652041 0.612 0
C 1898 3981 2871 5742 166856778 651230 0.660 0
C 1900 3982 2843 5686 165229474 645225 0.624 0
C 1901 3981 2863 5726 166391834 650330 0.621 0
C 1902 3981 2850 5700 165636300 646364 0.627 0
C 1903 3982 2870 5740 166798660 650777 0.599 0
C 1904 3981 2866 5732 166566188 649990 0.638 0
C 1905 3981 2844 5688 165287592 645088 0.615 0
C 1906 3981 2843 5686 165229474 646204 0.644 0
C 1907 3982 2868 5736 166682424 650620 0.641 0
C 1908 3981 2885 5770 167670430 654508 0.681 0
C 1909 3981 2859 5718 166159362 649928 0.666 0
C 1910 3982 2861 5722 166275598 650904 0.640 0
C 1911 3981 2833 5666 164648294 642481 0.605 0
C 1912 3981 2843 5686 165229474 645026 0.617 0
C 1913 3982 2862 5724 166333716 649317 0.587 0
C 1914 3981 2865 5730 166508070 650425 0.623 0
C 1915 3981 2863 5726 166391834 649475 0.593 0
C 1916 3982 2847 5694 165461946 647189 0.599 0
C 1917 3981 2826 5652 164241468 640067 0.592 0
C 1918 3981 2885 5770 167670430 654144 0.604 0
C 1920 3981 2856 5712 165985008 647547 0.592 0
C 1919 3982 2859 5718 166159362 648213 0.618 0
C 1921 3981 2849 5698 165578182 647844 0.601 0
C 1922 3981 2828 5656 164357704 641747 0.602 0
C 1923 3982 2876 5752 167147368 652735 0.607 0
C 1924 3981 2843 5686 165229474 643045 0.610 0
C 1925 3981 2875 5750 167089250 652292 0.630 0
C 1926 3982 2876 5752 167147368 654044 0.615 0
C 1927 3981 2844 5688 165287592 645746 0.609 0
C 1928 3981 2894 5788 168193492 658080 0.580 0
C 1929 3982 2879 5758 167321722 654708 0.593 0
C 1931 3981 2860 5720 166217480 649185 0.567 0
C 1930 3981 2866 5732 166566188 650627 0.613 0
C 1932 3982 2865 5730 166508070 649249 0.575 0
C 1933 3981 2829 5658 164415822 642535 0.537 0
C 1934 3981 2821 5642 163950878 639982 0.554 0
C 1935 3982 2884 5768 167612312 654121 0.574 0
C 1936 3981 2842 5684 165171356 645134 0.568 0
C 1937 3981 2829 5658 164415822 642365 0.550 0
C 1938 3981 2888 5776 167844784 656313 0.570 0
C 1939 3982 2846 5692 165403828 646325 0.538 0
C 1940 3981 2846 5692 165403828 645525 0.534 0
C 1942 3982 2840 5680 165055120 645763 0.561 0
C 1941 3981 2870 5740 166798660 652318 0.605 0
C 1943 3981 2842 5684 165171356 644893 0.600 0
C 1944 3981 2881 5762 167437958 653113 0.624 0
C 1945 3982 2836 5672 164822648 644224 0.615 0
C 1946 3981 2825 5650 164183350 641480 0.585 0
C 1947 3981 2855 5710 165926890 648045 0.610 0
C 1948 3982 2850 5700 165636300 647025 0.578 0
C 1949 3981 2874 5748 167031132 651833 0.546 0
C 1950 3981 2902 5804 168658436 657824 0.556 0
C 1951 3982 2878 5756 167263604 653856 0.561 0
C 1952 3981 2815 5630 163602170 639753 0.551 0
C 1953 3981 2856 5712 165985008 647066 0.524 0
C 1954 3981 2862 5724 166333716 649333 0.533 0
C 1955 3982 2873 5746 166973014 651309 0.539 0
C 1956 3981 2854 5708 165868772 648188 0.565 0
C 1957 3981 2858 5716 166101244 649435 0.550 0
C 1958 3982 2828 5656 164357704 642004 0.573 0
C 1959 3981 2838 5676 164938884 642975 0.579 0
C 1960 3981 2869 5738 166740542 649765 0.593 0
C 1961 3982 2841 5682 165113238 645118 0.575 0
C 1962 3981 2840 5680 165055120 642712 0.580 0
C 1963 3981 2865 5730 166508070 651002 0.539 0
C 1964 3982 2843 5686 165229474 644704 0.628 0
C 1965 3981 2840 5680 165055120 643876 0.638 0
C 1966 3981 2824 5648 164125232 642179 0.647 0
C 1967 3982 2819 5638 163834642 638627 0.644 0
C 1968 3981 2881 5762 167437958 653221 0.710 0
C 1969 3981 2864 5728 166449952 649151 0.636 0
C 1970 3981 2891 5782 168019138 655979 0.610 0
C 1971 3982 2885 5770 167670430 655066 0.612 0
C 1972 3981 2890 5780 167961020 655472 0.627 0
C 1973 3981 2849 5698 165578182 647803 0.623 0
C 1974 3982 2854 5708 165868772 648401 0.650 0
C 1975 3981 2866 5732 166566188 651518 0.645 0
C 1976 3981 2860 5720 166217480 649046 0.637 0
C 1977 3982 2852 5704 165752536 647198 0.663 0
C 1978 3981 2822 5644 164008996 641560 0.698 0
C 1979 3981 2866 5732 166566188 650413 0.738 0
C 1980 3982 2842 5684 165171356 644534 0.722 0
C 1981 3981 2880 5760 167379840 654086 0.810 0
C 1982 3981 2889 5778 167902902 655921 0.914 0
C 1983 3982 2858 5716 166101244 648330 0.831 0
C 1984 3981 2846 5692 165403828 646303 0.835 0
C 1985 3981 2853 5706 165810654 649715 0.826 0
C 1986 3981 2857 5714 166043126 649548 0.758 0
C 1987 3982 2842 5684 165171356 645217 0.694 0
C 1988 3981 2860 5720 166217480 649143 0.606 0
C 1989 3981 2821 5642 163950878 638705 0.601 0
C 1990 3982 2862 5724 166333716 649668 0.614 0
C 1991 3981 2884 5768 167612312 652952 0.616 0
C 1992 3981 2873 5746 166973014 651638 0.646 0
C 1993 3982 2837 5674 164880766 643702 0.624 0
C 1995 3981 2851 5702 165694418 646625 0.621 0
C 1994 3981 2847 5694 165461946 646096 0.667 0
C 1996 3982 2862 5724 166333716 648127 0.639 0
C 1997 3981 2887 5774 167786666 655602 0.640 0
C 1998 3981 2878 5756 167263604 653111 0.610 0
C 1999 3982 2851 5702 165694418 647273 0.551 0
# end
