# start B=18 K=3 SL=22 CL=32 J=5 LO=15148209527701 HI=24522988121318 S=32122656 T=291844 roots=2 chunks=2000 perm=1167817 filters=1 range=0-2000
C 4 944 851 1702 496718488 1939150 2.298 0
C 2 945 864 1728 504306432 1972815 2.308 0
C 1 945 860 1720 501971680 1962271 2.325 0
C 3 945 861 1722 502555368 1962314 2.331 0
C 0 944 856 1712 499636928 1952221 2.333 0
C 5 945 857 1714 500220616 1953404 2.027 0
C 9 944 856 1712 499636928 1949486 2.026 0
C 7 945 849 1698 495551112 1934978 2.038 0
C 6 945 862 1724 503139056 1967374 2.059 1 16801799724963
C 8 945 856 1712 499636928 1952698 2.046 1 16207589473377
C 10 945 859 1718 501387992 1957679 1.858 0
C 11 945 856 1712 499636928 1951219 1.873 0
C 14 945 846 1692 493800048 1930211 1.859 0
C 12 945 864 1728 504306432 1970196 1.883 0
C 13 944 868 1736 506641184 1977482 1.932 0
C 16 945 863 1726 503722744 1968148 1.810 0
C 15 945 866 1732 505473808 1974037 1.872 1 21832887309345
C 17 945 855 1710 499053240 1948908 1.831 2 18437904021652 17182058693860
C 18 944 858 1716 500804304 1954569 1.848 0
C 19 945 860 1720 501971680 1961331 1.846 0
C 20 945 856 1712 499636928 1951962 1.797 0
C 21 945 863 1726 503722744 1966641 1.813 1 15807008469948
C 22 945 862 1724 503139056 1967563 1.803 0
C 23 944 850 1700 496134800 1938162 1.820 0
C 24 945 862 1724 503139056 1965520 1.806 1 17583650842516
C 25 945 859 1718 501387992 1961071 1.801 1 17365122828735
C 27 944 856 1712 499636928 1952278 1.848 0
C 26 945 870 1740 507808560 1981407 1.856 0
C 28 945 860 1720 501971680 1960295 1.820 0
C 29 945 866 1732 505473808 1974232 1.836 1 17009493648691
C 30 945 866 1732 505473808 1974002 1.803 0
C 31 945 859 1718 501387992 1960897 1.804 0
C 32 944 848 1696 494967424 1933957 1.801 0
C 33 945 865 1730 504890120 1974661 1.843 0
C 34 945 863 1726 503722744 1966826 1.846 1 19698661063326
C 35 945 860 1720 501971680 1961126 1.899 0
C 37 944 856 1712 499636928 1950087 1.928 0
C 36 945 867 1734 506057496 1976083 2.016 0
C 38 945 871 1742 508392248 1987586 2.011 1 15402609051026
C 39 945 862 1724 503139056 1968257 1.982 1 18572799430996
C 40 945 868 1736 506641184 1976798 2.163 0
C 41 944 856 1712 499636928 1952576 2.143 0
C 42 945 863 1726 503722744 1967375 2.133 1 20185196368029
C 43 945 864 1728 504306432 1967996 2.116 0
C 44 945 855 1710 499053240 1947417 2.110 0
C 45 945 859 1718 501387992 1959181 1.868 0
C 46 944 859 1718 501387992 1957856 1.857 0
C 47 945 858 1716 500804304 1954876 1.869 2 17807301040414 18301592369221
C 48 945 859 1718 501387992 1957123 1.872 0
C 49 945 875 1750 510727000 1994670 1.908 0
C 50 944 860 1720 501971680 1961703 1.814 0
C 51 945 854 1708 498469552 1946806 1.815 0
C 52 945 854 1708 498469552 1949676 1.841 0
C 53 945 857 1714 500220616 1953280 1.818 0
C 54 945 857 1714 500220616 1954271 1.815 0
C 55 944 867 1734 506057496 1978322 1.984 0
C 56 945 861 1722 502555368 1963934 1.982 1 17125062151091
C 58 945 856 1712 499636928 1953941 1.955 1 21061218046773
C 57 945 851 1702 496718488 1940475 1.979 0
C 59 945 854 1708 498469552 1946918 1.964 0
C 60 944 857 1714 500220616 1952407 1.870 0
C 61 945 855 1710 499053240 1951761 1.930 0
C 63 945 858 1716 500804304 1956936 1.902 1 23535257340068
C 62 945 867 1734 506057496 1978393 1.974 0
C 64 944 863 1726 503722744 1968711 1.913 0
C 65 945 857 1714 500220616 1951799 1.859 0
C 66 945 870 1740 507808560 1984382 1.907 3 19881897806324 24117625709624 20304733268301
C 67 945 864 1728 504306432 1970071 1.893 0
C 69 944 844 1688 492632672 1925511 1.844 0
C 68 945 865 1730 504890120 1974056 1.936 0
C 70 945 861 1722 502555368 1961617 1.783 0
C 71 945 867 1734 506057496 1979954 1.840 0
C 72 945 861 1722 502555368 1961730 1.817 1 20130852158051
C 73 945 862 1724 503139056 1966077 1.805 0
C 74 944 864 1728 504306432 1970213 1.831 0
C 75 945 857 1714 500220616 1955811 1.806 1 15330238050517
C 76 945 856 1712 499636928 1952782 1.828 0
C 78 944 858 1716 500804304 1956170 1.847 0
C 77 945 864 1728 504306432 1970147 1.868 0
C 79 945 857 1714 500220616 1952527 1.840 0
C 80 945 864 1728 504306432 1969066 1.891 0
C 83 944 850 1700 496134800 1937907 1.864 1 24158730970956
C 82 945 859 1718 501387992 1959274 1.886 1 23690551499419
C 81 945 866 1732 505473808 1975086 1.968 0
C 84 945 865 1730 504890120 1973416 1.945 0
C 85 945 861 1722 502555368 1961135 1.914 0
C 86 945 864 1728 504306432 1967980 1.919 0
C 87 944 858 1716 500804304 1957439 1.922 0
C 88 945 856 1712 499636928 1952338 1.913 1 22304483156166
C 89 945 868 1736 506641184 1979243 1.997 0
C 90 945 862 1724 503139056 1969817 1.873 0
C 92 944 857 1714 500220616 1953050 1.854 0
C 91 945 861 1722 502555368 1964903 1.874 0
C 93 945 858 1716 500804304 1956034 1.881 0
C 94 945 853 1706 497885864 1945711 1.863 0
C 95 945 861 1722 502555368 1962777 1.862 0
C 97 944 857 1714 500220616 1953337 1.832 0
C 96 945 866 1732 505473808 1973903 1.887 0
C 98 945 871 1742 508392248 1986190 1.875 0
C 99 945 856 1712 499636928 1952472 1.854 1 20944805121070
C 100 945 866 1732 505473808 1976855 1.871 0
C 101 944 864 1728 504306432 1968161 1.846 1 19337815179082
C 102 945 860 1720 501971680 1959775 1.848 0
C 103 945 865 1730 504890120 1972390 1.874 0
C 104 945 861 1722 502555368 1964502 1.854 0
C 105 945 863 1726 503722744 1970267 1.868 0
C 106 944 852 1704 497302176 1942129 1.915 0
C 107 945 859 1718 501387992 1957860 1.927 0
C 108 945 868 1736 506641184 1980538 1.961 0
C 109 945 858 1716 500804304 1955828 1.881 1 20772316110458
C 110 945 863 1726 503722744 1969345 1.846 0
C 111 944 865 1730 504890120 1972217 1.892 0
C 112 945 865 1730 504890120 1970933 1.930 0
C 113 945 863 1726 503722744 1966703 1.870 1 23502143688245
C 114 945 862 1724 503139056 1966294 1.858 0
C 115 944 866 1732 505473808 1972189 1.942 0
C 116 945 861 1722 502555368 1962327 1.892 0
C 118 945 848 1696 494967424 1935150 1.856 0
C 117 945 859 1718 501387992 1957053 1.916 0
C 119 945 863 1726 503722744 1966660 1.992 0
C 120 944 854 1708 498469552 1949774 1.922 0
C 121 945 864 1728 504306432 1972597 1.889 0
C 122 945 858 1716 500804304 1956474 1.881 1 20956479337814
C 123 945 867 1734 506057496 1977608 1.932 1 17139989041907
C 124 945 860 1720 501971680 1959683 1.866 0
C 125 944 859 1718 501387992 1958904 1.805 0
C 126 945 868 1736 506641184 1978878 1.847 0
C 127 945 868 1736 506641184 1976009 1.820 0
C 128 945 857 1714 500220616 1955558 1.829 0
C 129 944 865 1730 504890120 1971908 1.842 0
C 130 945 858 1716 500804304 1956728 1.788 0
C 131 945 858 1716 500804304 1957315 1.828 0
C 132 945 862 1724 503139056 1969850 1.832 0
C 133 945 861 1722 502555368 1962943 1.825 0
C 134 944 856 1712 499636928 1952178 1.804 0
C 135 945 864 1728 504306432 1970596 1.798 0
C 136 945 866 1732 505473808 1973552 1.878 0
C 137 945 865 1730 504890120 1972953 1.863 0
C 138 944 862 1724 503139056 1965916 1.826 1 20103305998372
C 139 945 857 1714 500220616 1953162 1.792 0
C 140 945 866 1732 505473808 1974661 1.848 0
C 141 945 866 1732 505473808 1972914 1.857 0
C 142 945 865 1730 504890120 1971439 1.872 1 19187340287733
C 143 944 845 1690 493216360 1926193 1.843 0
C 144 945 861 1722 502555368 1961466 1.836 0
C 145 945 870 1740 507808560 1984595 1.826 1 20721572213145
C 146 945 863 1726 503722744 1964949 1.867 0
C 147 945 862 1724 503139056 1965202 1.848 0
C 148 944 865 1730 504890120 1970658 1.879 0
C 149 945 870 1740 507808560 1982535 1.896 0
C 150 945 861 1722 502555368 1964686 1.842 0
C 151 945 863 1726 503722744 1968142 1.845 0
C 152 944 862 1724 503139056 1966049 1.882 0
C 153 945 859 1718 501387992 1959032 1.846 0
C 154 945 865 1730 504890120 1972999 1.889 0
C 155 945 858 1716 500804304 1956334 1.794 0
C 156 945 861 1722 502555368 1962914 1.862 1 23147503585948
C 157 944 864 1728 504306432 1972423 1.847 0
C 158 945 858 1716 500804304 1958887 1.864 0
C 159 945 854 1708 498469552 1950270 1.844 0
C 160 945 860 1720 501971680 1963402 1.824 1 20472919480382
C 161 945 861 1722 502555368 1964135 1.869 1 18318719602338
C 162 944 850 1700 496134800 1936455 1.831 1 17027872553541
C 163 945 858 1716 500804304 1956198 1.831 0
C 164 945 856 1712 499636928 1952265 1.853 0
C 165 945 858 1716 500804304 1954608 1.811 1 16656350857112
C 166 944 854 1708 498469552 1946040 1.834 0
C 168 945 853 1706 497885864 1945439 1.844 1 19227533134551
C 167 945 872 1744 508975936 1988510 1.889 0
C 169 945 860 1720 501971680 1962619 1.849 0
C 170 945 855 1710 499053240 1951240 1.817 0
C 171 944 851 1702 496718488 1941936 1.885 0
C 172 945 861 1722 502555368 1963347 1.876 0
C 173 945 860 1720 501971680 1959197 1.870 1 17474660302199
C 174 945 865 1730 504890120 1972418 1.920 0
C 175 944 859 1718 501387992 1959585 1.903 0
C 176 945 863 1726 503722744 1969538 1.914 0
C 178 945 866 1732 505473808 1975457 1.999 0
C 177 945 870 1740 507808560 1984810 2.003 0
C 179 945 869 1738 507224872 1979158 1.952 1 20594462414043
C 180 944 849 1698 495551112 1936918 1.990 2 20677487058601 23917805031359
C 181 945 861 1722 502555368 1963189 2.260 0
C 183 945 857 1714 500220616 1956034 2.224 0
C 182 945 872 1744 508975936 1987226 2.245 0
C 184 945 860 1720 501971680 1961588 2.247 0
C 185 944 863 1726 503722744 1967875 2.620 0
C 186 945 861 1722 502555368 1965213 2.660 0
C 187 945 866 1732 505473808 1972769 2.681 0
C 188 945 868 1736 506641184 1978204 2.676 0
C 189 944 859 1718 501387992 1959494 2.667 0
C 190 945 855 1710 499053240 1951346 2.387 1 17422692272133
C 191 945 856 1712 499636928 1950648 2.309 0
C 192 945 862 1724 503139056 1964156 2.280 0
C 193 945 862 1724 503139056 1962457 2.308 0
C 194 944 855 1710 499053240 1950485 2.299 0
C 195 945 855 1710 499053240 1948939 2.087 1 17036302245535
C 196 945 864 1728 504306432 1970092 1.902 0
C 197 945 862 1724 503139056 1964933 1.885 0
C 198 945 863 1726 503722744 1968036 1.863 0
C 199 944 856 1712 499636928 1952545 1.854 1 16373719110730
C 200 945 867 1734 506057496 1976672 1.881 0
C 201 945 863 1726 503722744 1966573 1.828 0
C 202 945 865 1730 504890120 1971678 1.855 0
C 203 944 866 1732 505473808 1977238 1.856 1 23719653640230
C 204 945 860 1720 501971680 1961056 1.825 2 17086242135872 22074837702433
C 205 945 866 1732 505473808 1976886 1.854 0
C 206 945 865 1730 504890120 1974121 1.868 0
C 207 945 861 1722 502555368 1960894 1.826 0
C 208 944 858 1716 500804304 1958472 1.836 0
C 209 945 867 1734 506057496 1977944 1.855 0
C 210 945 853 1706 497885864 1945215 1.810 0
C 211 945 859 1718 501387992 1958674 1.860 0
C 212 944 861 1722 502555368 1961900 1.864 0
C 213 945 858 1716 500804304 1955303 1.878 0
C 214 945 863 1726 503722744 1968234 1.879 0
C 215 945 858 1716 500804304 1955587 1.824 1 23721605150827
C 216 945 863 1726 503722744 1968105 1.857 1 23524928126248
C 217 944 856 1712 499636928 1951861 1.842 0
C 218 945 859 1718 501387992 1958469 1.853 0
C 219 945 864 1728 504306432 1969480 1.850 0
C 220 945 868 1736 506641184 1978376 1.895 0
C 221 945 853 1706 497885864 1943702 1.875 0
C 223 945 855 1710 499053240 1952704 1.838 0
C 222 944 857 1714 500220616 1955901 1.898 0
C 224 945 859 1718 501387992 1956118 1.886 0
C 225 945 854 1708 498469552 1946450 1.850 0
C 226 944 861 1722 502555368 1965076 1.808 0
C 228 945 867 1734 506057496 1975726 1.835 0
C 227 945 853 1706 497885864 1945081 1.858 0
C 229 945 858 1716 500804304 1957178 1.835 0
C 230 945 865 1730 504890120 1971631 1.823 0
C 231 944 847 1694 494383736 1931528 1.768 0
C 233 945 855 1710 499053240 1949819 1.821 0
C 232 945 870 1740 507808560 1982641 1.884 0
C 234 945 861 1722 502555368 1964131 1.852 0
C 235 945 862 1724 503139056 1967573 1.816 0
C 236 944 852 1704 497302176 1941488 1.830 0
C 237 945 867 1734 506057496 1976592 1.818 0
C 238 945 861 1722 502555368 1964149 1.826 0
C 239 945 867 1734 506057496 1977533 1.874 0
C 240 944 859 1718 501387992 1956704 1.783 0
C 241 945 865 1730 504890120 1973156 1.883 0
C 242 945 858 1716 500804304 1956510 1.896 1 22766800648367
C 243 945 863 1726 503722744 1968778 1.911 1 23371962786647
C 244 945 864 1728 504306432 1968625 1.902 0
C 245 944 857 1714 500220616 1953512 1.882 0
C 246 945 860 1720 501971680 1961872 1.830 0
C 247 945 853 1706 497885864 1942412 1.794 0
C 248 945 873 1746 509559624 1987724 1.868 0
C 249 945 865 1730 504890120 1971999 1.824 0
C 250 944 860 1720 501971680 1960430 1.817 0
C 251 945 870 1740 507808560 1982582 1.913 1 16419719224358
C 252 945 867 1734 506057496 1975408 1.869 0
C 253 945 862 1724 503139056 1964713 1.856 0
C 254 944 846 1692 493800048 1931032 1.842 0
C 255 945 864 1728 504306432 1970394 1.857 0
C 256 945 867 1734 506057496 1975845 1.927 0
C 257 945 854 1708 498469552 1947211 1.908 0
C 258 945 857 1714 500220616 1953850 1.851 0
C 259 944 866 1732 505473808 1974789 1.942 0
C 260 945 862 1724 503139056 1965472 1.876 1 15244456725401
C 261 945 864 1728 504306432 1968982 1.871 3 23332833040081 15393160289085 19483485421307
C 262 945 856 1712 499636928 1953927 1.858 0
C 263 944 868 1736 506641184 1977512 1.898 0
C 264 945 860 1720 501971680 1958765 1.844 0
C 265 945 861 1722 502555368 1961998 1.858 1 20085228792880
C 266 945 863 1726 503722744 1967029 1.852 1 16227823314356
C 267 945 868 1736 506641184 1978231 1.862 1 18955933538442
C 268 944 854 1708 498469552 1946313 1.856 2 23584654774106 21161266046016
C 269 945 866 1732 505473808 1975257 1.902 0
C 270 945 855 1710 499053240 1948922 1.837 0
C 271 945 870 1740 507808560 1983829 1.871 0
C 272 945 864 1728 504306432 1969415 1.853 0
C 273 944 850 1700 496134800 1935421 1.829 0
C 274 945 857 1714 500220616 1952980 1.872 0
C 275 945 862 1724 503139056 1966882 1.884 0
C 276 945 867 1734 506057496 1976600 1.911 0
C 277 944 862 1724 503139056 1966044 1.908 0
C 278 945 856 1712 499636928 1951994 1.910 2 21967947057909 21431504145428
C 279 945 859 1718 501387992 1959076 1.891 0
C 280 945 857 1714 500220616 1953766 1.873 0
C 282 944 849 1698 495551112 1932533 1.884 0
C 281 945 869 1738 507224872 1982441 1.959 1 18970239105030
C 283 945 863 1726 503722744 1967908 1.907 0
C 284 945 864 1728 504306432 1966476 1.911 0
C 285 945 861 1722 502555368 1964790 1.914 0
C 286 945 863 1726 503722744 1968322 1.919 0
C 287 944 856 1712 499636928 1949553 1.907 0
C 288 945 862 1724 503139056 1969478 1.944 0
C 289 945 854 1708 498469552 1950371 1.901 0
C 290 945 869 1738 507224872 1979615 1.898 0
C 291 944 852 1704 497302176 1941695 1.890 0
C 292 945 860 1720 501971680 1960344 1.898 0
C 293 945 871 1742 508392248 1987340 1.933 1 16425870376162
C 294 945 868 1736 506641184 1980122 1.919 0
C 295 945 859 1718 501387992 1957112 1.946 0
C 296 944 865 1730 504890120 1970828 1.921 1 15856226479832
C 297 945 853 1706 497885864 1945541 1.902 0
C 298 945 855 1710 499053240 1949737 1.917 0
C 299 945 861 1722 502555368 1963342 1.885 0
C 300 944 863 1726 503722744 1967073 1.841 0
C 302 945 862 1724 503139056 1964993 1.829 0
C 301 945 856 1712 499636928 1950600 1.872 1 20574439169624
C 303 945 867 1734 506057496 1979090 1.893 0
C 304 945 860 1720 501971680 1964181 1.853 0
C 305 944 853 1706 497885864 1946912 1.814 0
C 306 945 857 1714 500220616 1956724 1.855 0
C 307 945 859 1718 501387992 1960895 1.830 0
C 308 945 870 1740 507808560 1982825 1.887 0
C 309 945 868 1736 506641184 1979192 1.868 0
C 310 944 853 1706 497885864 1943927 1.811 0
C 311 945 864 1728 504306432 1969312 1.853 0
C 312 945 868 1736 506641184 1980154 1.849 0
C 313 945 856 1712 499636928 1952363 1.822 0
C 314 944 859 1718 501387992 1958657 1.816 1 22562354992975
C 315 945 860 1720 501971680 1960973 1.789 0
C 317 945 847 1694 494383736 1932495 1.816 0
C 316 945 863 1726 503722744 1966450 1.840 1 21657544451578
C 318 945 857 1714 500220616 1955327 1.826 0
C 319 944 848 1696 494967424 1934539 1.798 0
C 320 945 864 1728 504306432 1968894 1.789 0
C 321 945 858 1716 500804304 1956908 1.825 0
C 322 945 861 1722 502555368 1962702 1.834 0
C 323 945 860 1720 501971680 1961177 1.801 1 22071826691656
C 324 944 861 1722 502555368 1962963 1.813 0
C 325 945 862 1724 503139056 1965662 1.781 0
C 326 945 866 1732 505473808 1973950 1.833 2 19106579597929 22917684694916
C 327 945 858 1716 500804304 1955242 1.827 0
C 328 944 857 1714 500220616 1954187 1.823 0
C 329 945 854 1708 498469552 1946896 1.824 0
C 330 945 861 1722 502555368 1962067 1.818 0
C 331 945 864 1728 504306432 1968842 1.867 1 23239294815104
C 332 945 858 1716 500804304 1956931 1.860 0
C 333 944 866 1732 505473808 1976686 1.895 0
C 334 945 869 1738 507224872 1981441 1.879 0
C 335 945 868 1736 506641184 1979974 1.883 0
C 337 944 863 1726 503722744 1967703 1.859 0
C 336 945 862 1724 503139056 1967729 1.874 0
C 338 945 860 1720 501971680 1960137 1.885 0
C 339 945 857 1714 500220616 1955778 1.876 0
C 340 945 855 1710 499053240 1947025 1.847 0
C 342 944 851 1702 496718488 1937988 1.815 0
C 341 945 857 1714 500220616 1952350 1.850 1 19329564997414
C 343 945 863 1726 503722744 1965643 1.862 1 16467563178557
C 344 945 863 1726 503722744 1968750 1.855 0
C 345 945 869 1738 507224872 1982831 1.828 0
C 346 945 853 1706 497885864 1946184 1.821 0
C 347 944 856 1712 499636928 1952554 1.830 0
C 348 945 861 1722 502555368 1965329 1.800 0
C 349 945 861 1722 502555368 1966433 1.819 0
C 350 945 858 1716 500804304 1954809 1.826 0
C 351 944 856 1712 499636928 1952120 1.837 1 17370141685405
C 352 945 862 1724 503139056 1963898 1.808 0
C 354 945 864 1728 504306432 1970768 1.828 1 15233453643428
C 353 945 865 1730 504890120 1970552 1.862 1 18297059934875
C 355 945 864 1728 504306432 1966868 1.804 1 20956110337804
C 356 944 848 1696 494967424 1932456 1.810 0
C 357 945 860 1720 501971680 1960319 1.835 0
C 359 945 862 1724 503139056 1965328 1.818 0
C 358 945 862 1724 503139056 1965351 1.857 0
C 360 945 868 1736 506641184 1980550 1.856 0
C 361 944 864 1728 504306432 1969093 1.844 0
C 362 945 862 1724 503139056 1964679 1.860 0
C 363 945 869 1738 507224872 1979532 1.831 0
C 364 945 864 1728 504306432 1970220 1.831 0
C 365 944 856 1712 499636928 1950715 1.817 0
C 366 945 859 1718 501387992 1958303 1.827 0
C 367 945 867 1734 506057496 1975864 1.858 0
C 368 945 860 1720 501971680 1960989 1.812 0
C 369 945 859 1718 501387992 1956472 1.834 1 17603895859773
C 370 944 861 1722 502555368 1963337 1.819 0
C 371 945 863 1726 503722744 1968319 1.861 0
C 372 945 864 1728 504306432 1968018 1.815 0
C 373 945 860 1720 501971680 1961651 1.815 0
C 374 945 865 1730 504890120 1974453 1.858 0
C 375 944 864 1728 504306432 1971341 1.804 0
C 376 945 866 1732 505473808 1975039 1.884 0
C 377 945 861 1722 502555368 1962671 1.876 0
C 378 945 859 1718 501387992 1958076 1.850 1 23583770849485
C 379 944 859 1718 501387992 1959206 1.850 0
C 380 945 862 1724 503139056 1965723 1.854 1 16739655069321
C 381 945 857 1714 500220616 1952164 2.180 0
C 382 945 868 1736 506641184 1979194 2.222 0
C 383 945 865 1730 504890120 1970690 2.256 0
C 384 944 852 1704 497302176 1942389 2.245 0
C 385 945 851 1702 496718488 1940295 2.237 0
C 386 945 855 1710 499053240 1947274 2.021 1 18126056204692
C 387 945 859 1718 501387992 1959380 1.986 0
C 388 944 851 1702 496718488 1942451 1.960 0
C 389 945 856 1712 499636928 1953037 1.986 0
C 390 945 856 1712 499636928 1951202 1.964 1 22993904135740
C 391 945 857 1714 500220616 1953689 1.859 0
C 392 945 859 1718 501387992 1960239 1.841 1 15160298367028
C 393 944 850 1700 496134800 1936772 1.852 0
C 394 945 861 1722 502555368 1961102 1.861 1 22169110831271
C 395 945 864 1728 504306432 1971268 1.828 0
C 396 945 864 1728 504306432 1970595 1.969 0
C 397 945 855 1710 499053240 1949748 1.978 0
C 398 944 856 1712 499636928 1952297 2.021 0
C 399 945 869 1738 507224872 1981797 2.048 0
C 400 945 864 1728 504306432 1970529 1.950 0
C 401 945 864 1728 504306432 1968108 1.887 0
C 402 944 850 1700 496134800 1939959 1.882 0
C 403 945 855 1710 499053240 1948399 1.875 0
C 404 945 866 1732 505473808 1975242 1.925 0
C 405 945 861 1722 502555368 1965737 1.855 0
C 406 945 859 1718 501387992 1958718 1.839 0
C 407 944 868 1736 506641184 1977172 1.894 0
C 408 945 869 1738 507224872 1982007 1.867 0
C 410 945 862 1724 503139056 1965522 1.810 0
C 409 945 856 1712 499636928 1950473 1.836 0
C 411 945 861 1722 502555368 1962292 1.846 0
C 412 944 857 1714 500220616 1954970 1.842 0
C 413 945 865 1730 504890120 1972091 1.869 0
C 414 945 858 1716 500804304 1957736 1.787 0
C 415 945 869 1738 507224872 1983005 1.870 0
C 416 944 851 1702 496718488 1938043 1.834 0
C 417 945 859 1718 501387992 1960596 1.822 0
C 418 945 863 1726 503722744 1969984 1.848 0
C 419 945 868 1736 506641184 1979172 1.913 0
C 420 945 851 1702 496718488 1941434 1.834 0
C 421 944 853 1706 497885864 1944140 1.877 1 20676795383290
C 422 945 862 1724 503139056 1965949 1.883 1 21823115888270
C 423 945 863 1726 503722744 1967734 1.863 1 15355113247869
C 424 945 861 1722 502555368 1965668 1.854 0
C 425 944 864 1728 504306432 1970263 1.905 0
C 426 945 864 1728 504306432 1972468 1.837 0
C 427 945 868 1736 506641184 1978148 1.862 0
C 428 945 854 1708 498469552 1947582 1.837 0
C 429 945 861 1722 502555368 1962006 1.802 0
C 430 944 852 1704 497302176 1944129 1.886 0
C 431 945 867 1734 506057496 1978269 1.863 0
C 432 945 857 1714 500220616 1955726 1.845 0
C 433 945 864 1728 504306432 1969912 1.871 0
C 434 945 858 1716 500804304 1955250 1.826 2 23538348322688 16031089591054
C 435 944 856 1712 499636928 1951041 1.801 0
C 436 945 859 1718 501387992 1959010 1.821 1 23694356607259
C 437 945 868 1736 506641184 1979788 1.875 0
C 439 944 857 1714 500220616 1953425 1.963 0
C 438 945 868 1736 506641184 1978834 2.120 0
C 440 945 853 1706 497885864 1946244 2.123 0
C 441 945 861 1722 502555368 1962717 2.378 0
C 442 945 864 1728 504306432 1969156 2.333 0
C 443 945 856 1712 499636928 1950118 2.210 0
C 444 944 868 1736 506641184 1980426 2.177 0
C 445 945 863 1726 503722744 1968603 2.075 1 23087999804927
C 446 945 867 1734 506057496 1980662 1.965 1 17487072383560
C 447 945 860 1720 501971680 1961390 1.949 0
C 448 945 860 1720 501971680 1960713 1.903 1 17205335129204
C 449 944 858 1716 500804304 1959895 1.950 0
C 450 945 854 1708 498469552 1945116 1.971 1 16594930287092
C 451 945 862 1724 503139056 1966426 1.904 0
C 452 945 854 1708 498469552 1944181 1.867 0
C 453 944 864 1728 504306432 1970586 1.843 0
C 454 945 859 1718 501387992 1961623 1.873 0
C 455 945 860 1720 501971680 1964098 1.851 0
C 456 945 861 1722 502555368 1966240 1.828 0
C 457 945 859 1718 501387992 1958833 1.821 0
C 458 944 853 1706 497885864 1943007 1.817 0
C 459 945 866 1732 505473808 1973893 1.860 0
C 460 945 865 1730 504890120 1973735 1.897 0
C 461 945 863 1726 503722744 1970582 1.800 0
C 462 944 857 1714 500220616 1955299 1.827 1 24064541478667
C 463 945 854 1708 498469552 1946574 1.847 1 17504200117904
C 464 945 870 1740 507808560 1980754 1.871 1 18047358125602
C 465 945 864 1728 504306432 1971265 1.921 0
C 467 944 846 1692 493800048 1930665 1.852 0
C 466 945 866 1732 505473808 1973670 1.923 0
C 468 945 869 1738 507224872 1981370 1.937 2 20885188412382 21069649192982
C 469 945 870 1740 507808560 1983766 1.922 0
C 470 945 863 1726 503722744 1967382 1.840 0
C 472 944 856 1712 499636928 1953815 1.838 0
C 471 945 865 1730 504890120 1973287 1.882 1 18861514842122
C 473 945 863 1726 503722744 1968099 1.813 1 24438252298143
C 474 945 871 1742 508392248 1984180 1.854 0
C 475 945 866 1732 505473808 1977437 1.843 0
C 477 945 853 1706 497885864 1944100 1.844 0
C 476 944 852 1704 497302176 1944697 1.868 1 23714086692679
C 478 945 869 1738 507224872 1978723 1.891 0
C 479 945 860 1720 501971680 1961702 1.852 0
C 480 945 867 1734 506057496 1974915 1.894 0
C 481 944 869 1738 507224872 1984008 1.925 0
C 482 945 868 1736 506641184 1977093 1.926 0
C 483 945 860 1720 501971680 1962706 1.834 0
C 484 945 863 1726 503722744 1963639 1.885 0
C 485 945 860 1720 501971680 1960297 1.870 0
C 486 944 857 1714 500220616 1953068 1.842 1 22852471483531
C 487 945 864 1728 504306432 1969157 1.839 0
C 488 945 859 1718 501387992 1959670 1.805 0
C 489 945 851 1702 496718488 1940050 1.820 1 24482109954778
C 490 944 866 1732 505473808 1975323 1.864 0
C 492 945 853 1706 497885864 1945148 1.812 1 23065476968535
C 491 945 862 1724 503139056 1967048 1.860 0
C 493 945 869 1738 507224872 1981993 1.868 0
C 494 945 867 1734 506057496 1978649 1.871 0
C 495 944 855 1710 499053240 1951781 1.863 0
C 496 945 861 1722 502555368 1964491 1.857 0
C 497 945 864 1728 504306432 1970131 1.863 0
C 498 945 858 1716 500804304 1954738 1.815 1 21913771019002
C 499 945 872 1744 508975936 1988754 1.870 0
C 500 944 860 1720 501971680 1958778 1.853 0
C 501 945 853 1706 497885864 1943455 1.846 1 22729772859899
C 502 945 853 1706 497885864 1944431 1.849 1 16799795165407
C 503 945 866 1732 505473808 1973650 1.852 0
C 504 944 846 1692 493800048 1927933 1.790 1 20072823890108
C 505 945 861 1722 502555368 1963081 1.855 0
C 506 945 862 1724 503139056 1966730 1.863 1 21060063550066
C 507 945 849 1698 495551112 1934668 1.882 1 24432365352316
C 508 945 857 1714 500220616 1956200 1.821 1 18777216141796
C 509 944 855 1710 499053240 1948814 1.843 0
C 510 945 867 1734 506057496 1975775 1.887 0
C 511 945 870 1740 507808560 1981102 1.878 0
C 513 944 849 1698 495551112 1936864 1.808 0
C 512 945 865 1730 504890120 1972892 1.893 0
C 514 945 855 1710 499053240 1947756 1.830 0
C 515 945 866 1732 505473808 1975450 1.900 0
C 517 945 859 1718 501387992 1958336 1.826 1 21177575039417
C 516 945 862 1724 503139056 1965852 1.878 0
C 518 944 866 1732 505473808 1974263 1.909 0
C 519 945 867 1734 506057496 1978637 2.044 0
C 520 945 856 1712 499636928 1951844 2.024 1 18144898024182
C 521 945 861 1722 502555368 1961869 1.943 0
C 522 945 863 1726 503722744 1969243 1.969 0
C 523 944 860 1720 501971680 1961767 1.935 0
C 524 945 859 1718 501387992 1957443 1.838 1 19463525461887
C 525 945 861 1722 502555368 1963175 1.827 0
C 526 945 865 1730 504890120 1972390 1.850 0
C 527 944 849 1698 495551112 1937084 1.848 0
C 528 945 865 1730 504890120 1973790 1.876 2 19716267682708 23130727160887
C 529 945 865 1730 504890120 1971808 1.872 0
C 530 945 867 1734 506057496 1975250 1.889 0
C 531 945 866 1732 505473808 1974154 1.838 0
C 532 944 855 1710 499053240 1949331 1.802 0
C 533 945 863 1726 503722744 1968311 1.808 1 20140793776020
C 534 945 867 1734 506057496 1975953 1.897 0
C 535 945 863 1726 503722744 1967048 1.870 0
C 536 945 862 1724 503139056 1966160 1.832 1 23948472561070
C 537 944 860 1720 501971680 1959068 1.815 0
C 538 945 867 1734 506057496 1976546 1.871 1 23832179000477
C 539 945 851 1702 496718488 1939571 1.835 0
C 540 945 865 1730 504890120 1974181 1.821 0
C 541 944 854 1708 498469552 1945471 1.777 0
C 542 945 866 1732 505473808 1974185 1.837 0
C 543 945 860 1720 501971680 1957640 1.795 2 16772301685652 23005117459568
C 544 945 862 1724 503139056 1965910 1.840 2 18446051762018 24314349095294
C 545 945 858 1716 500804304 1956498 1.812 1 21452046696599
C 546 944 855 1710 499053240 1948508 1.792 0
C 547 945 855 1710 499053240 1951179 1.818 0
C 548 945 856 1712 499636928 1952584 1.827 0
C 549 945 871 1742 508392248 1988604 1.870 0
C 550 944 859 1718 501387992 1959252 1.830 0
C 551 945 857 1714 500220616 1955190 1.802 0
C 552 945 858 1716 500804304 1956381 1.810 0
C 553 945 859 1718 501387992 1956723 1.829 0
C 554 945 859 1718 501387992 1958757 1.832 1 22091900181104
C 555 944 864 1728 504306432 1969172 1.833 0
C 556 945 864 1728 504306432 1970746 1.789 0
C 557 945 857 1714 500220616 1954020 1.808 1 18092656081668
C 558 945 862 1724 503139056 1966790 1.811 0
C 559 945 858 1716 500804304 1956707 1.832 0
C 560 944 860 1720 501971680 1961254 1.813 0
C 561 945 854 1708 498469552 1946415 1.822 0
C 562 945 856 1712 499636928 1950684 1.854 0
C 563 945 858 1716 500804304 1955667 1.871 0
C 564 944 853 1706 497885864 1944238 1.845 0
C 565 945 862 1724 503139056 1966251 1.839 0
C 566 945 862 1724 503139056 1965142 1.800 0
C 567 945 860 1720 501971680 1961478 1.803 0
C 568 945 859 1718 501387992 1958306 1.794 0
C 569 944 849 1698 495551112 1938238 1.820 1 23849860540217
C 570 945 865 1730 504890120 1971943 1.852 0
C 571 945 865 1730 504890120 1969050 1.929 0
C 572 945 864 1728 504306432 1970310 1.924 1 18571641587822
C 573 945 849 1698 495551112 1936912 1.920 0
C 574 944 864 1728 504306432 1969351 1.926 1 16043803237948
C 575 945 855 1710 499053240 1947390 1.955 0
C 576 945 859 1718 501387992 1958888 1.868 0
C 577 945 869 1738 507224872 1983321 1.945 0
C 578 944 860 1720 501971680 1960845 1.898 0
C 579 945 860 1720 501971680 1961825 1.880 0
C 580 945 852 1704 497302176 1942526 1.861 1 21898415500250
C 581 945 871 1742 508392248 1986720 1.875 0
C 582 945 864 1728 504306432 1970222 1.905 0
C 583 944 859 1718 501387992 1956972 1.859 0
C 584 945 864 1728 504306432 1969663 1.938 0
C 585 945 868 1736 506641184 1979746 1.884 0
C 586 945 868 1736 506641184 1978848 1.872 0
C 587 944 846 1692 493800048 1931091 1.829 0
C 588 945 855 1710 499053240 1949262 1.859 1 16015996991717
C 589 945 861 1722 502555368 1961868 1.861 0
C 590 945 859 1718 501387992 1960349 1.838 0
C 591 945 865 1730 504890120 1971483 1.852 0
C 592 944 864 1728 504306432 1970868 1.832 0
C 593 945 860 1720 501971680 1960014 1.845 0
C 594 945 855 1710 499053240 1949426 1.836 0
C 595 945 866 1732 505473808 1972724 1.856 0
C 596 945 867 1734 506057496 1977972 1.833 1 17762038892383
C 597 944 859 1718 501387992 1958717 1.812 0
C 598 945 866 1732 505473808 1976743 1.865 0
C 599 945 858 1716 500804304 1952123 1.821 0
C 600 945 869 1738 507224872 1980893 1.856 1 24176077242325
C 601 944 860 1720 501971680 1963642 1.823 0
C 602 945 863 1726 503722744 1966015 1.835 2 21744205150349 19902860824750
C 603 945 859 1718 501387992 1958993 1.860 0
C 604 945 861 1722 502555368 1965816 1.838 0
C 605 945 866 1732 505473808 1974734 1.846 0
C 606 944 850 1700 496134800 1938007 1.802 2 19685838108269 23586596713432
C 607 945 857 1714 500220616 1953907 1.822 0
C 608 945 865 1730 504890120 1973212 1.862 0
C 609 945 862 1724 503139056 1963756 1.824 0
C 610 945 856 1712 499636928 1951700 1.794 0
C 611 944 858 1716 500804304 1955093 1.815 1 15264789296243
C 612 945 852 1704 497302176 1943311 1.808 0
C 613 945 858 1716 500804304 1954760 1.838 1 20604456241988
C 614 945 870 1740 507808560 1984259 1.854 0
C 615 944 858 1716 500804304 1956133 1.809 0
C 616 945 867 1734 506057496 1980212 1.833 1 16210344801229
C 617 945 866 1732 505473808 1976915 1.842 1 23233402623894
C 618 945 855 1710 499053240 1946186 1.820 0
C 619 945 861 1722 502555368 1962518 1.799 0
C 620 944 857 1714 500220616 1950125 1.807 0
C 621 945 870 1740 507808560 1983265 1.806 0
C 622 945 860 1720 501971680 1958470 1.823 0
C 623 945 859 1718 501387992 1956390 1.814 0
C 624 945 858 1716 500804304 1957337 1.821 0
C 625 944 860 1720 501971680 1959642 1.807 0
C 626 945 871 1742 508392248 1982988 1.810 0
C 627 945 872 1744 508975936 1988170 1.835 0
C 628 945 857 1714 500220616 1952306 1.827 0
C 629 944 865 1730 504890120 1973236 1.861 0
C 630 945 861 1722 502555368 1964132 1.827 0
C 631 945 855 1710 499053240 1949064 1.822 1 24353970990925
C 632 945 869 1738 507224872 1982450 1.868 0
C 633 945 859 1718 501387992 1960378 1.810 0
C 634 944 863 1726 503722744 1968629 1.824 0
C 635 945 860 1720 501971680 1961824 1.821 1 23331320514703
C 636 945 862 1724 503139056 1965199 1.784 0
C 637 945 859 1718 501387992 1959385 1.818 1 16738259161462
C 638 944 853 1706 497885864 1943895 1.806 1 24358533725526
C 639 945 861 1722 502555368 1966848 1.792 0
C 640 945 860 1720 501971680 1961818 1.821 1 17225865414229
C 641 945 864 1728 504306432 1967747 1.782 0
C 642 945 866 1732 505473808 1974080 1.835 1 23875037202003
C 643 944 849 1698 495551112 1935313 1.821 0
C 644 945 864 1728 504306432 1973856 1.830 0
C 645 945 871 1742 508392248 1987300 1.865 0
C 646 945 868 1736 506641184 1980281 1.831 1 15261401292905
C 647 945 863 1726 503722744 1966505 1.821 0
C 648 944 861 1722 502555368 1964115 1.835 0
C 649 945 866 1732 505473808 1973856 1.910 1 24188458658831
C 650 945 860 1720 501971680 1962321 1.883 0
C 651 945 861 1722 502555368 1963032 1.847 0
C 652 944 855 1710 499053240 1950565 1.839 2 16411642918096 15382871291993
C 653 945 857 1714 500220616 1952098 1.886 0
C 654 945 862 1724 503139056 1964739 1.845 1 15557640949370
C 655 945 854 1708 498469552 1949561 1.866 0
C 656 945 856 1712 499636928 1953436 1.804 0
C 657 944 864 1728 504306432 1967212 1.832 0
C 658 945 863 1726 503722744 1967409 6.445 1 23001850045832
C 659 945 854 1708 498469552 1948169 6.416 1 22223208089491
C 660 945 867 1734 506057496 1974973 6.492 1 17073125945501
C 661 945 856 1712 499636928 1949653 6.431 0
C 662 944 847 1694 494383736 1933527 6.441 0
C 663 945 855 1710 499053240 1948204 1.848 0
C 664 945 863 1726 503722744 1967883 1.978 0
C 665 945 861 1722 502555368 1960741 2.051 0
C 666 944 859 1718 501387992 1958355 2.418 0
C 667 945 868 1736 506641184 1977697 2.945 0
C 668 945 867 1734 506057496 1975396 3.175 0
C 669 945 860 1720 501971680 1962629 3.874 0
C 670 945 860 1720 501971680 1958559 4.361 0
C 671 944 850 1700 496134800 1938818 5.849 0
C 672 945 851 1702 496718488 1939936 141.167 0
C 673 945 860 1720 501971680 1960510 140.901 0
C 674 945 859 1718 501387992 1958939 140.180 0
C 675 944 849 1698 495551112 1937654 139.579 1 22017293098311
C 676 945 863 1726 503722744 1966592 137.635 1 24134581693733
C 677 945 863 1726 503722744 1966027 1.861 1 24491933710557
C 678 945 857 1714 500220616 1954854 1.828 1 17605429775501
C 679 945 873 1746 509559624 1991087 1.899 0
C 680 944 853 1706 497885864 1944428 1.858 0
C 681 945 863 1726 503722744 1966340 2.116 1 23671417364520
C 682 945 865 1730 504890120 1970632 2.473 2 17426789918881 23027620377247
C 683 945 859 1718 501387992 1957432 2.548 0
C 684 945 850 1700 496134800 1938091 2.994 0
C 685 944 855 1710 499053240 1949989 3.069 0
C 686 945 859 1718 501387992 1960174 3.304 0
C 687 945 866 1732 505473808 1976232 3.388 1 20953105933040
C 688 945 863 1726 503722744 1966686 3.348 1 22007517076714
C 689 944 859 1718 501387992 1960218 3.341 0
C 690 945 853 1706 497885864 1945440 3.330 0
C 691 945 863 1726 503722744 1965830 3.316 0
C 692 945 865 1730 504890120 1969364 3.425 0
C 693 945 861 1722 502555368 1964037 3.306 0
C 694 944 854 1708 498469552 1948276 3.277 1 15173024561435
C 695 945 856 1712 499636928 1949764 3.272 0
C 696 945 863 1726 503722744 1969545 3.285 2 21642412677763 23536547150741
C 697 945 870 1740 507808560 1982549 3.341 0
C 698 945 859 1718 501387992 1955275 3.292 0
C 699 944 858 1716 500804304 1956109 3.276 2 23189626770629 18970648215827
C 700 945 865 1730 504890120 1970670 3.327 0
C 701 945 860 1720 501971680 1961630 3.201 0
C 703 944 864 1728 504306432 1969838 3.226 0
C 702 945 870 1740 507808560 1981183 3.267 0
C 704 945 855 1710 499053240 1949403 3.235 1 18099902656266
C 705 945 866 1732 505473808 1972611 3.302 0
C 706 945 864 1728 504306432 1967842 3.194 1 15176420784544
C 708 944 858 1716 500804304 1957684 3.206 0
C 707 945 862 1724 503139056 1966186 3.227 0
C 709 945 861 1722 502555368 1965371 3.212 0
C 710 945 862 1724 503139056 1965673 3.234 0
C 711 945 859 1718 501387992 1958501 3.197 0
C 712 944 856 1712 499636928 1953299 3.182 0
C 713 945 864 1728 504306432 1968905 3.190 1 21943816458059
C 714 945 863 1726 503722744 1967303 3.151 0
C 715 945 865 1730 504890120 1974033 3.197 0
C 716 945 869 1738 507224872 1982041 3.229 0
C 717 944 859 1718 501387992 1958191 3.173 0
C 718 945 856 1712 499636928 1949442 3.170 0
C 719 945 860 1720 501971680 1961399 3.203 0
C 720 945 860 1720 501971680 1961252 3.194 1 19388187855689
C 721 945 858 1716 500804304 1957407 3.187 1 22538341384406
C 723 945 851 1702 496718488 1939593 3.126 0
C 722 944 862 1724 503139056 1964164 3.155 1 19013120009206
C 724 945 860 1720 501971680 1961979 3.121 1 17771276736566
C 725 945 853 1706 497885864 1943404 3.115 1 16153223318201
C 726 944 858 1716 500804304 1959877 3.093 0
C 727 945 852 1704 497302176 1943776 3.098 1 18255850668052
C 728 945 869 1738 507224872 1980462 3.149 0
C 729 945 859 1718 501387992 1958240 3.096 0
C 730 945 867 1734 506057496 1977621 3.152 2 23720773212257 21949876049561
C 731 944 860 1720 501971680 1961805 3.094 0
C 732 945 866 1732 505473808 1973116 3.152 0
C 733 945 863 1726 503722744 1967248 3.096 0
C 734 945 867 1734 506057496 1978204 3.150 0
C 735 945 854 1708 498469552 1947415 3.094 0
C 736 944 849 1698 495551112 1938680 3.087 0
C 737 945 861 1722 502555368 1961134 3.116 0
C 738 945 864 1728 504306432 1969494 3.118 0
C 739 945 861 1722 502555368 1964848 3.119 1 17827537944540
C 740 944 864 1728 504306432 1971251 3.109 1 16529264910114
C 741 945 865 1730 504890120 1970624 3.195 1 18678580443104
C 742 945 848 1696 494967424 1935655 3.075 0
C 743 945 867 1734 506057496 1977973 3.197 0
C 744 945 865 1730 504890120 1971356 3.183 0
C 745 944 851 1702 496718488 1938713 3.120 0
C 746 945 858 1716 500804304 1955403 3.115 0
C 747 945 863 1726 503722744 1968382 3.126 1 15842097796526
C 748 945 869 1738 507224872 1982956 3.183 0
C 749 945 861 1722 502555368 1963570 9.437 1 21484244278127
C 750 944 859 1718 501387992 1959024 9.530 0
C 751 945 868 1736 506641184 1977214 9.538 0
C 752 945 861 1722 502555368 1964895 9.564 0
C 753 945 865 1730 504890120 1973553 9.573 0
C 754 944 853 1706 497885864 1946324 2.837 0
C 755 945 867 1734 506057496 1977739 2.660 1 15356768304850
C 756 945 867 1734 506057496 1978584 2.355 1 17334915332826
C 757 945 858 1716 500804304 1956826 1.800 1 21773797161614
C 758 945 851 1702 496718488 1939355 1.717 0
C 759 944 859 1718 501387992 1957117 1.693 0
C 760 945 862 1724 503139056 1966131 1.763 1 22072117329113
C 761 945 857 1714 500220616 1952794 1.727 0
C 762 945 860 1720 501971680 1960169 1.834 1 19840343133535
C 763 944 865 1730 504890120 1972209 1.975 0
C 764 945 859 1718 501387992 1958522 1.998 0
C 765 945 869 1738 507224872 1979885 2.273 0
C 766 945 863 1726 503722744 1968028 2.551 0
C 767 945 866 1732 505473808 1974783 3.357 0
C 768 944 862 1724 503139056 1968254 3.582 0
C 769 945 863 1726 503722744 1968541 3.912 0
C 770 945 857 1714 500220616 1958039 4.164 0
C 771 945 868 1736 506641184 1977718 4.494 0
C 772 945 861 1722 502555368 1962971 4.073 1 20721908719135
C 773 944 846 1692 493800048 1929269 3.923 0
C 774 945 860 1720 501971680 1959558 3.885 1 21481075009574
C 775 945 859 1718 501387992 1956950 3.773 1 23324017307530
C 776 945 859 1718 501387992 1957515 3.707 0
C 777 944 861 1722 502555368 1960269 3.807 0
C 778 945 860 1720 501971680 1959170 3.842 0
C 779 945 869 1738 507224872 1982737 3.741 1 20191012774294
C 780 945 853 1706 497885864 1945881 3.734 0
C 781 945 865 1730 504890120 1972878 3.634 2 24507655885208 16176508678561
C 782 944 859 1718 501387992 1957414 3.619 0
C 783 945 864 1728 504306432 1969254 3.654 0
C 784 945 860 1720 501971680 1961338 3.565 0
C 785 945 857 1714 500220616 1952753 3.768 0
C 786 945 857 1714 500220616 1954253 3.625 0
C 787 944 853 1706 497885864 1945561 3.663 0
C 788 945 866 1732 505473808 1978621 3.696 0
C 789 945 858 1716 500804304 1955578 3.657 0
C 790 945 872 1744 508975936 1986007 3.722 0
C 791 944 849 1698 495551112 1936231 3.697 1 24222409627957
C 792 945 863 1726 503722744 1965909 3.680 1 15536288899815
C 793 945 865 1730 504890120 1974095 3.734 0
C 794 945 866 1732 505473808 1974697 3.801 1 22166739105818
C 795 945 856 1712 499636928 1950555 3.657 0
C 796 944 859 1718 501387992 1958969 3.693 0
C 797 945 856 1712 499636928 1951109 3.756 0
C 798 945 856 1712 499636928 1951124 3.681 0
C 799 945 867 1734 506057496 1977182 3.812 0
C 800 944 856 1712 499636928 1949254 3.618 0
C 801 945 859 1718 501387992 1957709 3.682 0
C 802 945 869 1738 507224872 1980375 3.702 0
C 803 945 866 1732 505473808 1972820 3.634 0
C 804 945 865 1730 504890120 1972903 3.755 1 22756709379585
C 805 944 862 1724 503139056 1965728 3.616 0
C 806 945 857 1714 500220616 1953903 3.673 0
C 807 945 868 1736 506641184 1978822 3.658 2 20661692974579 22891868462039
C 808 945 873 1746 509559624 1988100 3.655 0
C 809 945 860 1720 501971680 1958840 3.572 1 18636267378284
C 810 944 848 1696 494967424 1934015 3.541 1 18806404020730
C 811 945 858 1716 500804304 1955881 3.646 0
C 812 945 864 1728 504306432 1969965 3.735 0
C 813 945 862 1724 503139056 1967683 3.633 0
C 814 944 867 1734 506057496 1976262 3.769 0
C 815 945 862 1724 503139056 1966094 3.617 0
C 816 945 869 1738 507224872 1982657 3.370 1 18523283876214
C 817 945 851 1702 496718488 1938854 2.653 0
C 818 945 861 1722 502555368 1961831 2.488 0
C 819 944 848 1696 494967424 1934705 2.020 0
C 820 945 864 1728 504306432 1972952 1.903 1 21056124957784
C 821 945 867 1734 506057496 1974773 107.746 0
C 822 945 855 1710 499053240 1948950 107.729 0
C 823 945 854 1708 498469552 1946872 107.763 0
C 824 944 862 1724 503139056 1963878 107.653 1 21155875493031
C 825 945 857 1714 500220616 1951964 107.766 0
C 826 945 858 1716 500804304 1957265 1.854 0
C 827 945 867 1734 506057496 1978307 1.850 0
C 828 944 853 1706 497885864 1944303 1.882 0
C 829 945 863 1726 503722744 1968229 2.046 0
C 830 945 855 1710 499053240 1948041 2.225 0
C 831 945 860 1720 501971680 1964085 2.841 0
C 832 945 855 1710 499053240 1951037 3.676 1 20894097508065
C 833 944 861 1722 502555368 1961883 3.685 1 21248353445823
C 834 945 859 1718 501387992 1958005 4.414 0
C 835 945 860 1720 501971680 1961925 4.304 0
C 836 945 859 1718 501387992 1957899 4.483 0
C 837 944 852 1704 497302176 1944785 4.076 0
C 838 945 859 1718 501387992 1957576 4.120 0
C 839 945 863 1726 503722744 1969302 3.963 0
C 840 945 860 1720 501971680 1960897 4.009 0
C 841 945 864 1728 504306432 1968977 3.940 2 22751479636842 21566064914242
C 842 944 854 1708 498469552 1947762 3.940 0
C 843 945 858 1716 500804304 1959391 3.927 0
C 844 945 869 1738 507224872 1983461 4.010 0
C 845 945 869 1738 507224872 1980250 4.130 0
C 846 945 853 1706 497885864 1942183 4.107 0
C 847 944 853 1706 497885864 1946606 3.976 0
C 848 945 861 1722 502555368 1964388 4.105 0
C 849 945 867 1734 506057496 1976734 4.152 0
C 850 945 857 1714 500220616 1953908 4.103 1 16694795340988
C 851 944 866 1732 505473808 1975276 4.037 0
C 852 945 863 1726 503722744 1967756 4.101 1 20516683331833
C 853 945 863 1726 503722744 1967368 4.030 0
C 854 945 863 1726 503722744 1970686 4.106 0
C 855 945 873 1746 509559624 1992910 4.205 2 18856206796547 23074710266475
C 856 944 850 1700 496134800 1934897 4.142 1 24351321346751
C 857 945 856 1712 499636928 1951097 4.396 0
C 858 945 866 1732 505473808 1973083 4.315 0
C 859 945 863 1726 503722744 1966573 4.252 0
C 860 945 858 1716 500804304 1956083 4.063 0
C 861 944 870 1740 507808560 1983885 4.196 0
C 862 945 860 1720 501971680 1959663 4.130 0
C 863 945 868 1736 506641184 1979759 4.094 0
C 864 945 862 1724 503139056 1963156 4.145 0
C 865 944 863 1726 503722744 1969217 4.043 1 22187211007028
C 866 945 862 1724 503139056 1961167 4.082 0
C 867 945 863 1726 503722744 1968658 4.108 1 15243270704233
C 868 945 861 1722 502555368 1962334 4.085 1 22438849117833
C 869 945 858 1716 500804304 1955879 4.069 1 21273631498957
C 870 944 861 1722 502555368 1960658 4.311 1 20184976108583
C 871 945 860 1720 501971680 1959035 3.930 0
C 873 945 862 1724 503139056 1963149 3.831 1 21721340787185
C 872 945 864 1728 504306432 1970045 4.148 0
C 874 945 858 1716 500804304 1956296 3.685 0
C 875 944 863 1726 503722744 1968886 3.766 1 23142236598875
C 876 945 868 1736 506641184 1977914 3.664 0
C 877 945 856 1712 499636928 1952722 3.641 1 16035661782959
C 878 945 850 1700 496134800 1938348 3.608 0
C 879 944 861 1722 502555368 1964380 3.669 0
C 880 945 861 1722 502555368 1964386 3.588 0
C 881 945 855 1710 499053240 1949953 3.515 2 20063743469972 16328938476954
C 882 945 866 1732 505473808 1974035 3.583 0
C 883 945 861 1722 502555368 1963074 3.466 0
C 884 944 854 1708 498469552 1947090 283.678 0
C 885 945 858 1716 500804304 1957869 283.645 0
C 886 945 860 1720 501971680 1962327 283.734 0
C 887 945 863 1726 503722744 1967703 283.561 0
C 888 944 863 1726 503722744 1965660 283.556 1 15364224571966
C 889 945 855 1710 499053240 1951909 3.176 0
C 890 945 862 1724 503139056 1965831 3.174 0
C 891 945 858 1716 500804304 1956503 3.170 1 19283679067192
C 892 945 863 1726 503722744 1969103 3.187 0
C 893 944 851 1702 496718488 1940659 3.175 0
C 894 945 861 1722 502555368 1963797 3.201 0
C 895 945 866 1732 505473808 1973986 3.256 0
C 896 945 857 1714 500220616 1955560 3.167 0
C 897 945 853 1706 497885864 1945286 3.201 0
C 898 944 859 1718 501387992 1958967 3.218 0
C 899 945 868 1736 506641184 1980423 3.320 0
C 900 945 852 1704 497302176 1942030 3.345 0
C 901 945 861 1722 502555368 1965107 3.440 0
C 902 944 854 1708 498469552 1946576 3.660 0
C 903 945 865 1730 504890120 1971307 3.687 0
C 904 945 860 1720 501971680 1960421 3.754 0
C 905 945 863 1726 503722744 1967499 3.841 0
C 906 945 859 1718 501387992 1958988 4.196 1 16152089642566
C 907 944 865 1730 504890120 1971821 4.576 1 16244536739254
C 908 945 861 1722 502555368 1962540 4.727 0
C 909 945 858 1716 500804304 1956292 4.494 3 23791209519197 15488406311705 19316988236067
C 910 945 864 1728 504306432 1969124 4.502 0
C 911 945 859 1718 501387992 1957632 4.815 0
C 913 945 863 1726 503722744 1965021 4.666 0
C 912 944 859 1718 501387992 1959093 5.132 0
C 914 945 862 1724 503139056 1968671 4.882 1 18488168185305
C 915 945 872 1744 508975936 1989316 4.808 0
C 916 944 862 1724 503139056 1966745 4.649 0
C 917 945 864 1728 504306432 1968390 4.766 0
C 918 945 864 1728 504306432 1971532 4.600 1 21641235793756
C 919 945 873 1746 509559624 1989994 4.754 0
C 920 945 856 1712 499636928 1952936 4.570 0
C 921 944 851 1702 496718488 1939666 4.635 0
C 923 945 858 1716 500804304 1957465 4.275 0
C 922 945 863 1726 503722744 1969357 4.498 0
C 924 945 858 1716 500804304 1956970 4.385 1 17429637081517
C 925 944 861 1722 502555368 1964005 4.687 1 23338177079381
C 926 945 866 1732 505473808 1974947 4.256 2 15623892615872 15756061498778
C 927 945 863 1726 503722744 1967127 4.207 0
C 928 945 856 1712 499636928 1952790 4.218 0
C 929 945 865 1730 504890120 1973377 4.256 1 23054250989567
C 930 944 855 1710 499053240 1948020 4.166 0
C 931 945 866 1732 505473808 1975567 4.289 0
C 932 945 855 1710 499053240 1952495 3.901 0
C 933 945 866 1732 505473808 1971604 3.933 0
C 934 945 855 1710 499053240 1949757 3.914 0
C 935 944 859 1718 501387992 1959085 3.783 0
C 936 945 861 1722 502555368 1966040 3.698 0
C 937 945 865 1730 504890120 1970068 3.707 2 22608051693087 18065629795540
C 938 945 871 1742 508392248 1986569 3.698 0
C 939 944 860 1720 501971680 1960839 3.488 0
C 940 945 855 1710 499053240 1947276 3.495 0
C 941 945 858 1716 500804304 1959818 3.800 0
C 942 945 866 1732 505473808 1974027 983.967 0
C 943 945 855 1710 499053240 1948791 984.112 0
C 944 944 867 1734 506057496 1976011 984.239 0
C 945 945 853 1706 497885864 1945533 984.171 0
C 946 945 856 1712 499636928 1950801 983.906 0
C 947 945 865 1730 504890120 1972733 3.809 1 22143721879471
C 948 945 857 1714 500220616 1954006 3.546 0
C 949 944 859 1718 501387992 1958336 3.784 1 21792089020837
C 950 945 852 1704 497302176 1942869 3.846 0
C 951 945 869 1738 507224872 1981570 3.928 0
C 952 945 862 1724 503139056 1963594 3.868 0
C 953 944 867 1734 506057496 1976384 3.942 1 17364073739542
C 954 945 860 1720 501971680 1963609 3.724 2 21563370324635 15542702246002
C 955 945 851 1702 496718488 1941684 3.718 2 20997257646206 15525161056203
C 956 945 864 1728 504306432 1969769 3.688 1 24289366679403
C 957 945 864 1728 504306432 1971949 3.764 0
C 958 944 848 1696 494967424 1934155 3.745 0
C 959 945 864 1728 504306432 1968923 3.634 0
C 960 945 874 1748 510143312 1992361 3.801 0
C 961 945 861 1722 502555368 1964299 4.140 0
C 962 944 864 1728 504306432 1968700 4.020 0
C 963 945 858 1716 500804304 1955405 3.938 0
C 964 945 863 1726 503722744 1968177 3.912 0
C 965 945 857 1714 500220616 1954378 3.827 0
C 966 945 864 1728 504306432 1969214 3.523 0
C 967 944 854 1708 498469552 1946519 3.538 2 15577382022095 21044354913025
C 970 945 862 1724 503139056 1965220 3.552 1 16619731346984
C 968 945 860 1720 501971680 1963188 3.592 0
C 969 945 873 1746 509559624 1989311 3.628 0
C 971 945 853 1706 497885864 1947044 3.865 0
C 972 944 855 1710 499053240 1949744 3.885 0
C 973 945 857 1714 500220616 1956267 3.912 0
C 975 945 868 1736 506641184 1980413 3.859 0
C 974 945 861 1722 502555368 1963863 3.909 0
C 976 944 857 1714 500220616 1954583 3.808 1 15183173798806
C 979 945 863 1726 503722744 1969339 3.867 0
C 977 945 856 1712 499636928 1953607 3.965 0
C 978 945 866 1732 505473808 1973070 3.966 0
C 980 945 860 1720 501971680 1961369 3.975 0
C 981 944 868 1736 506641184 1980455 3.917 0
C 983 945 856 1712 499636928 1952535 3.850 0
C 982 945 866 1732 505473808 1973437 3.896 0
C 984 945 860 1720 501971680 1961846 3.904 0
C 985 945 858 1716 500804304 1956544 3.885 0
C 986 944 856 1712 499636928 1951412 4.244 0
C 988 945 860 1720 501971680 1961662 4.122 1 24050179202389
C 989 945 855 1710 499053240 1951047 4.115 0
C 990 944 864 1728 504306432 1969391 4.195 0
C 987 945 865 1730 504890120 1970400 4.415 0
C 991 945 855 1710 499053240 1951764 3.575 0
C 992 945 859 1718 501387992 1957356 3.631 0
C 994 945 862 1724 503139056 1965138 3.622 0
C 993 945 867 1734 506057496 1978170 3.731 0
C 995 944 856 1712 499636928 1952358 3.601 0
C 996 945 856 1712 499636928 1952570 348.376 0
C 997 945 868 1736 506641184 1976526 348.641 0
C 999 945 866 1732 505473808 1973925 348.572 0
C 998 945 863 1726 503722744 1967140 348.576 0
C 1000 944 860 1720 501971680 1959734 348.735 1 16884170935217
C 1001 945 859 1718 501387992 1960619 3.747 0
C 1002 945 864 1728 504306432 1971593 3.468 0
C 1003 945 864 1728 504306432 1970620 3.480 0
C 1004 944 855 1710 499053240 1948670 3.527 1 15889378058383
C 1005 945 859 1718 501387992 1957769 3.384 0
C 1006 945 862 1724 503139056 1965537 3.461 1 21584398462514
C 1008 945 856 1712 499636928 1953219 3.465 1 18708599280764
C 1007 945 850 1700 496134800 1937831 3.493 0
C 1009 944 858 1716 500804304 1954856 3.491 0
C 1010 945 865 1730 504890120 1972880 3.541 0
C 1014 945 846 1692 493800048 1928186 3.278 1 23044151416165
C 1011 945 863 1726 503722744 1969840 3.330 0
C 1012 945 865 1730 504890120 1975189 3.393 0
C 1013 944 866 1732 505473808 1975025 3.383 0
C 1015 945 865 1730 504890120 1971167 3.384 0
C 1016 945 863 1726 503722744 1969629 3.231 0
C 1017 945 860 1720 501971680 1962041 3.222 0
C 1018 944 861 1722 502555368 1961339 3.226 0
C 1019 945 860 1720 501971680 1960369 3.228 0
C 1020 945 859 1718 501387992 1960360 3.221 1 22960246040555
C 1022 945 860 1720 501971680 1962021 3.545 0
C 1021 945 863 1726 503722744 1968279 3.574 0
C 1023 944 854 1708 498469552 1945234 3.543 1 16245328857178
C 1024 945 861 1722 502555368 1963047 3.655 0
C 1025 945 861 1722 502555368 1965840 3.610 0
C 1027 944 859 1718 501387992 1960813 3.409 0
C 1026 945 867 1734 506057496 1978831 3.494 1 15286698686498
C 1030 945 864 1728 504306432 1969979 3.399 0
C 1028 945 864 1728 504306432 1971837 3.432 0
C 1029 945 867 1734 506057496 1976145 3.478 0
C 1031 945 859 1718 501387992 1959415 3.565 0
C 1032 944 850 1700 496134800 1937471 3.535 0
C 1033 945 864 1728 504306432 1970666 3.554 0
C 1034 945 862 1724 503139056 1965255 3.545 0
C 1035 945 857 1714 500220616 1951139 3.533 0
C 1037 944 859 1718 501387992 1957733 3.504 0
C 1036 945 865 1730 504890120 1972257 3.584 0
C 1039 945 860 1720 501971680 1959921 3.479 1 21616591470549
C 1038 945 868 1736 506641184 1979092 3.549 0
C 1040 945 864 1728 504306432 1969189 3.505 0
C 1041 944 855 1710 499053240 1950396 3.381 0
C 1042 945 865 1730 504890120 1974078 3.482 0
C 1045 945 857 1714 500220616 1958362 3.398 0
C 1044 945 856 1712 499636928 1951331 3.456 0
C 1043 945 865 1730 504890120 1971026 3.524 0
C 1046 944 858 1716 500804304 1953429 3.280 0
C 1047 945 859 1718 501387992 1958561 3.310 0
C 1048 945 850 1700 496134800 1936088 3.315 0
C 1050 944 860 1720 501971680 1960430 3.300 0
C 1049 945 871 1742 508392248 1983589 3.409 0
C 1051 945 856 1712 499636928 1953432 3.538 0
C 1052 945 857 1714 500220616 1952377 3.465 0
C 1053 945 861 1722 502555368 1961510 3.458 0
C 1054 945 852 1704 497302176 1943017 3.481 0
C 1055 944 859 1718 501387992 1958862 3.445 0
C 1056 945 860 1720 501971680 1961116 3.187 1 18570456508250
C 1057 945 850 1700 496134800 1940257 3.219 1 22545933802736
C 1058 945 858 1716 500804304 1956766 3.234 0
C 1059 945 858 1716 500804304 1955744 3.224 0
C 1060 944 854 1708 498469552 1945173 3.250 0
C 1061 945 855 1710 499053240 1950888 3.350 0
C 1062 945 867 1734 506057496 1976167 3.336 0
C 1063 945 861 1722 502555368 1962758 3.244 0
C 1064 944 863 1726 503722744 1969651 3.227 0
C 1065 945 859 1718 501387992 1957831 3.201 0
C 1066 945 872 1744 508975936 1989358 24.319 0
C 1067 945 861 1722 502555368 1961217 24.246 0
C 1069 944 846 1692 493800048 1927938 24.175 1 23430809773212
C 1068 945 864 1728 504306432 1970105 24.259 1 21605518632749
C 1070 945 858 1716 500804304 1953257 24.259 0
C 1072 945 861 1722 502555368 1963494 3.119 1 16965825387152
C 1071 945 870 1740 507808560 1982046 3.163 0
C 1073 945 862 1724 503139056 1963939 3.112 0
C 1074 944 867 1734 506057496 1979274 3.158 0
C 1075 945 861 1722 502555368 1962354 3.107 0
C 1076 945 861 1722 502555368 1963392 3.075 0
C 1077 945 860 1720 501971680 1962267 3.075 0
C 1078 944 858 1716 500804304 1956733 3.073 0
C 1079 945 858 1716 500804304 1955951 3.071 1 20702194149173
C 1080 945 862 1724 503139056 1964114 3.072 0
C 1082 945 860 1720 501971680 1960831 3.133 0
C 1081 945 861 1722 502555368 1963011 3.166 0
C 1083 944 853 1706 497885864 1941888 3.168 0
C 1084 945 863 1726 503722744 1966666 3.172 1 19723745927900
C 1085 945 863 1726 503722744 1965836 3.166 0
C 1086 945 860 1720 501971680 1961362 3.062 0
C 1087 944 857 1714 500220616 1953659 3.074 0
C 1088 945 859 1718 501387992 1959666 3.067 0
C 1089 945 865 1730 504890120 1974580 3.121 0
C 1090 945 865 1730 504890120 1971261 3.120 0
C 1091 945 863 1726 503722744 1970630 3.067 1 16743632516854
C 1092 944 863 1726 503722744 1967709 3.085 0
C 1093 945 863 1726 503722744 1968537 3.078 0
C 1094 945 854 1708 498469552 1948361 3.070 2 17135560254914 20203508207011
C 1095 945 858 1716 500804304 1956854 3.077 0
C 1096 945 859 1718 501387992 1958934 3.070 1 21602636581133
C 1097 944 857 1714 500220616 1954843 3.105 0
C 1098 945 868 1736 506641184 1979737 3.156 2 23261142493726 22004803303593
C 1099 945 859 1718 501387992 1959161 3.112 0
C 1100 945 862 1724 503139056 1965042 3.106 2 19280676961168 22706018182205
C 1101 944 862 1724 503139056 1965294 3.080 0
C 1102 945 862 1724 503139056 1962145 3.099 0
C 1103 945 866 1732 505473808 1973349 3.156 1 16410060452832
C 1104 945 861 1722 502555368 1960519 3.098 0
C 1105 945 865 1730 504890120 1974456 3.158 2 22041525606464 19849655559846
C 1106 944 848 1696 494967424 1932666 3.074 0
C 1107 945 863 1726 503722744 1968103 3.164 0
C 1108 945 865 1730 504890120 1970178 3.242 0
C 1109 945 863 1726 503722744 1967028 3.191 2 16436590806767 19677777345412
C 1110 945 868 1736 506641184 1980955 3.256 0
C 1111 944 864 1728 504306432 1966748 3.165 0
C 1112 945 863 1726 503722744 1968653 3.206 0
C 1113 945 861 1722 502555368 1964429 3.233 0
C 1114 945 862 1724 503139056 1967614 3.236 2 22731362266755 21773175660331
C 1115 944 864 1728 504306432 1970531 3.268 1 20024686264531
C 1116 945 857 1714 500220616 1954441 3.251 0
C 1117 945 863 1726 503722744 1969283 3.236 0
C 1118 945 846 1692 493800048 1930569 3.102 2 17088723838864 17182726597817
C 1119 945 863 1726 503722744 1967385 3.155 0
C 1120 944 851 1702 496718488 1939583 3.117 0
C 1121 945 865 1730 504890120 1971944 3.170 0
C 1122 945 858 1716 500804304 1956348 3.116 1 24206369224816
C 1123 945 863 1726 503722744 1967316 3.133 0
C 1124 945 865 1730 504890120 1975665 3.178 0
C 1125 944 860 1720 501971680 1960852 3.127 1 18312193375387
C 1126 945 867 1734 506057496 1976414 3.148 0
C 1127 945 867 1734 506057496 1976935 3.148 1 16771206053112
C 1128 945 859 1718 501387992 1956973 3.094 0
C 1129 944 860 1720 501971680 1960949 3.094 0
C 1130 945 855 1710 499053240 1948688 3.089 0
C 1131 945 854 1708 498469552 1947856 3.087 0
C 1132 945 866 1732 505473808 1976570 3.126 0
C 1133 945 864 1728 504306432 1970830 3.094 0
C 1134 944 855 1710 499053240 1948345 3.092 0
C 1135 945 867 1734 506057496 1974214 3.144 0
C 1136 945 863 1726 503722744 1967755 3.089 1 19082989264199
C 1137 945 867 1734 506057496 1975602 3.154 0
C 1138 944 864 1728 504306432 1968972 3.093 0
C 1139 945 858 1716 500804304 1955316 3.103 0
C 1140 945 866 1732 505473808 1974134 3.158 0
C 1141 945 866 1732 505473808 1974332 240.992 0
C 1142 945 863 1726 503722744 1966397 240.896 0
C 1143 944 843 1686 492048984 1921697 240.820 0
C 1144 945 863 1726 503722744 1966370 240.902 0
C 1145 945 870 1740 507808560 1983832 240.948 1 16740958363509
C 1146 945 861 1722 502555368 1962322 3.143 0
C 1148 944 864 1728 504306432 1971798 3.185 1 18946753342125
C 1147 945 867 1734 506057496 1977356 3.240 1 18645272990141
C 1149 945 875 1750 510727000 1989916 3.239 0
C 1150 945 863 1726 503722744 1968818 3.189 0
C 1151 945 865 1730 504890120 1970433 3.164 2 23053416202492 22301503333148
C 1153 945 859 1718 501387992 1958256 3.060 0
C 1152 944 864 1728 504306432 1970381 3.065 0
C 1154 945 862 1724 503139056 1965615 3.067 1 23539805876337
C 1155 945 858 1716 500804304 1956358 3.068 0
C 1156 945 861 1722 502555368 1963562 3.063 1 21585382798418
C 1157 944 864 1728 504306432 1972606 3.074 0
C 1158 945 863 1726 503722744 1969348 3.077 0
C 1159 945 861 1722 502555368 1965269 3.074 1 21098664567359
C 1160 945 865 1730 504890120 1971390 3.121 1 23959559911312
C 1161 945 861 1722 502555368 1963308 3.074 0
C 1162 944 853 1706 497885864 1945854 3.095 0
C 1163 945 850 1700 496134800 1935247 3.097 1 21841592159039
C 1164 945 861 1722 502555368 1963536 3.085 0
C 1165 945 860 1720 501971680 1959573 3.090 0
C 1166 944 857 1714 500220616 1954816 3.096 0
C 1168 945 854 1708 498469552 1946426 3.102 0
C 1167 945 871 1742 508392248 1987766 3.149 0
C 1169 945 861 1722 502555368 1962613 3.096 0
C 1170 945 856 1712 499636928 1951204 3.108 0
C 1171 944 853 1706 497885864 1944815 3.107 0
C 1172 945 862 1724 503139056 1963920 3.112 1 20702651024871
C 1173 945 859 1718 501387992 1956188 3.119 0
C 1174 945 860 1720 501971680 1960035 3.127 2 24306240272588 20990587229249
C 1175 944 859 1718 501387992 1959267 3.125 0
C 1176 945 863 1726 503722744 1969200 3.124 0
C 1177 945 869 1738 507224872 1980655 3.186 0
C 1178 945 865 1730 504890120 1972625 3.172 0
C 1179 945 868 1736 506641184 1977668 3.161 0
C 1180 944 848 1696 494967424 1934453 3.071 0
C 1181 945 865 1730 504890120 1975100 3.164 0
C 1183 945 859 1718 501387992 1961081 3.118 0
C 1182 945 869 1738 507224872 1981577 3.175 0
C 1184 945 859 1718 501387992 1959868 3.112 1 16879653903704
C 1185 944 866 1732 505473808 1975523 3.174 0
C 1186 945 861 1722 502555368 1962499 3.132 0
C 1187 945 864 1728 504306432 1969675 3.134 0
C 1188 945 863 1726 503722744 1966862 3.139 1 24030836132917
C 1189 944 861 1722 502555368 1962977 3.121 0
C 1190 945 857 1714 500220616 1952515 3.129 0
C 1191 945 856 1712 499636928 1954312 3.805 0
C 1192 945 862 1724 503139056 1965368 3.868 0
C 1193 945 862 1724 503139056 1966461 3.904 0
C 1194 944 855 1710 499053240 1948855 3.981 0
C 1195 945 859 1718 501387992 1960104 3.943 0
C 1196 945 857 1714 500220616 1952728 3.587 0
C 1198 945 867 1734 506057496 1973127 3.684 0
C 1197 945 867 1734 506057496 1974854 3.775 0
C 1199 944 854 1708 498469552 1947334 3.676 0
C 1200 945 865 1730 504890120 1972237 3.599 1 19453429237351
C 1201 945 862 1724 503139056 1966848 3.667 1 16674099442592
C 1203 944 862 1724 503139056 1966843 3.660 1 16337637953849
C 1202 945 869 1738 507224872 1979721 3.696 0
C 1204 945 858 1716 500804304 1957120 3.602 0
C 1205 945 863 1726 503722744 1969682 3.648 2 19309219205296 20043127636577
C 1206 945 861 1722 502555368 1962593 3.695 0
C 1208 944 856 1712 499636928 1954233 3.550 1 17712348006486
C 1207 945 862 1724 503139056 1964199 3.592 1 17740654508912
C 1209 945 871 1742 508392248 1987620 3.619 0
C 1210 945 857 1714 500220616 1955643 3.524 1 23971730666453
C 1211 945 862 1724 503139056 1965784 5.043 0
C 1212 944 862 1724 503139056 1965238 4.970 0
C 1213 945 854 1708 498469552 1947064 4.963 0
C 1214 945 865 1730 504890120 1971634 5.006 0
C 1215 945 858 1716 500804304 1957557 4.959 1 17032669577501
C 1216 945 866 1732 505473808 1975526 3.210 0
C 1217 944 855 1710 499053240 1950193 3.165 0
C 1218 945 857 1714 500220616 1951172 3.173 0
C 1219 945 862 1724 503139056 1964862 3.178 0
C 1220 945 864 1728 504306432 1969912 3.188 0
C 1221 945 857 1714 500220616 1951964 3.330 0
C 1222 944 859 1718 501387992 1958854 3.275 1 17583502483193
C 1223 945 858 1716 500804304 1956279 3.304 1 18458478177830
C 1224 945 864 1728 504306432 1973401 3.313 0
C 1225 945 857 1714 500220616 1953716 3.325 1 18321313996681
C 1226 944 863 1726 503722744 1965655 3.264 0
C 1227 945 857 1714 500220616 1956213 3.250 0
C 1228 945 861 1722 502555368 1963845 3.251 1 18942834163162
C 1229 945 851 1702 496718488 1941555 3.224 0
C 1230 945 865 1730 504890120 1973151 3.350 0
C 1231 944 850 1700 496134800 1938271 3.575 1 15995154650577
C 1232 945 865 1730 504890120 1971556 3.601 0
C 1233 945 862 1724 503139056 1967199 3.550 1 18930601889492
C 1234 945 857 1714 500220616 1953668 3.531 0
C 1235 945 856 1712 499636928 1950871 3.523 0
C 1236 944 855 1710 499053240 1949985 3.251 0
C 1237 945 862 1724 503139056 1966309 3.269 0
C 1238 945 865 1730 504890120 1972548 3.363 0
C 1239 945 862 1724 503139056 1964960 3.307 0
C 1240 944 861 1722 502555368 1961715 3.309 0
C 1241 945 866 1732 505473808 1975428 3.465 0
C 1242 945 860 1720 501971680 1957389 3.393 0
C 1243 945 865 1730 504890120 1970085 3.420 0
C 1244 945 868 1736 506641184 1979264 3.402 0
C 1245 944 857 1714 500220616 1953917 3.388 0
C 1246 945 859 1718 501387992 1957249 3.227 0
C 1247 945 856 1712 499636928 1951803 3.300 0
C 1248 945 872 1744 508975936 1989133 3.323 0
C 1249 945 866 1732 505473808 1975434 3.332 0
C 1250 944 861 1722 502555368 1961656 3.271 0
C 1251 945 869 1738 507224872 1982151 3.440 0
C 1252 945 864 1728 504306432 1968174 3.409 1 19343157985900
C 1254 944 843 1686 492048984 1923020 3.328 0
C 1253 945 864 1728 504306432 1967686 3.440 2 20098146854335 18842088504694
C 1255 945 863 1726 503722744 1967826 3.415 0
C 1256 945 866 1732 505473808 1974445 3.342 0
C 1257 945 855 1710 499053240 1948422 3.286 1 21681947136801
C 1259 944 864 1728 504306432 1970609 3.250 0
C 1258 945 859 1718 501387992 1957638 3.268 0
C 1260 945 862 1724 503139056 1965280 3.249 0
C 1261 945 861 1722 502555368 1963933 3.161 0
C 1262 945 860 1720 501971680 1960334 3.177 0
C 1264 945 861 1722 502555368 1962663 3.186 0
C 1263 944 867 1734 506057496 1975569 3.266 0
C 1265 945 861 1722 502555368 1963101 3.191 0
C 1266 945 866 1732 505473808 1972823 3.363 0
C 1267 945 865 1730 504890120 1973581 3.331 0
C 1268 944 858 1716 500804304 1956555 3.298 1 16346216595288
C 1269 945 862 1724 503139056 1965762 3.288 0
C 1270 945 854 1708 498469552 1949964 3.349 0
C 1271 945 860 1720 501971680 1962911 3.234 1 19360283585878
C 1272 945 863 1726 503722744 1967448 3.215 0
C 1273 944 848 1696 494967424 1932001 3.175 0
C 1274 945 860 1720 501971680 1960986 3.246 0
C 1275 945 861 1722 502555368 1963027 3.225 0
C 1276 945 865 1730 504890120 1971492 3.370 0
C 1277 944 858 1716 500804304 1956183 3.415 0
C 1278 945 854 1708 498469552 1949310 3.409 0
C 1279 945 860 1720 501971680 1960993 3.342 0
C 1280 945 861 1722 502555368 1959230 3.366 1 20154895045397
C 1281 945 868 1736 506641184 1978802 8.013 0
C 1282 944 848 1696 494967424 1931464 7.876 0
C 1283 945 865 1730 504890120 1973853 7.988 0
C 1284 945 860 1720 501971680 1956989 7.929 0
C 1285 945 862 1724 503139056 1966294 7.877 0
C 1286 945 862 1724 503139056 1966211 3.283 0
C 1287 944 859 1718 501387992 1959517 3.297 1 20091436590518
C 1289 945 859 1718 501387992 1957734 3.300 0
C 1288 945 866 1732 505473808 1974018 3.329 0
C 1290 945 867 1734 506057496 1978299 3.378 0
C 1291 944 854 1708 498469552 1948012 3.701 0
C 1292 945 864 1728 504306432 1972420 3.796 1 19307331121904
C 1294 945 863 1726 503722744 1966956 3.692 0
C 1293 945 873 1746 509559624 1991864 3.751 1 21370512180242
C 1295 945 862 1724 503139056 1967682 3.730 1 15446670287030
C 1296 944 863 1726 503722744 1967786 3.806 0
C 1297 945 856 1712 499636928 1948030 3.716 0
C 1298 945 856 1712 499636928 1952552 3.916 0
C 1299 945 868 1736 506641184 1981092 3.883 0
C 1300 944 860 1720 501971680 1960455 3.842 0
C 1301 945 859 1718 501387992 1956898 3.578 0
C 1302 945 864 1728 504306432 1972959 3.615 0
C 1303 945 864 1728 504306432 1970720 3.475 0
C 1304 945 860 1720 501971680 1960192 3.548 0
C 1305 944 853 1706 497885864 1944799 3.513 0
C 1306 945 858 1716 500804304 1955728 3.719 0
C 1307 945 865 1730 504890120 1971318 3.719 0
C 1308 945 869 1738 507224872 1980970 3.756 0
C 1309 945 861 1722 502555368 1963121 3.717 0
C 1310 944 855 1710 499053240 1948474 3.685 0
C 1311 945 859 1718 501387992 1961868 3.798 1 15712143868931
C 1312 945 870 1740 507808560 1984397 3.869 0
C 1313 945 859 1718 501387992 1956871 3.879 1 20476588740628
C 1315 945 859 1718 501387992 1957483 3.901 0
C 1314 944 864 1728 504306432 1971395 4.006 0
C 1316 945 864 1728 504306432 1968810 3.835 1 17982436305316
C 1317 945 850 1700 496134800 1938868 3.937 0
C 1318 945 862 1724 503139056 1964056 3.815 0
C 1319 944 838 1676 489130544 1909659 3.744 2 16035244040955 20013490106266
C 1320 945 865 1730 504890120 1973288 3.918 0
C 1321 945 860 1720 501971680 1961628 3.815 0
C 1322 945 858 1716 500804304 1955405 3.777 1 23922422035127
C 1323 945 857 1714 500220616 1952972 3.720 0
C 1324 944 860 1720 501971680 1960345 3.824 1 21298579154372
C 1325 945 856 1712 499636928 1948599 3.741 0
C 1326 945 865 1730 504890120 1971029 3.798 1 16931126917348
C 1327 945 860 1720 501971680 1962539 3.682 0
C 1328 944 855 1710 499053240 1949920 3.707 0
C 1329 945 855 1710 499053240 1947527 3.726 0
C 1330 945 855 1710 499053240 1948563 3.712 0
C 1332 945 858 1716 500804304 1955585 3.573 0
C 1331 945 867 1734 506057496 1977533 3.686 0
C 1333 944 859 1718 501387992 1958744 3.619 1 16881835124081
C 1334 945 869 1738 507224872 1983451 3.646 0
C 1335 945 869 1738 507224872 1981308 3.582 0
C 1337 944 860 1720 501971680 1962170 3.176 2 18777556339913 18445458547408
C 1336 945 856 1712 499636928 1950626 3.210 0
C 1338 945 859 1718 501387992 1958425 3.188 0
C 1339 945 856 1712 499636928 1950649 3.204 0
C 1340 945 855 1710 499053240 1950480 3.188 1 20818717431856
C 1342 944 848 1696 494967424 1933183 3.298 0
C 1341 945 857 1714 500220616 1955287 3.322 0
C 1343 945 861 1722 502555368 1964346 3.372 0
C 1344 945 854 1708 498469552 1947868 3.399 0
C 1345 945 867 1734 506057496 1975749 3.427 1 22600789820818
C 1346 945 854 1708 498469552 1948752 90.709 1 22166252026424
C 1347 944 852 1704 497302176 1944973 90.747 0
C 1348 945 863 1726 503722744 1967952 90.767 0
C 1349 945 861 1722 502555368 1962589 90.646 0
C 1350 945 862 1724 503139056 1964870 90.661 1 16944093715849
C 1351 944 851 1702 496718488 1942971 3.158 1 18300629712635
C 1352 945 860 1720 501971680 1962012 3.163 0
C 1353 945 859 1718 501387992 1957456 3.138 0
C 1354 945 864 1728 504306432 1970436 3.154 0
C 1355 945 866 1732 505473808 1972228 3.216 0
C 1356 944 852 1704 497302176 1943220 3.240 0
C 1357 945 862 1724 503139056 1968027 3.237 1 20212097052548
C 1358 945 861 1722 502555368 1963756 3.268 0
C 1359 945 865 1730 504890120 1972025 3.312 0
C 1360 945 866 1732 505473808 1974524 3.391 0
C 1361 944 862 1724 503139056 1965443 3.290 0
C 1362 945 861 1722 502555368 1964514 3.277 1 18726002050120
C 1363 945 867 1734 506057496 1977246 3.340 1 24183104912139
C 1364 945 863 1726 503722744 1968834 3.302 0
C 1365 944 854 1708 498469552 1946736 3.256 0
C 1366 945 860 1720 501971680 1959132 3.215 0
C 1367 945 869 1738 507224872 1979224 3.331 0
C 1368 945 855 1710 499053240 1950419 3.233 0
C 1369 945 862 1724 503139056 1965331 3.234 0
C 1370 944 860 1720 501971680 1959990 3.214 0
C 1371 945 865 1730 504890120 1973426 3.343 0
C 1372 945 865 1730 504890120 1973718 3.281 0
C 1373 945 866 1732 505473808 1972379 3.278 0
C 1374 945 862 1724 503139056 1967387 3.257 0
C 1375 944 864 1728 504306432 1969150 3.268 0
C 1376 945 863 1726 503722744 1967201 3.199 1 22732711894461
C 1377 945 861 1722 502555368 1962955 3.204 0
C 1378 945 858 1716 500804304 1956311 3.169 0
C 1379 944 861 1722 502555368 1962631 3.211 0
C 1380 945 866 1732 505473808 1976180 3.276 0
C 1381 945 853 1706 497885864 1944611 4.065 0
C 1383 945 860 1720 501971680 1959704 4.024 0
C 1382 945 872 1744 508975936 1990745 4.205 0
C 1384 944 855 1710 499053240 1948459 4.060 1 18462900342763
C 1385 945 847 1694 494383736 1930463 3.936 0
C 1386 945 859 1718 501387992 1959472 3.551 0
C 1387 945 857 1714 500220616 1952629 3.494 0
C 1388 944 857 1714 500220616 1952107 3.566 0
C 1389 945 861 1722 502555368 1964105 3.545 0
C 1390 945 858 1716 500804304 1957698 3.663 0
C 1391 945 851 1702 496718488 1940547 3.662 0
C 1392 945 857 1714 500220616 1955900 3.586 0
C 1393 944 854 1708 498469552 1947793 3.547 0
C 1394 945 862 1724 503139056 1964744 3.614 0
C 1395 945 868 1736 506641184 1979665 3.720 0
C 1396 945 854 1708 498469552 1946051 3.607 2 23069108860367 19954544244658
C 1397 945 859 1718 501387992 1958435 3.597 0
C 1398 944 857 1714 500220616 1955440 3.550 1 17716808614709
C 1399 945 868 1736 506641184 1979070 3.580 0
C 1400 945 864 1728 504306432 1968766 3.513 0
C 1402 944 846 1692 493800048 1929975 3.252 0
C 1401 945 867 1734 506057496 1977834 3.345 0
C 1403 945 855 1710 499053240 1950846 3.319 0
C 1404 945 864 1728 504306432 1967611 3.308 0
C 1405 945 860 1720 501971680 1962389 3.334 1 17779281952619
C 1406 945 860 1720 501971680 1960799 3.449 0
C 1407 944 866 1732 505473808 1973932 3.462 0
C 1408 945 862 1724 503139056 1964456 3.429 0
C 1409 945 851 1702 496718488 1939005 3.515 0
C 1410 945 857 1714 500220616 1953418 3.569 0
C 1411 945 861 1722 502555368 1962141 3.761 0
C 1412 944 857 1714 500220616 1955181 3.718 0
C 1413 945 866 1732 505473808 1975584 3.791 0
C 1414 945 862 1724 503139056 1963664 3.599 0
C 1415 945 867 1734 506057496 1977482 3.500 0
C 1416 944 854 1708 498469552 1946759 46.565 0
C 1417 945 859 1718 501387992 1959328 46.629 1 20734788262995
C 1418 945 865 1730 504890120 1972136 46.644 1 15524263117156
C 1419 945 869 1738 507224872 1978809 46.628 0
C 1420 945 858 1716 500804304 1956750 46.626 0
C 1421 944 849 1698 495551112 1935446 3.089 0
C 1422 945 863 1726 503722744 1968461 3.096 0
C 1423 945 860 1720 501971680 1961473 3.089 0
C 1424 945 863 1726 503722744 1965651 3.091 1 19592798294732
C 1425 944 855 1710 499053240 1948434 3.094 0
C 1426 945 856 1712 499636928 1951917 3.424 0
C 1428 945 851 1702 496718488 1939444 3.405 0
C 1427 945 866 1732 505473808 1976040 3.531 0
C 1429 945 864 1728 504306432 1972725 3.424 0
C 1430 944 854 1708 498469552 1946514 3.438 0
C 1431 945 869 1738 507224872 1982256 3.657 1 23583509738936
C 1432 945 859 1718 501387992 1960851 3.577 0
C 1434 945 860 1720 501971680 1959083 3.598 0
C 1433 945 862 1724 503139056 1963962 3.745 0
C 1435 944 860 1720 501971680 1961668 3.897 0
C 1436 945 863 1726 503722744 1968232 4.231 0
C 1439 944 863 1726 503722744 1969378 3.981 0
C 1437 945 865 1730 504890120 1971750 4.192 0
C 1438 945 861 1722 502555368 1964067 4.137 1 17885376633616
C 1440 945 847 1694 494383736 1928725 3.738 0
C 1442 945 860 1720 501971680 1961696 3.605 0
C 1441 945 866 1732 505473808 1973060 3.716 0
C 1443 945 851 1702 496718488 1943189 3.658 0
C 1444 944 868 1736 506641184 1980962 3.672 0
C 1445 945 865 1730 504890120 1970951 3.683 0
C 1446 945 868 1736 506641184 1979802 3.604 0
C 1447 945 857 1714 500220616 1953302 3.562 2 17783742017948 22904649983422
C 1448 945 862 1724 503139056 1966054 3.584 0
C 1449 944 861 1722 502555368 1962760 3.544 0
C 1450 945 855 1710 499053240 1951328 3.589 2 18843856171376 15911247404492
C 1452 945 856 1712 499636928 1953953 3.623 0
C 1451 945 860 1720 501971680 1959729 3.698 0
C 1453 944 861 1722 502555368 1963992 3.751 0
C 1454 945 856 1712 499636928 1951501 3.738 0
C 1455 945 856 1712 499636928 1951015 3.654 0
C 1457 945 857 1714 500220616 1953430 3.590 0
C 1456 945 864 1728 504306432 1968706 3.648 1 20086726201856
C 1458 944 850 1700 496134800 1934920 3.607 0
C 1459 945 868 1736 506641184 1981031 3.641 0
C 1460 945 866 1732 505473808 1976104 3.705 0
C 1462 944 863 1726 503722744 1968956 3.561 0
C 1461 945 861 1722 502555368 1962111 3.580 0
C 1463 945 857 1714 500220616 1952404 3.589 1 16365186317492
C 1464 945 869 1738 507224872 1981723 3.572 0
C 1465 945 863 1726 503722744 1966433 3.572 0
C 1467 944 842 1684 491465296 1921364 3.911 0
C 1466 945 864 1728 504306432 1970605 3.974 1 23291005744020
C 1468 945 870 1740 507808560 1983250 3.920 1 19205088685481
C 1469 945 869 1738 507224872 1982248 3.960 0
C 1470 945 864 1728 504306432 1972037 3.873 0
C 1471 945 862 1724 503139056 1967115 3.463 0
C 1472 944 860 1720 501971680 1961873 3.466 0
C 1473 945 858 1716 500804304 1956397 3.483 0
C 1474 945 871 1742 508392248 1984752 3.599 0
C 1475 945 870 1740 507808560 1984247 3.530 0
C 1476 944 850 1700 496134800 1940687 3.477 0
C 1477 945 849 1698 495551112 1938079 3.440 0
C 1478 945 866 1732 505473808 1973904 3.479 1 22640993718792
C 1480 945 862 1724 503139056 1966224 3.395 0
C 1479 945 865 1730 504890120 1974430 3.507 1 20151045912776
C 1482 945 862 1724 503139056 1967483 18.707 0
C 1481 944 869 1738 507224872 1981802 18.777 0
C 1483 945 861 1722 502555368 1964054 18.668 1 19955008420256
C 1484 945 860 1720 501971680 1961337 18.744 0
C 1485 945 853 1706 497885864 1944148 18.703 0
C 1486 944 858 1716 500804304 1956162 3.432 0
C 1487 945 863 1726 503722744 1968408 3.388 1 23722300343320
C 1488 945 864 1728 504306432 1968923 3.424 0
C 1489 945 852 1704 497302176 1943140 3.509 0
C 1490 944 862 1724 503139056 1964184 3.561 0
C 1491 945 857 1714 500220616 1954905 3.839 0
C 1492 945 852 1704 497302176 1943185 3.917 0
C 1493 945 864 1728 504306432 1969990 3.834 0
C 1495 944 854 1708 498469552 1947728 3.794 0
C 1494 945 867 1734 506057496 1978599 3.871 1 24184951606669
C 1496 945 865 1730 504890120 1971650 3.498 0
C 1498 945 860 1720 501971680 1962514 3.436 0
C 1497 945 861 1722 502555368 1961174 3.468 0
C 1500 944 860 1720 501971680 1959732 3.422 0
C 1499 945 863 1726 503722744 1966592 3.458 0
C 1501 945 854 1708 498469552 1947856 3.443 1 17263876799696
C 1502 945 858 1716 500804304 1955890 3.435 0
C 1503 945 864 1728 504306432 1970753 3.430 1 20948666967789
C 1504 944 846 1692 493800048 1926417 3.352 1 22335746129953
C 1505 945 860 1720 501971680 1961206 3.467 0
C 1507 945 856 1712 499636928 1951697 3.420 0
C 1506 945 864 1728 504306432 1969904 3.462 0
C 1508 945 861 1722 502555368 1963270 3.481 1 21721339276446
C 1509 944 857 1714 500220616 1953644 3.524 0
C 1510 945 869 1738 507224872 1982637 3.590 0
C 1512 945 863 1726 503722744 1966896 3.520 0
C 1511 945 871 1742 508392248 1988938 3.569 0
C 1513 944 856 1712 499636928 1954030 3.591 0
C 1514 945 853 1706 497885864 1944556 3.518 0
C 1515 945 865 1730 504890120 1968904 3.568 0
C 1517 945 861 1722 502555368 1964610 3.426 0
C 1516 945 862 1724 503139056 1964345 3.482 0
C 1518 944 868 1736 506641184 1976094 3.561 0
C 1519 945 862 1724 503139056 1963830 3.521 0
C 1520 945 856 1712 499636928 1949841 3.393 0
C 1521 945 866 1732 505473808 1972281 3.489 0
C 1522 945 865 1730 504890120 1972460 3.582 0
C 1523 944 857 1714 500220616 1950983 3.519 0
C 1524 945 856 1712 499636928 1953988 3.438 0
C 1525 945 863 1726 503722744 1967532 3.431 0
C 1526 945 864 1728 504306432 1972680 3.425 0
C 1527 944 849 1698 495551112 1937762 3.385 0
C 1528 945 862 1724 503139056 1963698 3.437 0
C 1529 945 866 1732 505473808 1976048 3.479 0
C 1530 945 866 1732 505473808 1974920 3.496 0
C 1531 945 864 1728 504306432 1968507 3.383 0
C 1532 944 854 1708 498469552 1945905 3.409 0
C 1533 945 863 1726 503722744 1968057 3.407 0
C 1534 945 866 1732 505473808 1972864 3.447 1 24393449743429
C 1535 945 863 1726 503722744 1965721 3.412 1 16049566255764
C 1536 945 861 1722 502555368 1961325 3.440 0
C 1537 944 860 1720 501971680 1962377 3.455 0
C 1538 945 867 1734 506057496 1975297 3.489 0
C 1539 945 856 1712 499636928 1953016 3.477 1 21044101973613
C 1540 945 869 1738 507224872 1980855 3.486 1 21981137901280
C 1541 944 850 1700 496134800 1938985 3.402 0
C 1542 945 867 1734 506057496 1976070 3.499 0
C 1543 945 861 1722 502555368 1962870 3.422 1 16464067417183
C 1544 945 855 1710 499053240 1950301 3.424 1 23952203701844
C 1545 945 855 1710 499053240 1950633 3.450 0
C 1546 944 858 1716 500804304 1954965 5.990 1 18303263849698
C 1547 945 858 1716 500804304 1957297 5.987 0
C 1548 945 857 1714 500220616 1952418 5.955 0
C 1549 945 871 1742 508392248 1986475 5.984 0
C 1550 944 857 1714 500220616 1951913 5.931 0
C 1551 945 858 1716 500804304 1957255 3.169 1 17986625691290
C 1552 945 860 1720 501971680 1962499 3.192 0
C 1553 945 863 1726 503722744 1970803 3.206 0
C 1554 945 859 1718 501387992 1958939 3.198 0
C 1555 944 864 1728 504306432 1968794 3.172 0
C 1556 945 860 1720 501971680 1961142 3.479 0
C 1557 945 852 1704 497302176 1941964 3.504 0
C 1558 945 858 1716 500804304 1954700 3.442 0
C 1559 945 859 1718 501387992 1958130 3.454 0
C 1560 944 859 1718 501387992 1956591 3.537 0
C 1561 945 853 1706 497885864 1945131 3.571 0
C 1562 945 861 1722 502555368 1963915 3.466 0
C 1563 945 863 1726 503722744 1968526 3.462 0
C 1564 944 854 1708 498469552 1948770 3.484 0
C 1565 945 863 1726 503722744 1967406 3.487 0
C 1566 945 866 1732 505473808 1973348 3.468 0
C 1567 945 860 1720 501971680 1960509 3.415 0
C 1568 945 866 1732 505473808 1974395 3.516 1 20830973596033
C 1569 944 852 1704 497302176 1942423 3.498 0
C 1570 945 864 1728 504306432 1968857 3.452 1 15238325930486
C 1571 945 865 1730 504890120 1971772 3.485 0
C 1572 945 865 1730 504890120 1970759 3.491 0
C 1573 945 852 1704 497302176 1941495 3.599 1 18162603232616
C 1574 944 865 1730 504890120 1970783 3.582 1 20950420685375
C 1575 945 855 1710 499053240 1949123 3.577 0
C 1576 945 860 1720 501971680 1960038 3.821 1 19372592830889
C 1577 945 868 1736 506641184 1976715 3.835 0
C 1578 944 854 1708 498469552 1948296 3.706 1 19417569063351
C 1579 945 858 1716 500804304 1953062 3.661 1 16126579127794
C 1580 945 860 1720 501971680 1961325 3.612 0
C 1581 945 872 1744 508975936 1987784 3.627 0
C 1582 945 865 1730 504890120 1971694 3.557 0
C 1583 944 856 1712 499636928 1951215 3.570 0
C 1584 945 865 1730 504890120 1971136 3.562 0
C 1585 945 871 1742 508392248 1986499 3.741 0
C 1586 945 866 1732 505473808 1973909 3.569 2 20337406208691 16523967527212
C 1587 944 850 1700 496134800 1938941 3.525 0
C 1588 945 860 1720 501971680 1959682 3.503 0
C 1589 945 863 1726 503722744 1968622 3.428 0
C 1590 945 858 1716 500804304 1955056 3.502 0
C 1592 944 861 1722 502555368 1962343 3.552 1 20704274666582
C 1591 945 866 1732 505473808 1974935 3.569 1 22421619510375
C 1594 945 857 1714 500220616 1952217 3.485 2 24228424798954 23118868125481
C 1593 945 866 1732 505473808 1976917 3.639 1 18321918832966
C 1595 945 863 1726 503722744 1970335 3.437 0
C 1597 944 862 1724 503139056 1963052 3.391 0
C 1596 945 863 1726 503722744 1968047 3.400 0
C 1598 945 865 1730 504890120 1971821 3.456 0
C 1599 945 859 1718 501387992 1957920 3.473 1 16284594432010
C 1600 945 864 1728 504306432 1968943 3.439 0
C 1601 944 858 1716 500804304 1955678 3.446 0
C 1602 945 863 1726 503722744 1968380 3.483 0
C 1603 945 859 1718 501387992 1959724 3.580 0
C 1604 945 868 1736 506641184 1979044 3.619 1 20700006362955
C 1605 945 871 1742 508392248 1986444 3.575 0
C 1606 944 849 1698 495551112 1934927 3.444 0
C 1607 945 859 1718 501387992 1959839 3.494 0
C 1608 945 861 1722 502555368 1960627 3.557 0
C 1610 945 863 1726 503722744 1968085 3.489 0
C 1609 945 867 1734 506057496 1976873 3.568 1 17109140410073
C 1611 944 855 1710 499053240 1949656 3.558 0
C 1612 945 853 1706 497885864 1945558 3.591 0
C 1613 945 858 1716 500804304 1958635 3.539 0
C 1615 944 859 1718 501387992 1959404 108.533 0
C 1614 945 870 1740 507808560 1984919 108.559 1 21223559553182
C 1616 945 865 1730 504890120 1973995 108.466 1 20805290311146
C 1617 945 869 1738 507224872 1981460 108.356 0
C 1618 945 852 1704 497302176 1942253 108.377 0
C 1620 944 858 1716 500804304 1952805 3.337 1 24069930682785
C 1619 945 860 1720 501971680 1961633 3.371 0
C 1622 945 851 1702 496718488 1942521 3.422 0
C 1621 945 869 1738 507224872 1982183 3.468 1 22321920068339
C 1623 945 863 1726 503722744 1967416 3.458 0
C 1624 945 853 1706 497885864 1942340 3.550 1 21894402302021
C 1625 944 859 1718 501387992 1959439 3.625 0
C 1626 945 868 1736 506641184 1978540 3.554 1 19933800108422
C 1627 945 869 1738 507224872 1978316 3.541 1 23530512689199
C 1628 945 855 1710 499053240 1950106 3.564 0
C 1629 944 869 1738 507224872 1981699 3.555 0
C 1630 945 859 1718 501387992 1960517 3.557 0
C 1631 945 853 1706 497885864 1945499 3.496 1 15629330994802
C 1632 945 864 1728 504306432 1970210 3.494 1 22299906628021
C 1633 945 860 1720 501971680 1960873 3.466 0
C 1634 944 858 1716 500804304 1957370 3.456 0
C 1635 945 857 1714 500220616 1953341 3.470 1 19310410076326
C 1636 945 864 1728 504306432 1970557 3.876 0
C 1637 945 865 1730 504890120 1973003 4.029 2 17196043105868 21295940500851
C 1638 944 847 1694 494383736 1932355 3.866 0
C 1639 945 857 1714 500220616 1953120 3.973 1 18117715274507
C 1640 945 863 1726 503722744 1967093 3.952 1 21332156092660
C 1641 945 859 1718 501387992 1958390 3.652 0
C 1642 945 870 1740 507808560 1984416 3.618 1 21152247152585
C 1643 944 851 1702 496718488 1939663 3.617 0
C 1644 945 865 1730 504890120 1969640 3.657 0
C 1645 945 871 1742 508392248 1985105 3.612 0
C 1646 945 863 1726 503722744 1967266 3.554 0
C 1647 945 860 1720 501971680 1960398 3.598 0
C 1648 944 860 1720 501971680 1960382 3.579 1 20643983462817
C 1649 945 864 1728 504306432 1968018 3.515 0
C 1650 945 860 1720 501971680 1963595 3.558 1 16299311373643
C 1651 945 853 1706 497885864 1947179 3.681 1 21335483129408
C 1652 944 862 1724 503139056 1964395 3.687 0
C 1653 945 859 1718 501387992 1956714 3.698 0
C 1654 945 862 1724 503139056 1964522 3.669 0
C 1655 945 860 1720 501971680 1958980 3.775 0
C 1656 945 857 1714 500220616 1955148 3.524 0
C 1657 944 863 1726 503722744 1967442 3.455 0
C 1658 945 863 1726 503722744 1968181 3.475 1 20763401685954
C 1659 945 861 1722 502555368 1962402 3.496 0
C 1660 945 862 1724 503139056 1963568 3.413 0
C 1661 945 860 1720 501971680 1959867 3.330 0
C 1662 944 849 1698 495551112 1933204 3.342 0
C 1663 945 854 1708 498469552 1948399 3.304 0
C 1664 945 864 1728 504306432 1970735 3.257 0
C 1665 945 862 1724 503139056 1963924 3.334 0
C 1666 944 863 1726 503722744 1965509 3.334 0
C 1667 945 873 1746 509559624 1992359 3.420 0
C 1668 945 867 1734 506057496 1976130 3.438 1 16417848965261
C 1669 945 860 1720 501971680 1960225 3.331 0
C 1670 945 864 1728 504306432 1970328 3.339 0
C 1671 944 855 1710 499053240 1952822 3.557 0
C 1672 945 854 1708 498469552 1947569 3.489 0
C 1673 945 857 1714 500220616 1953819 3.493 1 17306401736333
C 1674 945 858 1716 500804304 1956295 3.469 0
C 1675 944 856 1712 499636928 1952866 3.489 0
C 1676 945 863 1726 503722744 1965361 3.515 0
C 1677 945 870 1740 507808560 1983986 3.504 1 15464235940016
C 1678 945 859 1718 501387992 1962048 3.417 0
C 1679 945 869 1738 507224872 1980116 3.577 0
C 1680 944 852 1704 497302176 1944088 3.472 0
C 1681 945 862 1724 503139056 1964822 388.541 0
C 1682 945 866 1732 505473808 1974290 388.644 1 24189718777846
C 1683 945 857 1714 500220616 1951453 388.609 1 23331305735023
C 1684 945 857 1714 500220616 1953572 388.614 0
C 1685 944 855 1710 499053240 1950266 388.538 1 22830568564615
C 1686 945 863 1726 503722744 1965385 3.212 0
C 1687 945 867 1734 506057496 1975177 3.269 0
C 1688 945 865 1730 504890120 1973814 3.262 1 22750554212755
C 1689 944 854 1708 498469552 1947572 3.242 0
C 1690 945 854 1708 498469552 1946770 3.224 1 20693613755256
C 1691 945 863 1726 503722744 1967330 3.510 0
C 1692 945 862 1724 503139056 1966704 3.535 0
C 1693 945 863 1726 503722744 1965725 3.561 1 16378891161676
C 1695 945 859 1718 501387992 1958635 3.497 1 22641107229476
C 1694 944 856 1712 499636928 1955351 3.555 0
C 1696 945 862 1724 503139056 1968764 3.414 1 19608678276371
C 1697 945 872 1744 508975936 1990537 3.532 0
C 1698 945 859 1718 501387992 1957854 3.585 0
C 1699 944 859 1718 501387992 1961344 3.436 0
C 1700 945 865 1730 504890120 1972023 3.516 0
C 1701 945 862 1724 503139056 1965425 3.292 0
C 1702 945 870 1740 507808560 1982776 3.383 0
C 1703 944 863 1726 503722744 1966071 3.349 0
C 1704 945 860 1720 501971680 1958821 3.339 0
C 1705 945 865 1730 504890120 1971053 3.357 1 22793381824175
C 1706 945 860 1720 501971680 1963008 3.595 1 23993856083153
C 1707 945 860 1720 501971680 1961277 3.677 0
C 1708 944 854 1708 498469552 1948017 3.673 1 22521718662601
C 1709 945 866 1732 505473808 1971323 3.787 1 19364939647265
C 1710 945 864 1728 504306432 1969847 3.692 1 18683437736162
C 1711 945 862 1724 503139056 1962982 3.618 0
C 1712 944 855 1710 499053240 1952220 3.559 1 18707049695234
C 1713 945 862 1724 503139056 1967560 3.516 2 16864875571263 22448514076153
C 1714 945 864 1728 504306432 1967507 3.631 0
C 1715 945 859 1718 501387992 1956592 3.625 0
C 1716 945 872 1744 508975936 1988564 3.482 0
C 1718 945 856 1712 499636928 1952081 3.372 0
C 1717 944 857 1714 500220616 1954036 3.394 0
C 1719 945 862 1724 503139056 1962727 3.354 0
C 1720 945 863 1726 503722744 1965144 3.397 0
C 1721 945 847 1694 494383736 1932975 3.369 0
C 1723 945 848 1696 494967424 1934390 3.362 1 22962433788507
C 1722 944 858 1716 500804304 1955735 3.470 0
C 1724 945 861 1722 502555368 1962649 3.413 0
C 1725 945 854 1708 498469552 1945716 3.362 1 21950480675982
C 1726 944 853 1706 497885864 1947756 3.475 1 21060498181655
C 1727 945 852 1704 497302176 1940154 3.426 0
C 1728 945 870 1740 507808560 1982259 3.430 1 16044913872921
C 1729 945 863 1726 503722744 1968238 3.370 1 17604646851755
C 1730 945 865 1730 504890120 1972654 3.403 1 17528952487569
C 1731 944 855 1710 499053240 1948036 3.829 0
C 1732 945 867 1734 506057496 1974550 3.882 0
C 1733 945 863 1726 503722744 1968817 3.804 1 22385153030304
C 1734 945 861 1722 502555368 1962595 3.800 0
C 1735 945 858 1716 500804304 1956489 3.852 0
C 1736 944 850 1700 496134800 1936841 3.363 0
C 1737 945 865 1730 504890120 1974138 3.460 0
C 1738 945 870 1740 507808560 1980681 3.500 0
C 1739 945 858 1716 500804304 1955537 3.453 0
C 1740 944 867 1734 506057496 1974995 3.620 0
C 1741 945 867 1734 506057496 1975849 3.595 0
C 1742 945 855 1710 499053240 1949740 3.563 0
C 1743 945 867 1734 506057496 1976211 3.614 0
C 1744 945 867 1734 506057496 1975507 3.674 1 24208431995822
C 1745 944 854 1708 498469552 1947629 3.548 0
C 1746 945 860 1720 501971680 1960405 306.067 0
C 1747 945 860 1720 501971680 1958470 305.941 1 17773685618631
C 1748 945 862 1724 503139056 1965734 305.896 0
C 1749 945 862 1724 503139056 1964833 305.863 0
C 1750 944 863 1726 503722744 1965973 305.873 0
C 1751 945 868 1736 506641184 1978366 3.299 0
C 1752 945 860 1720 501971680 1960082 3.190 2 19615265050931 23692787269021
C 1753 945 860 1720 501971680 1958710 3.228 0
C 1754 944 855 1710 499053240 1948445 3.203 0
C 1755 945 868 1736 506641184 1978148 3.303 0
C 1756 945 864 1728 504306432 1970622 3.416 0
C 1757 945 865 1730 504890120 1974219 3.584 0
C 1758 945 856 1712 499636928 1950845 3.507 0
C 1759 944 867 1734 506057496 1976435 3.544 0
C 1760 945 865 1730 504890120 1972996 3.501 0
C 1761 945 860 1720 501971680 1960824 3.490 0
C 1762 945 855 1710 499053240 1949785 3.436 1 18708259041557
C 1763 944 861 1722 502555368 1962556 3.419 0
C 1764 945 855 1710 499053240 1950812 3.435 0
C 1765 945 867 1734 506057496 1976899 3.438 1 19942304138441
C 1766 945 861 1722 502555368 1962802 3.277 0
C 1768 944 858 1716 500804304 1955899 3.301 0
C 1767 945 865 1730 504890120 1971831 3.360 1 22822213119049
C 1769 945 864 1728 504306432 1970193 3.302 0
C 1770 945 858 1716 500804304 1959032 3.341 0
C 1771 945 867 1734 506057496 1976335 3.529 2 20082610314466 16514749090841
C 1773 944 848 1696 494967424 1934380 3.361 0
C 1772 945 860 1720 501971680 1960242 3.498 1 16455787369576
C 1774 945 858 1716 500804304 1957863 3.404 0
C 1775 945 863 1726 503722744 1967241 3.468 0
C 1776 945 858 1716 500804304 1957199 3.385 0
C 1777 944 868 1736 506641184 1981081 3.442 0
C 1778 945 854 1708 498469552 1948313 3.426 1 24301775160911
C 1779 945 870 1740 507808560 1982323 3.466 0
C 1780 945 855 1710 499053240 1947920 3.384 0
C 1781 945 866 1732 505473808 1973124 3.356 0
C 1782 944 855 1710 499053240 1948460 3.258 0
C 1783 945 861 1722 502555368 1963396 3.287 2 22872636702668 17945245196166
C 1784 945 860 1720 501971680 1959586 3.268 0
C 1785 945 856 1712 499636928 1953025 3.356 1 24189100848757
C 1786 945 855 1710 499053240 1950632 3.446 0
C 1787 944 855 1710 499053240 1948532 3.471 0
C 1788 945 868 1736 506641184 1976941 3.499 0
C 1789 945 854 1708 498469552 1946292 3.434 0
C 1790 945 872 1744 508975936 1984646 3.475 0
C 1791 944 852 1704 497302176 1944416 3.537 0
C 1792 945 865 1730 504890120 1973199 3.531 0
C 1793 945 863 1726 503722744 1967037 3.410 0
C 1794 945 866 1732 505473808 1974160 3.494 0
C 1795 945 856 1712 499636928 1950031 3.478 0
C 1796 944 850 1700 496134800 1938701 3.283 1 17040190765237
C 1797 945 855 1710 499053240 1949609 3.310 0
C 1798 945 857 1714 500220616 1954585 3.321 0
C 1799 945 866 1732 505473808 1974528 3.312 0
C 1800 944 857 1714 500220616 1951627 3.289 0
C 1801 945 864 1728 504306432 1969429 3.342 0
C 1803 945 865 1730 504890120 1972664 3.451 0
C 1802 945 871 1742 508392248 1987153 3.506 0
C 1804 945 864 1728 504306432 1968089 3.419 0
C 1805 944 859 1718 501387992 1961599 3.434 0
C 1806 945 861 1722 502555368 1963981 3.370 1 23561598773293
C 1807 945 864 1728 504306432 1972731 3.390 0
C 1809 945 860 1720 501971680 1960422 3.384 0
C 1808 945 873 1746 509559624 1990633 3.461 0
C 1810 944 847 1694 494383736 1930628 3.325 0
C 1811 945 862 1724 503139056 1968007 3.268 0
C 1812 945 862 1724 503139056 1965634 3.291 0
C 1813 945 861 1722 502555368 1963435 3.295 0
C 1814 944 866 1732 505473808 1976280 3.604 0
C 1815 945 869 1738 507224872 1982743 3.578 0
C 1816 945 869 1738 507224872 1978717 416.867 0
C 1817 945 851 1702 496718488 1938293 416.801 1 19919011837763
C 1818 945 865 1730 504890120 1970348 416.812 1 22468302582327
C 1819 944 851 1702 496718488 1937788 416.525 0
C 1820 945 864 1728 504306432 1968558 416.570 0
C 1821 945 867 1734 506057496 1977303 3.428 1 22929687370939
C 1822 945 853 1706 497885864 1945893 3.359 1 22815112395441
C 1824 944 860 1720 501971680 1961193 3.270 0
C 1823 945 860 1720 501971680 1961381 3.363 0
C 1825 945 861 1722 502555368 1962807 3.367 0
C 1826 945 865 1730 504890120 1970622 3.456 0
C 1828 944 858 1716 500804304 1956517 3.418 0
C 1827 945 869 1738 507224872 1981775 3.466 0
C 1829 945 855 1710 499053240 1949218 3.398 0
C 1830 945 852 1704 497302176 1942884 3.413 1 19716778538794
C 1831 945 863 1726 503722744 1965999 3.456 0
C 1833 944 863 1726 503722744 1967506 3.401 0
C 1832 945 863 1726 503722744 1967700 3.420 1 16466123017794
C 1834 945 858 1716 500804304 1959116 3.457 0
C 1835 945 855 1710 499053240 1947310 3.353 0
C 1836 945 861 1722 502555368 1961504 3.935 0
C 1837 944 857 1714 500220616 1954198 3.952 0
C 1838 945 862 1724 503139056 1964540 3.943 0
C 1839 945 863 1726 503722744 1967323 3.928 0
C 1840 945 853 1706 497885864 1946949 3.861 0
C 1841 945 862 1724 503139056 1963935 3.425 1 22790080766657
C 1843 945 861 1722 502555368 1961400 3.444 1 22444018214860
C 1842 944 854 1708 498469552 1947141 3.464 0
C 1844 945 864 1728 504306432 1971172 3.482 0
C 1845 945 871 1742 508392248 1989531 3.530 2 20069592986966 18671614025260
C 1846 945 851 1702 496718488 1940124 3.507 0
C 1848 945 864 1728 504306432 1969055 3.433 0
C 1847 944 851 1702 496718488 1941063 3.546 0
C 1849 945 867 1734 506057496 1976715 3.488 1 17541997248530
C 1850 945 856 1712 499636928 1951564 3.515 0
C 1851 944 861 1722 502555368 1963351 3.547 0
C 1852 945 864 1728 504306432 1968984 3.516 2 16717022162076 19719172788890
C 1853 945 863 1726 503722744 1967685 3.537 0
C 1854 945 861 1722 502555368 1964031 3.543 0
C 1855 945 870 1740 507808560 1987393 3.528 1 16626260886929
C 1856 944 852 1704 497302176 1944113 3.566 0
C 1857 945 863 1726 503722744 1967788 3.387 0
C 1858 945 868 1736 506641184 1979535 3.455 0
C 1859 945 865 1730 504890120 1972456 3.461 0
C 1860 945 853 1706 497885864 1943771 3.490 0
C 1861 944 867 1734 506057496 1975787 3.382 1 16622046240844
C 1862 945 858 1716 500804304 1958631 3.305 1 23282174111829
C 1863 945 869 1738 507224872 1982100 3.353 1 24002423710411
C 1864 945 865 1730 504890120 1971909 3.359 0
C 1865 944 863 1726 503722744 1967803 3.294 0
C 1866 945 859 1718 501387992 1958868 3.341 1 16681789071173
C 1867 945 863 1726 503722744 1968409 3.354 2 18994931712845 22019905876592
C 1868 945 862 1724 503139056 1965805 3.348 0
C 1869 945 857 1714 500220616 1954015 3.342 0
C 1870 944 860 1720 501971680 1961159 3.313 1 18403290229071
C 1871 945 859 1718 501387992 1959157 3.349 0
C 1872 945 861 1722 502555368 1960337 3.363 0
C 1874 945 859 1718 501387992 1956832 3.358 0
C 1873 945 859 1718 501387992 1958266 3.424 0
C 1875 944 862 1724 503139056 1965775 3.349 0
C 1876 945 872 1744 508975936 1987792 3.345 1 22507594525383
C 1877 945 857 1714 500220616 1953692 3.374 0
C 1878 945 858 1716 500804304 1954691 3.287 1 22593040837841
C 1879 944 861 1722 502555368 1963356 3.323 0
C 1880 945 858 1716 500804304 1957130 3.352 0
C 1881 945 856 1712 499636928 1952372 358.302 0
C 1882 945 865 1730 504890120 1972134 358.415 0
C 1883 945 862 1724 503139056 1964464 358.261 0
C 1884 944 857 1714 500220616 1952827 358.251 1 18712353740319
C 1885 945 856 1712 499636928 1949944 358.215 0
C 1886 945 859 1718 501387992 1958788 3.241 0
C 1888 944 859 1718 501387992 1957959 3.231 0
C 1887 945 862 1724 503139056 1966182 3.250 0
C 1889 945 859 1718 501387992 1958105 3.235 0
C 1890 945 866 1732 505473808 1975334 3.291 0
C 1891 945 861 1722 502555368 1962930 3.435 0
C 1892 945 864 1728 504306432 1969779 3.320 0
C 1893 944 859 1718 501387992 1959139 3.321 0
C 1894 945 862 1724 503139056 1967754 3.328 0
C 1895 945 857 1714 500220616 1950994 3.322 1 18934796928119
C 1896 945 852 1704 497302176 1943584 3.393 0
C 1897 945 855 1710 499053240 1951985 3.399 0
C 1898 944 859 1718 501387992 1958710 3.518 1 15787965514616
C 1899 945 867 1734 506057496 1977748 3.475 0
C 1900 945 851 1702 496718488 1942182 3.347 0
C 1902 944 848 1696 494967424 1931258 3.335 0
C 1901 945 858 1716 500804304 1955629 3.472 0
C 1904 945 859 1718 501387992 1959328 3.448 0
C 1903 945 865 1730 504890120 1972674 3.526 1 15422714325495
C 1905 945 863 1726 503722744 1969485 3.499 0
C 1906 945 857 1714 500220616 1954491 3.268 0
C 1907 944 864 1728 504306432 1969112 3.283 0
C 1908 945 860 1720 501971680 1959637 3.264 0
C 1909 945 859 1718 501387992 1957947 3.268 0
C 1910 945 869 1738 507224872 1981489 3.330 0
C 1911 945 863 1726 503722744 1968694 3.449 0
C 1912 944 859 1718 501387992 1958361 3.506 0
C 1913 945 862 1724 503139056 1965781 3.427 1 19165426818294
C 1914 945 861 1722 502555368 1962916 3.522 0
C 1915 945 870 1740 507808560 1979346 3.534 0
C 1916 944 864 1728 504306432 1970804 3.416 0
C 1917 945 865 1730 504890120 1972735 3.484 0
C 1918 945 862 1724 503139056 1964414 3.435 0
C 1919 945 869 1738 507224872 1982033 3.426 1 21239930377861
C 1920 945 855 1710 499053240 1949405 3.397 0
C 1921 944 842 1684 491465296 1919286 3.430 0
C 1922 945 862 1724 503139056 1967616 3.544 1 16442581006004
C 1923 945 863 1726 503722744 1966976 3.564 0
C 1924 945 859 1718 501387992 1958770 3.539 0
C 1925 944 862 1724 503139056 1963992 3.525 1 16140675434074
C 1926 945 862 1724 503139056 1967141 3.414 0
C 1927 945 864 1728 504306432 1970863 3.415 0
C 1928 945 855 1710 499053240 1952593 3.397 1 22333022402482
C 1929 945 869 1738 507224872 1984275 3.476 0
C 1930 944 858 1716 500804304 1954758 3.434 1 21662424413420
C 1931 945 865 1730 504890120 1973023 3.380 0
C 1932 945 858 1716 500804304 1957211 3.322 0
C 1933 945 867 1734 506057496 1975704 3.327 1 24441214774056
C 1934 945 857 1714 500220616 1952381 3.365 1 20302471803505
C 1935 944 868 1736 506641184 1981344 3.409 0
C 1936 945 862 1724 503139056 1965339 3.311 1 17904805622770
C 1937 945 862 1724 503139056 1965715 3.393 1 18829212123991
C 1938 945 868 1736 506641184 1979796 3.450 1 20128159420882
C 1939 944 863 1726 503722744 1965929 3.406 0
C 1940 945 856 1712 499636928 1950618 3.384 2 23488874884353 15418738826449
C 1941 945 857 1714 500220616 1957116 3.432 0
C 1942 945 860 1720 501971680 1959815 3.457 1 24053843621903
C 1943 945 850 1700 496134800 1937249 3.598 1 17170905188120
C 1944 944 866 1732 505473808 1975117 3.642 0
C 1945 945 854 1708 498469552 1947064 3.645 0
C 1946 945 856 1712 499636928 1951513 3.483 0
C 1947 945 870 1740 507808560 1982764 3.515 1 21662290334642
C 1948 945 857 1714 500220616 1952818 3.397 0
C 1949 944 858 1716 500804304 1955690 3.363 0
C 1950 945 854 1708 498469552 1947080 3.408 0
C 1951 945 868 1736 506641184 1980508 257.099 0
C 1952 945 861 1722 502555368 1965511 257.023 0
C 1953 944 867 1734 506057496 1978184 257.056 0
C 1954 945 859 1718 501387992 1957110 257.015 1 19342443758440
C 1955 945 859 1718 501387992 1958607 257.049 2 23626722728405 15826674456681
C 1956 945 866 1732 505473808 1974819 3.199 0
C 1957 945 863 1726 503722744 1967356 3.147 0
C 1958 944 852 1704 497302176 1942395 3.152 0
C 1959 945 866 1732 505473808 1973578 3.198 1 17151145675105
C 1960 945 874 1748 510143312 1992897 3.178 0
C 1961 945 860 1720 501971680 1959679 3.188 0
C 1962 944 865 1730 504890120 1972832 3.214 0
C 1963 945 859 1718 501387992 1957991 3.161 1 22799305081696
C 1964 945 865 1730 504890120 1972507 3.205 1 15384444086093
C 1965 945 865 1730 504890120 1973164 3.174 0
C 1966 945 863 1726 503722744 1969212 3.106 0
C 1967 944 852 1704 497302176 1941386 3.096 1 16842999496964
C 1968 945 862 1724 503139056 1964317 3.107 0
C 1970 945 856 1712 499636928 1950309 3.089 0
C 1969 945 871 1742 508392248 1985902 3.184 0
C 1971 945 857 1714 500220616 1953565 3.295 0
C 1972 944 857 1714 500220616 1951070 3.264 2 18170682620179 23764148483079
C 1973 945 857 1714 500220616 1953812 3.298 1 16118213805789
C 1974 945 869 1738 507224872 1982857 3.377 1 24112108472656
C 1975 945 870 1740 507808560 1981717 3.399 0
C 1976 944 852 1704 497302176 1943098 3.840 0
C 1977 945 857 1714 500220616 1955523 3.954 0
C 1978 945 865 1730 504890120 1973560 4.134 0
C 1980 945 864 1728 504306432 1969542 4.125 0
C 1979 945 867 1734 506057496 1978209 4.280 1 17147930408086
C 1981 944 868 1736 506641184 1979633 3.957 0
C 1982 945 865 1730 504890120 1973037 3.861 0
C 1983 945 855 1710 499053240 1947107 3.702 1 20839652400299
C 1984 945 868 1736 506641184 1977551 3.732 0
C 1985 945 860 1720 501971680 1960866 3.633 1 21969423250052
C 1986 944 849 1698 495551112 1933622 3.482 0
C 1987 945 861 1722 502555368 1962217 3.495 0
C 1988 945 856 1712 499636928 1952491 3.542 0
C 1989 945 853 1706 497885864 1945485 3.485 0
C 1990 944 855 1710 499053240 1948904 3.490 0
C 1991 945 858 1716 500804304 1956511 3.487 1 24336217972338
C 1992 945 851 1702 496718488 1937683 3.488 0
C 1993 945 865 1730 504890120 1972466 3.479 0
C 1995 944 856 1712 499636928 1951368 3.412 0
C 1994 945 860 1720 501971680 1956796 3.445 1 16992684806278
C 1996 945 859 1718 501387992 1956843 3.287 0
C 1997 945 865 1730 504890120 1973249 3.207 0
C 1998 945 861 1722 502555368 1961879 3.145 0
C 1999 945 865 1730 504890120 1972914 3.147 0
# end
