# start B=26 K=2 SL=21 CL=31 J=5 LO=141167095653376 HI=149478291759623 S=297034400 T=27981 roots=6 chunks=500 perm=7343095 filters=1 range=0-500
C 4 23762 19301 115806 3240367686 12656733 9.910 0
C 2 23763 19344 116064 3247586784 12692479 9.996 0
C 0 23762 19318 115908 3243221748 12665170 10.005 0
C 3 23763 19465 116790 3267900990 12772358 10.011 0
C 1 23763 19420 116520 3260346120 12731678 10.070 0
C 5 23763 19394 116364 3255981084 12722562 10.140 0
C 6 23763 19343 116058 3247418898 12683719 10.098 0
C 7 23763 19339 116034 3246747354 12688825 10.140 0
C 8 23762 19379 116274 3253462794 12708097 10.214 0
C 9 23763 19425 116550 3261185550 12744158 10.228 0
C 10 23763 19390 116340 3255309540 12718989 10.196 0
C 11 23763 19352 116112 3248929872 12691472 10.183 0
C 12 23762 19279 115674 3236674194 12643832 10.159 0
C 14 23763 19342 116052 3247251012 12689214 10.166 0
C 13 23763 19436 116616 3263032296 12739105 10.249 0
C 15 23763 19406 116436 3257995716 12730836 10.313 0
C 16 23762 19350 116100 3248594100 12689479 10.295 0
C 17 23763 19329 115974 3245068494 12675097 10.294 0
C 18 23763 19386 116316 3254637996 12712875 10.184 0
C 19 23763 19382 116292 3253966452 12712904 10.294 0
C 20 23762 19307 115842 3241375002 12660999 10.833 0
C 21 23763 19266 115596 3234491676 12631842 10.849 0
C 22 23763 19346 116076 3247922556 12691090 10.882 0
C 23 23763 19337 116022 3246411582 12677099 10.866 1 142376931572060
C 24 23762 19391 116346 3255477426 12715456 10.937 0
C 25 23763 19394 116364 3255981084 12717247 10.560 0
C 28 23762 19345 116070 3247754670 12689631 10.449 0
C 26 23763 19303 115818 3240703458 12651684 10.578 0
C 27 23763 19389 116334 3255141654 12716954 10.528 0
C 29 23763 19368 116208 3251616048 12700485 10.514 0
C 30 23763 19328 115968 3244900608 12677848 10.490 0
C 31 23763 19330 115980 3245236380 12681711 10.592 0
C 33 23763 19374 116244 3252623364 12706022 10.560 0
C 32 23762 19387 116322 3254805882 12712883 10.639 0
C 34 23763 19396 116376 3256316856 12719502 10.625 0
C 35 23763 19337 116022 3246411582 12680503 10.574 0
C 36 23762 19318 115908 3243221748 12667589 10.620 0
C 37 23763 19380 116280 3253630680 12707218 10.669 0
C 38 23763 19321 115926 3243725406 12668693 10.630 0
C 39 23763 19382 116292 3253966452 12710990 10.649 0
C 40 23762 19315 115890 3242718090 12673621 10.608 0
C 41 23763 19313 115878 3242382318 12664613 10.607 0
C 42 23763 19383 116298 3254134338 12708898 10.622 0
C 43 23763 19257 115542 3232980702 12633734 10.607 0
C 44 23762 19381 116286 3253798566 12709312 10.666 0
C 45 23763 19349 116094 3248426214 12684822 10.744 0
C 46 23763 19333 115998 3245740038 12675335 10.660 0
C 48 23762 19448 116688 3265046928 12751681 10.767 0
C 47 23763 19436 116616 3263032296 12747905 10.838 0
C 49 23763 19285 115710 3237681510 12649198 10.628 0
C 50 23763 19337 116022 3246411582 12679234 10.864 0
C 51 23763 19347 116082 3248090442 12687902 10.827 0
C 52 23762 19303 115818 3240703458 12661503 10.850 0
C 53 23763 19398 116388 3256652628 12715411 10.924 0
C 54 23763 19315 115890 3242718090 12667365 10.866 0
C 55 23763 19326 115956 3244564836 12673346 10.732 0
C 56 23762 19415 116490 3259506690 12739794 10.768 0
C 57 23763 19379 116274 3253462794 12704752 10.791 0
C 58 23763 19329 115974 3245068494 12670680 10.707 0
C 59 23763 19398 116388 3256652628 12716468 10.750 0
C 60 23762 19312 115872 3242214432 12668747 10.773 0
C 61 23763 19468 116808 3268404648 12764665 10.830 0
C 62 23763 19328 115968 3244900608 12674726 10.789 0
C 63 23763 19400 116400 3256988400 12722313 10.835 0
C 64 23762 19314 115884 3242550204 12671432 10.830 0
C 65 23763 19375 116250 3252791250 12707426 10.891 0
C 66 23763 19397 116382 3256484742 12722359 10.853 0
C 67 23763 19350 116100 3248594100 12685770 10.907 0
C 68 23762 19372 116232 3252287592 12708131 10.858 0
C 69 23763 19386 116316 3254637996 12718167 10.878 0
C 70 23763 19369 116214 3251783934 12701591 10.838 0
C 71 23763 19441 116646 3263871726 12752906 10.914 0
C 72 23762 19280 115680 3236842080 12638957 10.789 0
C 73 23763 19402 116412 3257324172 12723880 10.857 0
C 74 23763 19359 116154 3250105074 12695446 10.828 0
C 75 23763 19319 115914 3243389634 12671317 11.113 0
C 76 23762 19417 116502 3259842462 12733170 11.100 0
C 77 23763 19352 116112 3248929872 12694904 11.016 0
C 78 23763 19341 116046 3247083126 12685152 11.002 0
C 79 23763 19296 115776 3239528256 12655561 11.016 0
C 80 23762 19389 116334 3255141654 12712220 11.050 0
C 81 23763 19296 115776 3239528256 12654263 11.026 0
C 82 23763 19372 116232 3252287592 12703873 11.022 0
C 84 23762 19358 116148 3249937188 12696782 11.013 0
C 83 23763 19379 116274 3253462794 12706281 11.103 0
C 85 23763 19406 116436 3257995716 12725799 10.920 0
C 86 23763 19368 116208 3251616048 12700594 10.933 0
C 87 23763 19369 116214 3251783934 12702299 10.900 0
C 89 23763 19314 115884 3242550204 12666211 10.826 0
C 88 23762 19317 115902 3243053862 12665337 10.882 0
C 90 23763 19388 116328 3254973768 12717670 10.953 0
C 91 23763 19350 116100 3248594100 12693600 10.933 0
C 92 23762 19372 116232 3252287592 12707718 10.980 0
C 93 23763 19290 115740 3238520940 12648784 10.901 0
C 94 23763 19294 115764 3239192484 12656275 10.935 0
C 95 23763 19393 116358 3255813198 12716229 10.938 0
C 96 23762 19362 116172 3250608732 12699506 10.952 0
C 98 23763 19352 116112 3248929872 12689858 10.873 0
C 97 23763 19340 116040 3246915240 12685314 10.987 0
C 99 23763 19317 115902 3243053862 12668355 10.922 0
C 100 23762 19294 115764 3239192484 12655233 10.886 0
C 101 23763 19383 116298 3254134338 12711005 10.957 0
C 103 23763 19262 115572 3233820132 12633758 10.889 1 148540156660685
C 102 23763 19352 116112 3248929872 12689882 11.038 0
C 104 23762 19443 116658 3264207498 12748785 10.999 0
C 105 23763 19356 116136 3249601416 12697084 10.890 0
C 107 23763 19309 115854 3241710774 12662581 10.882 0
C 106 23763 19347 116082 3248090442 12686148 10.958 0
C 108 23762 19322 115932 3243893292 12675568 10.939 0
C 109 23763 19345 116070 3247754670 12689146 10.968 0
C 110 23763 19308 115848 3241542888 12659841 10.928 0
C 111 23763 19360 116160 3250272960 12692950 10.976 0
C 112 23762 19315 115890 3242718090 12670423 10.935 0
C 113 23763 19338 116028 3246579468 12683221 10.950 0
C 114 23763 19345 116070 3247754670 12690160 10.896 0
C 115 23763 19293 115758 3239024598 12653768 10.926 0
C 117 23763 19323 115938 3244061178 12670106 10.918 0
C 116 23762 19416 116496 3259674576 12727907 10.979 0
C 119 23763 19357 116142 3249769302 12700313 10.903 0
C 118 23763 19345 116070 3247754670 12685923 10.975 0
C 120 23762 19291 115746 3238688826 12651073 10.937 0
C 121 23763 19397 116382 3256484742 12718872 11.007 0
C 122 23763 19321 115926 3243725406 12674015 10.977 0
C 123 23763 19409 116454 3258499374 12722427 10.991 0
C 124 23763 19399 116394 3256820514 12721295 10.986 0
C 125 23762 19370 116220 3251951820 12698931 10.947 0
C 126 23763 19338 116028 3246579468 12674864 10.930 0
C 127 23763 19405 116430 3257827830 12722772 10.959 0
C 129 23762 19413 116478 3259170918 12734216 10.954 0
C 128 23763 19425 116550 3261185550 12738073 10.985 0
C 130 23763 19448 116688 3265046928 12757843 10.961 0
C 131 23763 19282 115692 3237177852 12644650 10.867 0
C 132 23763 19365 116190 3251112390 12699488 10.889 0
C 134 23763 19369 116214 3251783934 12703155 10.936 0
C 133 23762 19377 116262 3253127022 12714800 10.969 0
C 135 23763 19336 116016 3246243696 12681321 11.034 0
C 137 23762 19276 115656 3236170536 12636368 10.972 0
C 136 23763 19354 116124 3249265644 12693508 11.068 0
C 138 23763 19383 116298 3254134338 12714632 11.075 0
C 139 23763 19408 116448 3258331488 12726337 11.067 0
C 140 23763 19394 116364 3255981084 12715995 10.986 0
C 142 23763 19306 115836 3241207116 12665867 10.868 0
C 141 23762 19375 116250 3252791250 12705203 10.940 0
C 144 23763 19337 116022 3246411582 12683096 10.941 0
C 143 23763 19387 116322 3254805882 12713900 10.997 0
C 145 23762 19361 116166 3250440846 12699467 11.058 0
C 146 23763 19235 115410 3229287210 12614400 10.943 0
C 147 23763 19388 116328 3254973768 12716644 11.094 0
C 148 23763 19313 115878 3242382318 12667005 10.962 0
C 149 23762 19350 116100 3248594100 12690462 11.005 0
C 151 23763 19352 116112 3248929872 12698017 10.934 0
C 150 23763 19383 116298 3254134338 12715856 11.010 0
C 152 23763 19350 116100 3248594100 12686699 10.945 0
C 153 23762 19339 116034 3246747354 12683332 10.906 0
C 154 23763 19387 116322 3254805882 12718349 10.925 0
C 155 23763 19338 116028 3246579468 12675804 10.944 0
C 156 23763 19323 115938 3244061178 12667609 10.902 0
C 157 23762 19416 116496 3259674576 12733429 10.988 0
C 158 23763 19341 116046 3247083126 12681347 10.977 0
C 159 23763 19399 116394 3256820514 12720469 10.983 0
C 161 23762 19332 115992 3245572152 12669298 10.864 0
C 160 23763 19340 116040 3246915240 12680103 10.925 0
C 162 23763 19376 116256 3252959136 12702744 10.958 0
C 163 23763 19344 116064 3247586784 12682219 10.885 0
C 164 23763 19418 116508 3260010348 12733676 10.951 0
C 165 23762 19328 115968 3244900608 12678263 10.858 0
C 166 23763 19338 116028 3246579468 12682555 10.948 0
C 168 23763 19278 115668 3236506308 12648074 10.888 0
C 167 23763 19368 116208 3251616048 12705800 10.929 0
C 169 23762 19335 116010 3246075810 12679031 10.917 0
C 170 23763 19362 116172 3250608732 12702187 10.905 0
C 171 23763 19314 115884 3242550204 12663374 10.926 0
C 172 23763 19432 116592 3262360752 12744780 10.937 0
C 173 23762 19422 116532 3260681892 12737021 10.984 0
C 174 23763 19278 115668 3236506308 12642843 10.922 0
C 175 23763 19337 116022 3246411582 12679311 10.950 0
C 176 23763 19362 116172 3250608732 12691759 10.987 0
C 177 23762 19254 115524 3232477044 12623974 10.869 0
C 178 23763 19338 116028 3246579468 12677870 10.947 0
C 179 23763 19358 116148 3249937188 12692923 11.035 0
C 180 23763 19325 115950 3244396950 12677728 10.999 0
C 181 23762 19484 116904 3271090824 12774904 11.055 0
C 182 23763 19324 115944 3244229064 12675427 10.987 0
C 183 23763 19380 116280 3253630680 12710519 11.050 0
C 184 23763 19379 116274 3253462794 12713305 10.962 0
C 185 23762 19312 115872 3242214432 12665416 10.960 0
C 187 23763 19313 115878 3242382318 12664969 10.913 0
C 186 23763 19437 116622 3263200182 12739338 11.027 0
C 188 23763 19368 116208 3251616048 12701441 11.027 0
C 189 23762 19324 115944 3244229064 12677159 10.997 0
C 190 23763 19409 116454 3258499374 12731829 10.993 0
C 191 23763 19434 116604 3262696524 12746814 10.981 0
C 192 23763 19413 116478 3259170918 12729037 10.960 0
C 193 23762 19401 116406 3257156286 12729166 10.953 0
C 194 23763 19382 116292 3253966452 12717650 10.995 0
C 195 23763 19310 115860 3241878660 12663239 10.903 0
C 196 23763 19405 116430 3257827830 12729155 10.981 0
C 197 23762 19306 115836 3241207116 12669364 10.955 0
C 198 23763 19333 115998 3245740038 12681772 10.971 0
C 199 23763 19317 115902 3243053862 12665252 10.948 0
C 200 23763 19302 115812 3240535572 12664529 10.996 0
C 202 23763 19289 115734 3238353054 12655930 11.027 0
C 201 23762 19403 116418 3257492058 12722340 11.087 0
C 203 23763 19375 116250 3252791250 12702389 11.051 0
C 204 23763 19284 115704 3237513624 12645290 10.996 0
C 205 23762 19423 116538 3260849778 12740723 11.014 0
C 206 23763 19336 116016 3246243696 12683098 10.942 0
C 207 23763 19432 116592 3262360752 12742296 10.947 0
C 208 23763 19400 116400 3256988400 12726625 10.991 0
C 209 23762 19402 116412 3257324172 12721451 11.012 0
C 210 23763 19424 116544 3261017664 12734236 10.951 0
C 211 23763 19321 115926 3243725406 12676231 10.929 0
C 212 23763 19385 116310 3254470110 12714452 10.930 0
C 214 23763 19296 115776 3239528256 12653281 10.924 0
C 213 23762 19333 115998 3245740038 12675836 11.009 0
C 215 23763 19455 116730 3266222130 12762348 11.038 0
C 217 23762 19243 115458 3230630298 12625531 10.910 0
C 216 23763 19364 116184 3250944504 12696714 10.987 0
C 218 23763 19267 115602 3234659562 12631378 10.904 0
C 219 23763 19367 116202 3251448162 12700562 10.963 0
C 220 23763 19368 116208 3251616048 12697816 10.851 0
C 221 23762 19360 116160 3250272960 12698288 10.965 0
C 222 23763 19402 116412 3257324172 12717990 10.959 0
C 223 23763 19326 115956 3244564836 12676444 10.912 0
C 224 23763 19331 115986 3245404266 12674766 10.931 0
C 225 23762 19313 115878 3242382318 12667235 10.854 0
C 227 23763 19314 115884 3242550204 12665946 10.932 0
C 226 23763 19409 116454 3258499374 12731481 11.053 0
C 228 23763 19325 115950 3244396950 12671023 10.936 0
C 229 23762 19438 116628 3263368068 12747902 10.998 0
C 230 23763 19312 115872 3242214432 12662733 11.064 0
C 231 23763 19381 116286 3253798566 12709346 11.170 0
C 232 23763 19373 116238 3252455478 12700976 11.185 0
C 233 23762 19308 115848 3241542888 12658904 11.139 0
C 234 23763 19409 116454 3258499374 12731866 11.162 0
C 235 23763 19360 116160 3250272960 12697164 11.014 0
C 236 23763 19374 116244 3252623364 12710374 10.964 0
C 237 23762 19374 116244 3252623364 12704334 10.957 0
C 238 23763 19366 116196 3251280276 12699908 11.018 0
C 239 23763 19371 116226 3252119706 12704243 11.019 0
C 240 23763 19304 115824 3240871344 12662828 10.976 0
C 241 23762 19320 115920 3243557520 12673772 10.911 0
C 242 23763 19411 116466 3258835146 12726273 11.030 0
C 243 23763 19413 116478 3259170918 12733384 11.013 0
C 244 23763 19392 116352 3255645312 12715055 11.011 0
C 245 23762 19244 115464 3230798184 12619896 10.875 0
C 246 23763 19402 116412 3257324172 12721754 10.986 0
C 247 23763 19349 116094 3248426214 12690299 10.963 0
C 248 23763 19376 116256 3252959136 12703375 10.993 0
C 249 23763 19400 116400 3256988400 12723393 11.014 0
C 250 23762 19322 115932 3243893292 12665496 11.003 0
C 251 23763 19341 116046 3247083126 12685339 11.061 0
C 252 23763 19355 116130 3249433530 12692696 11.139 0
C 253 23763 19412 116472 3259003032 12724140 11.128 0
C 254 23762 19297 115782 3239696142 12655424 11.127 0
C 255 23763 19434 116604 3262696524 12745923 11.018 0
C 256 23763 19364 116184 3250944504 12702821 11.069 0
C 257 23763 19325 115950 3244396950 12675290 11.013 0
C 258 23762 19380 116280 3253630680 12707133 11.003 0
C 259 23763 19377 116262 3253127022 12706410 11.017 0
C 260 23763 19418 116508 3260010348 12733136 10.944 0
C 261 23763 19322 115932 3243893292 12673370 10.954 0
C 262 23762 19288 115728 3238185168 12641748 10.888 0
C 263 23763 19415 116490 3259506690 12730166 10.978 0
C 264 23763 19373 116238 3252455478 12701604 10.994 0
C 265 23763 19364 116184 3250944504 12697664 10.987 0
C 266 23762 19345 116070 3247754670 12683364 11.024 0
C 267 23763 19364 116184 3250944504 12702757 11.066 0
C 268 23763 19376 116256 3252959136 12706138 11.016 0
C 269 23763 19406 116436 3257995716 12726724 11.012 0
C 270 23762 19293 115758 3239024598 12651082 10.953 0
C 271 23763 19248 115488 3231469728 12616495 10.960 0
C 272 23763 19372 116232 3252287592 12705592 11.018 0
C 273 23763 19355 116130 3249433530 12695140 10.950 0
C 274 23762 19335 116010 3246075810 12681418 10.990 0
C 275 23763 19344 116064 3247586784 12681209 10.933 0
C 276 23763 19300 115800 3240199800 12657202 10.888 0
C 277 23763 19398 116388 3256652628 12720362 11.019 0
C 278 23762 19337 116022 3246411582 12682277 11.000 0
C 279 23763 19435 116610 3262864410 12742648 11.046 0
C 280 23763 19322 115932 3243893292 12666869 11.037 0
C 281 23763 19332 115992 3245572152 12683413 10.971 0
C 282 23762 19356 116136 3249601416 12698117 10.978 0
C 283 23763 19321 115926 3243725406 12678398 10.953 0
C 284 23763 19424 116544 3261017664 12734967 11.035 0
C 285 23763 19320 115920 3243557520 12672783 11.047 0
C 286 23762 19353 116118 3249097758 12691686 11.023 0
C 287 23763 19376 116256 3252959136 12704390 11.087 0
C 288 23763 19304 115824 3240871344 12661460 11.048 0
C 289 23763 19368 116208 3251616048 12703742 11.178 0
C 290 23762 19336 116016 3246243696 12681272 11.143 0
C 291 23763 19289 115734 3238353054 12647439 11.189 0
C 292 23763 19378 116268 3253294908 12711272 11.213 0
C 293 23763 19294 115764 3239192484 12659347 11.191 0
C 294 23762 19366 116196 3251280276 12696919 11.173 0
C 295 23763 19345 116070 3247754670 12686663 11.195 0
C 296 23763 19344 116064 3247586784 12684243 11.114 0
C 297 23763 19397 116382 3256484742 12718419 11.144 0
C 298 23762 19390 116340 3255309540 12717920 11.129 0
C 299 23763 19322 115932 3243893292 12675025 11.141 0
C 300 23763 19326 115956 3244564836 12668815 11.009 0
C 301 23763 19335 116010 3246075810 12677659 11.095 0
C 302 23762 19301 115806 3240367686 12654714 11.043 0
C 303 23763 19346 116076 3247922556 12686585 11.049 0
C 304 23763 19266 115596 3234491676 12638215 11.010 0
C 305 23763 19350 116100 3248594100 12683849 11.154 0
C 306 23762 19407 116442 3258163602 12730905 11.174 0
C 307 23763 19380 116280 3253630680 12716076 11.115 0
C 308 23763 19396 116376 3256316856 12717100 11.162 0
C 309 23763 19386 116316 3254637996 12717734 11.149 0
C 310 23762 19302 115812 3240535572 12653976 11.166 0
C 311 23763 19438 116628 3263368068 12744694 11.245 0
C 312 23763 19292 115752 3238856712 12655856 11.168 0
C 313 23763 19406 116436 3257995716 12725945 11.241 0
C 314 23762 19354 116124 3249265644 12693081 11.271 0
C 315 23763 19382 116292 3253966452 12708478 11.097 0
C 316 23763 19381 116286 3253798566 12699628 11.161 0
C 317 23763 19354 116124 3249265644 12691031 11.136 0
C 318 23762 19385 116310 3254470110 12714180 11.196 0
C 319 23763 19408 116448 3258331488 12725811 11.128 0
C 320 23763 19389 116334 3255141654 12722068 11.031 0
C 321 23763 19403 116418 3257492058 12725483 11.155 0
C 322 23762 19308 115848 3241542888 12661530 11.017 0
C 323 23763 19373 116238 3252455478 12701604 11.107 0
C 324 23763 19359 116154 3250105074 12694773 11.107 0
C 325 23763 19323 115938 3244061178 12671019 11.031 0
C 326 23762 19417 116502 3259842462 12730448 11.100 0
C 327 23763 19302 115812 3240535572 12662051 11.046 0
C 328 23763 19290 115740 3238520940 12652487 11.064 0
C 329 23763 19300 115800 3240199800 12662328 10.991 0
C 330 23762 19383 116298 3254134338 12715080 11.069 0
C 331 23763 19309 115854 3241710774 12664802 11.115 0
C 332 23763 19409 116454 3258499374 12728673 11.142 0
C 333 23763 19390 116340 3255309540 12717155 11.152 0
C 334 23762 19391 116346 3255477426 12713582 11.100 0
C 335 23763 19448 116688 3265046928 12752723 11.139 0
C 336 23763 19345 116070 3247754670 12692008 11.132 0
C 337 23763 19352 116112 3248929872 12687337 11.161 0
C 338 23762 19294 115764 3239192484 12648695 11.101 0
C 339 23763 19319 115914 3243389634 12668452 11.134 0
C 340 23763 19451 116706 3265550586 12759074 11.195 0
C 341 23763 19376 116256 3252959136 12704955 11.188 0
C 342 23762 19372 116232 3252287592 12703228 11.135 0
C 343 23763 19286 115716 3237849396 12646552 11.056 0
C 344 23763 19334 116004 3245907924 12682639 11.021 0
C 345 23763 19355 116130 3249433530 12689792 11.149 0
C 346 23762 19399 116394 3256820514 12727883 11.222 0
C 347 23763 19339 116034 3246747354 12683401 11.236 0
C 348 23763 19366 116196 3251280276 12703687 11.225 0
C 349 23763 19330 115980 3245236380 12672241 11.177 0
C 350 23762 19343 116058 3247418898 12686387 11.060 0
C 351 23763 19333 115998 3245740038 12680753 11.078 0
C 352 23763 19330 115980 3245236380 12675161 11.002 0
C 353 23763 19258 115548 3233148588 12631528 11.092 0
C 354 23762 19422 116532 3260681892 12735905 11.181 0
C 355 23763 19368 116208 3251616048 12700553 11.140 0
C 356 23763 19376 116256 3252959136 12709744 11.212 0
C 357 23763 19368 116208 3251616048 12697446 11.259 0
C 358 23762 19273 115638 3235666878 12637396 11.118 0
C 359 23763 19388 116328 3254973768 12709070 11.201 0
C 360 23763 19341 116046 3247083126 12687260 11.095 0
C 361 23763 19394 116364 3255981084 12718285 11.095 0
C 362 23762 19340 116040 3246915240 12677486 11.034 0
C 363 23763 19364 116184 3250944504 12693027 11.135 0
C 364 23763 19363 116178 3250776618 12701334 11.125 0
C 365 23763 19346 116076 3247922556 12691753 11.187 0
C 366 23762 19372 116232 3252287592 12696907 11.255 0
C 367 23763 19329 115974 3245068494 12672865 11.240 0
C 368 23763 19333 115998 3245740038 12673774 11.216 0
C 369 23763 19422 116532 3260681892 12736575 11.274 0
C 370 23762 19313 115878 3242382318 12664909 11.011 0
C 371 23763 19377 116262 3253127022 12702389 11.078 0
C 372 23763 19330 115980 3245236380 12677433 11.072 0
C 373 23763 19408 116448 3258331488 12728831 11.090 0
C 374 23763 19366 116196 3251280276 12699848 11.133 0
C 375 23762 19341 116046 3247083126 12684011 11.179 0
C 377 23763 19351 116106 3248761986 12689974 11.216 0
C 376 23763 19368 116208 3251616048 12709078 11.256 0
C 378 23763 19449 116694 3265214814 12758727 11.235 0
C 379 23762 19399 116394 3256820514 12728865 11.238 0
C 380 23763 19451 116706 3265550586 12752878 11.368 0
C 382 23763 19350 116100 3248594100 12690088 11.358 0
C 381 23763 19329 115974 3245068494 12677783 11.397 0
C 383 23762 19404 116424 3257659944 12722753 11.418 0
C 384 23763 19372 116232 3252287592 12700461 11.414 0
C 385 23763 19330 115980 3245236380 12679259 11.197 0
C 387 23762 19217 115302 3226265262 12604160 11.046 0
C 386 23763 19345 116070 3247754670 12685955 11.144 0
C 388 23763 19399 116394 3256820514 12727687 11.182 0
C 389 23763 19388 116328 3254973768 12713167 11.142 0
C 390 23763 19347 116082 3248090442 12689763 11.045 0
C 391 23762 19337 116022 3246411582 12683189 11.131 0
C 392 23763 19294 115764 3239192484 12645981 11.151 0
C 393 23763 19371 116226 3252119706 12705226 11.132 0
C 394 23763 19387 116322 3254805882 12713617 11.149 0
C 395 23762 19329 115974 3245068494 12677443 11.080 0
C 396 23763 19284 115704 3237513624 12648731 11.017 0
C 397 23763 19399 116394 3256820514 12718164 11.061 0
C 398 23763 19361 116166 3250440846 12701023 11.055 0
C 399 23762 19345 116070 3247754670 12681709 11.070 0
C 400 23763 19383 116298 3254134338 12712489 11.036 0
C 401 23763 19319 115914 3243389634 12669209 11.073 0
C 402 23763 19410 116460 3258667260 12727314 11.127 0
C 403 23762 19412 116472 3259003032 12731458 11.101 0
C 404 23763 19361 116166 3250440846 12696048 11.083 0
C 405 23763 19303 115818 3240703458 12659756 11.043 0
C 406 23763 19335 116010 3246075810 12682332 11.022 0
C 407 23762 19358 116148 3249937188 12693274 11.119 0
C 408 23763 19389 116334 3255141654 12712405 11.115 0
C 409 23763 19404 116424 3257659944 12723955 11.101 0
C 410 23763 19345 116070 3247754670 12675782 11.075 0
C 411 23762 19340 116040 3246915240 12683439 11.083 0
C 412 23763 19412 116472 3259003032 12730362 11.122 0
C 413 23763 19334 116004 3245907924 12678166 11.058 0
C 414 23763 19453 116718 3265886358 12756464 11.154 0
C 415 23762 19314 115884 3242550204 12662705 11.034 0
C 416 23763 19308 115848 3241542888 12660284 11.024 0
C 417 23763 19403 116418 3257492058 12719512 11.141 0
C 418 23763 19284 115704 3237513624 12645064 11.040 0
C 419 23762 19336 116016 3246243696 12677301 11.053 0
C 420 23763 19346 116076 3247922556 12685254 11.240 0
C 421 23763 19276 115656 3236170536 12643298 11.227 0
C 422 23763 19431 116586 3262192866 12742695 11.329 0
C 423 23762 19449 116694 3265214814 12754259 11.375 0
C 424 23763 19291 115746 3238688826 12649588 11.208 0
C 425 23763 19296 115776 3239528256 12655498 11.131 0
C 426 23763 19363 116178 3250776618 12697122 11.235 0
C 427 23762 19294 115764 3239192484 12649815 11.229 0
C 428 23763 19366 116196 3251280276 12695803 11.349 0
C 429 23763 19460 116760 3267061560 12758061 11.298 0
C 430 23763 19290 115740 3238520940 12644927 11.100 0
C 431 23762 19431 116586 3262192866 12744938 11.301 0
C 432 23763 19326 115956 3244564836 12673712 11.198 0
C 433 23763 19373 116238 3252455478 12707140 11.113 0
C 434 23763 19335 116010 3246075810 12680462 11.095 0
C 435 23762 19325 115950 3244396950 12671218 11.040 0
C 436 23763 19440 116640 3263703840 12742817 11.100 0
C 437 23763 19362 116172 3250608732 12696405 11.097 0
C 438 23763 19381 116286 3253798566 12706929 11.065 0
C 439 23762 19311 115866 3242046546 12667561 11.030 0
C 440 23763 19436 116616 3263032296 12745067 11.168 0
C 441 23763 19454 116724 3266054244 12758086 11.117 0
C 442 23763 19393 116358 3255813198 12714836 11.118 0
C 443 23762 19397 116382 3256484742 12718755 11.115 0
C 444 23763 19375 116250 3252791250 12708049 11.117 0
C 445 23763 19305 115830 3241039230 12653849 11.096 0
C 446 23763 19399 116394 3256820514 12726274 11.269 0
C 447 23762 19356 116136 3249601416 12687272 11.202 0
C 448 23763 19364 116184 3250944504 12704183 11.203 0
C 449 23763 19324 115944 3244229064 12666774 11.176 0
C 450 23763 19324 115944 3244229064 12673082 11.077 0
C 451 23762 19407 116442 3258163602 12727254 11.139 0
C 452 23763 19309 115854 3241710774 12660895 11.132 0
C 453 23763 19374 116244 3252623364 12709748 11.135 0
C 454 23763 19306 115836 3241207116 12661910 11.110 0
C 455 23762 19390 116340 3255309540 12710903 11.252 0
C 456 23763 19344 116064 3247586784 12683990 11.252 0
C 457 23763 19420 116520 3260346120 12731795 11.282 0
C 458 23763 19360 116160 3250272960 12699379 11.310 0
C 459 23762 19421 116526 3260514006 12730416 11.354 0
C 460 23763 19376 116256 3252959136 12705572 11.146 0
C 461 23763 19353 116118 3249097758 12689700 11.111 0
C 462 23763 19398 116388 3256652628 12717557 11.172 0
C 463 23762 19317 115902 3243053862 12670715 11.078 0
C 464 23763 19236 115416 3229455096 12617580 11.010 0
C 465 23763 19430 116580 3262024980 12748502 11.051 0
C 466 23763 19362 116172 3250608732 12694767 11.104 0
C 467 23762 19272 115632 3235498992 12639386 11.058 0
C 468 23763 19255 115530 3232644930 12624821 11.026 0
C 469 23763 19376 116256 3252959136 12701472 11.061 0
C 470 23763 19390 116340 3255309540 12712443 11.126 0
C 471 23762 19414 116484 3259338804 12728332 11.163 0
C 472 23763 19363 116178 3250776618 12700459 11.114 0
C 473 23763 19335 116010 3246075810 12681191 11.120 0
C 474 23763 19336 116016 3246243696 12679040 11.160 0
C 475 23762 19356 116136 3249601416 12694065 11.092 0
C 476 23763 19425 116550 3261185550 12735652 11.186 0
C 477 23763 19334 116004 3245907924 12678775 11.108 0
C 478 23763 19307 115842 3241375002 12661010 11.066 0
C 479 23762 19446 116676 3264711156 12753874 11.161 0
C 480 23763 19344 116064 3247586784 12690877 11.135 0
C 481 23763 19409 116454 3258499374 12727449 11.143 0
C 482 23763 19392 116352 3255645312 12716880 11.129 0
C 483 23762 19308 115848 3241542888 12666479 11.137 0
C 484 23763 19361 116166 3250440846 12697187 11.159 0
C 485 23763 19372 116232 3252287592 12706007 11.066 0
C 486 23763 19393 116358 3255813198 12719706 11.099 0
C 487 23762 19370 116220 3251951820 12702338 11.079 0
C 488 23763 19377 116262 3253127022 12709394 11.038 0
C 489 23763 19389 116334 3255141654 12714758 11.101 0
C 490 23763 19315 115890 3242718090 12663949 11.036 0
C 491 23762 19355 116130 3249433530 12702453 11.047 0
C 492 23763 19414 116484 3259338804 12738661 11.068 0
C 493 23763 19376 116256 3252959136 12701307 11.139 0
C 494 23763 19384 116304 3254302224 12711675 11.049 0
C 495 23762 19247 115482 3231301842 12620583 11.019 0
C 496 23763 19399 116394 3256820514 12723446 10.948 0
C 497 23763 19351 116106 3248761986 12688220 10.862 0
C 498 23763 19387 116322 3254805882 12709199 10.904 0
C 499 23763 19386 116316 3254637996 12712797 10.763 0
# end
