# start B=24 K=2 SL=19 CL=29 J=4 LO=7620291579446 HI=8152478515938 S=7630848 T=69743 roots=2 chunks=500 perm=205049 filters=1 range=0-500
C 1 664 520 1040 72532720 282167 0.220 0
C 2 663 528 1056 73648608 287165 0.223 0
C 4 663 525 1050 73230150 287085 0.225 0
C 3 664 537 1074 74903982 293191 0.233 0
C 0 663 531 1062 74067066 289215 0.238 0
C 7 664 516 1032 71974776 281374 0.194 0
C 6 663 519 1038 72393234 282985 0.201 0
C 5 664 544 1088 75880384 296556 0.214 0
C 8 663 518 1036 72253748 282265 0.204 0
C 9 664 527 1054 73509122 287148 0.218 0
C 10 664 519 1038 72393234 282951 0.190 0
C 11 663 527 1054 73509122 287126 0.206 0
C 12 664 526 1052 73369636 286529 0.205 0
C 13 663 519 1038 72393234 282380 0.214 0
C 14 664 525 1050 73230150 286716 0.209 0
C 15 663 529 1058 73788094 287498 0.204 0
C 17 663 533 1066 74346038 290623 0.204 0
C 18 664 530 1060 73927580 288091 0.202 0
C 16 664 529 1058 73788094 287211 0.227 0
C 19 664 540 1080 75322440 293811 0.221 0
C 20 663 538 1076 75043468 292201 0.212 0
C 21 664 535 1070 74625010 292502 0.212 0
C 23 664 525 1050 73230150 285890 0.208 0
C 22 663 522 1044 72811692 283949 0.212 0
C 24 663 533 1066 74346038 290143 0.200 0
C 25 664 531 1062 74067066 289508 0.231 0
C 26 663 535 1070 74625010 292325 0.237 0
C 28 664 522 1044 72811692 285556 0.232 0
C 27 664 523 1046 72951178 285552 0.234 0
C 29 663 543 1086 75740898 295437 0.252 0
C 30 664 525 1050 73230150 285861 0.200 0
C 32 664 527 1054 73509122 287288 0.204 0
C 31 663 528 1056 73648608 288162 0.211 0
C 33 663 538 1076 75043468 293098 0.214 0
C 34 664 528 1056 73648608 286991 0.197 0
C 35 663 523 1046 72951178 285656 0.209 0
C 37 663 536 1072 74764496 291954 0.201 0
C 36 664 533 1066 74346038 290498 0.205 0
C 38 664 521 1042 72672206 283797 0.200 0
C 39 664 516 1032 71974776 281089 0.203 0
C 40 663 525 1050 73230150 286410 0.200 0
C 41 664 536 1072 74764496 291639 0.207 0
C 42 663 518 1036 72253748 281300 0.214 0
C 43 664 528 1056 73648608 287293 0.208 0
C 44 663 543 1086 75740898 296098 0.204 0
C 45 664 535 1070 74625010 291408 0.210 0
C 47 664 535 1070 74625010 291602 0.200 0
C 46 663 531 1062 74067066 289226 0.217 0
C 48 664 528 1056 73648608 287850 0.219 0
C 49 663 520 1040 72532720 282639 0.205 0
C 50 664 534 1068 74485524 289626 0.201 0
C 52 664 529 1058 73788094 288708 0.205 0
C 51 663 533 1066 74346038 289685 0.221 0
C 54 664 511 1022 71277346 278829 0.195 0
C 53 663 518 1036 72253748 281599 0.208 0
C 55 663 532 1064 74206552 290276 0.204 0
C 56 664 526 1052 73369636 287168 0.211 0
C 57 664 531 1062 74067066 290446 0.206 0
C 58 663 524 1048 73090664 285987 0.205 0
C 59 664 529 1058 73788094 287816 0.209 0
C 60 663 521 1042 72672206 284177 0.189 0
C 62 663 521 1042 72672206 283803 0.192 0
C 63 664 529 1058 73788094 288183 0.213 0
C 61 664 541 1082 75461926 294850 0.222 0
C 64 663 527 1054 73509122 286862 0.219 0
C 65 664 543 1086 75740898 296519 0.215 0
C 66 663 524 1048 73090664 285761 0.199 0
C 67 664 530 1060 73927580 289216 0.219 0
C 68 664 530 1060 73927580 288862 0.215 0
C 69 663 519 1038 72393234 282886 0.211 0
C 70 664 515 1030 71835290 280995 0.196 0
C 71 663 526 1052 73369636 287709 0.206 0
C 74 664 528 1056 73648608 287089 0.201 0
C 73 663 522 1044 72811692 284855 0.206 0
C 72 664 541 1082 75461926 294554 0.209 0
C 75 663 527 1054 73509122 286494 0.205 0
C 76 664 526 1052 73369636 286764 0.206 0
C 78 663 533 1066 74346038 290059 0.196 0
C 79 664 526 1052 73369636 286409 0.198 0
C 77 664 534 1068 74485524 291615 0.223 0
C 80 663 530 1060 73927580 288837 0.203 0
C 81 664 530 1060 73927580 288618 0.215 0
C 82 663 535 1070 74625010 291296 0.212 0
C 83 664 530 1060 73927580 288944 0.210 0
C 84 663 534 1068 74485524 290531 0.207 0
C 85 664 530 1060 73927580 288145 0.197 0
C 86 664 527 1054 73509122 287110 0.197 0
C 88 664 530 1060 73927580 288902 0.217 0
C 87 663 534 1068 74485524 291866 0.222 0
C 89 663 534 1068 74485524 291447 0.217 0
C 90 664 529 1058 73788094 288634 0.204 0
C 91 663 522 1044 72811692 284747 0.198 0
C 93 663 532 1064 74206552 289606 0.208 0
C 92 664 536 1072 74764496 292079 0.212 0
C 94 664 522 1044 72811692 284080 0.206 0
C 95 663 516 1032 71974776 280901 0.186 0
C 96 664 531 1062 74067066 288180 0.197 0
C 97 664 525 1050 73230150 286190 0.200 0
C 98 663 532 1064 74206552 289945 0.214 0
C 99 664 523 1046 72951178 284385 0.222 0
C 100 663 527 1054 73509122 287192 0.198 0
C 101 664 531 1062 74067066 289593 0.202 0
C 102 663 521 1042 72672206 283691 0.204 0
C 103 664 535 1070 74625010 291462 0.209 0
C 105 664 527 1054 73509122 286799 0.190 0
C 104 663 534 1068 74485524 290367 0.225 0
C 106 664 534 1068 74485524 290054 0.219 0
C 107 663 538 1076 75043468 292277 0.221 0
C 108 664 534 1068 74485524 291484 0.205 0
C 109 663 531 1062 74067066 289320 0.204 0
C 110 664 527 1054 73509122 286626 0.206 0
C 111 663 525 1050 73230150 286728 0.193 0
C 112 664 522 1044 72811692 283675 0.212 0
C 113 663 535 1070 74625010 292438 0.225 0
C 114 664 531 1062 74067066 289641 0.212 0
C 115 664 529 1058 73788094 287594 0.227 0
C 116 663 516 1032 71974776 280489 0.214 0
C 117 664 526 1052 73369636 285802 0.206 0
C 118 663 521 1042 72672206 285497 0.196 0
C 119 664 533 1066 74346038 290127 0.207 0
C 120 663 535 1070 74625010 292055 0.214 0
C 121 664 527 1054 73509122 287638 0.212 0
C 122 663 518 1036 72253748 281143 0.204 0
C 124 664 531 1062 74067066 288152 0.197 0
C 123 664 532 1064 74206552 288542 0.219 0
C 125 663 524 1048 73090664 284869 0.202 0
C 126 664 518 1036 72253748 282047 0.209 0
C 127 663 529 1058 73788094 288225 0.216 0
C 128 664 539 1078 75182954 292884 0.209 0
C 129 663 527 1054 73509122 287779 0.206 0
C 130 664 537 1074 74903982 293389 0.214 0
C 131 663 528 1056 73648608 287762 0.206 0
C 133 663 521 1042 72672206 283677 0.199 0
C 132 664 518 1036 72253748 281874 0.209 0
C 134 664 530 1060 73927580 289892 0.206 0
C 135 664 518 1036 72253748 281575 0.211 0
C 136 663 535 1070 74625010 290914 0.224 0
C 137 664 523 1046 72951178 284883 0.201 0
C 138 663 515 1030 71835290 280491 0.209 0
C 139 664 523 1046 72951178 284652 0.206 0
C 140 663 536 1072 74764496 292560 0.217 0
C 141 664 534 1068 74485524 290811 0.221 0
C 142 663 527 1054 73509122 287486 0.200 0
C 143 664 528 1056 73648608 287861 0.221 0
C 144 664 540 1080 75322440 293777 0.219 0
C 145 663 531 1062 74067066 288913 0.223 0
C 146 664 532 1064 74206552 290713 0.227 0
C 147 663 532 1064 74206552 290112 0.219 0
C 148 664 526 1052 73369636 287363 0.207 0
C 149 663 536 1072 74764496 292955 0.211 0
C 150 664 525 1050 73230150 286219 0.221 0
C 151 663 522 1044 72811692 284049 0.206 0
C 152 664 527 1054 73509122 287027 0.209 0
C 153 664 519 1038 72393234 283362 0.201 0
C 154 663 529 1058 73788094 287671 0.226 0
C 155 664 536 1072 74764496 292405 0.211 0
C 156 663 527 1054 73509122 287579 0.211 0
C 157 664 520 1040 72532720 283482 0.192 0
C 158 663 539 1078 75182954 293958 0.214 0
C 159 664 529 1058 73788094 287926 0.223 0
C 160 663 526 1052 73369636 286477 0.207 0
C 161 664 528 1056 73648608 287481 0.204 0
C 162 663 532 1064 74206552 289515 0.212 0
C 163 664 525 1050 73230150 285150 0.209 0
C 164 664 518 1036 72253748 282142 0.206 0
C 165 663 528 1056 73648608 287361 0.213 0
C 167 663 516 1032 71974776 279150 0.194 0
C 166 664 536 1072 74764496 292097 0.222 0
C 168 664 534 1068 74485524 291221 0.229 0
C 169 663 527 1054 73509122 287394 0.208 0
C 170 664 529 1058 73788094 287877 0.205 0
C 171 663 525 1050 73230150 285880 0.221 0
C 172 664 538 1076 75043468 293726 0.230 0
C 173 664 520 1040 72532720 283507 0.218 0
C 174 663 521 1042 72672206 283272 0.208 0
C 175 664 530 1060 73927580 288780 0.239 0
C 176 663 528 1056 73648608 287742 0.225 0
C 177 664 529 1058 73788094 288549 0.246 0
C 178 663 528 1056 73648608 287861 0.231 0
C 179 664 512 1024 71416832 279324 0.237 0
C 180 663 527 1054 73509122 286832 0.225 0
C 181 664 523 1046 72951178 284769 0.201 0
C 182 664 531 1062 74067066 288444 0.227 0
C 183 663 521 1042 72672206 284002 0.211 0
C 184 664 535 1070 74625010 291873 0.217 0
C 185 663 525 1050 73230150 286833 0.214 0
C 186 664 530 1060 73927580 288603 0.222 0
C 187 663 541 1082 75461926 294763 0.212 0
C 188 664 538 1076 75043468 293440 0.229 0
C 189 663 520 1040 72532720 283593 0.220 0
C 190 664 530 1060 73927580 288733 0.204 0
C 191 663 537 1074 74903982 293802 0.205 0
C 192 664 533 1066 74346038 290377 0.218 0
C 194 663 518 1036 72253748 281537 0.203 0
C 193 664 535 1070 74625010 291906 0.225 0
C 195 664 524 1048 73090664 285681 0.222 0
C 196 663 528 1056 73648608 287726 0.209 0
C 197 664 530 1060 73927580 289020 0.219 0
C 198 663 527 1054 73509122 286957 0.216 0
C 199 664 528 1056 73648608 287768 0.213 0
C 200 663 530 1060 73927580 287318 0.210 0
C 201 664 524 1048 73090664 286115 0.217 0
C 202 664 530 1060 73927580 289006 0.256 0
C 203 663 531 1062 74067066 289460 0.249 0
C 204 664 535 1070 74625010 291614 0.252 0
C 205 663 529 1058 73788094 287206 0.250 0
C 206 664 526 1052 73369636 286787 0.222 0
C 207 663 523 1046 72951178 285332 0.217 0
C 208 664 533 1066 74346038 290722 0.221 0
C 209 663 527 1054 73509122 287655 0.211 0
C 210 664 524 1048 73090664 285765 0.211 0
C 211 664 533 1066 74346038 290266 0.219 0
C 212 663 532 1064 74206552 289909 0.217 0
C 214 663 529 1058 73788094 288469 0.228 0
C 213 664 535 1070 74625010 291375 0.238 0
C 215 664 530 1060 73927580 287354 0.214 0
C 216 663 520 1040 72532720 282544 0.209 0
C 217 664 543 1086 75740898 295695 0.223 0
C 219 664 520 1040 72532720 282924 0.217 0
C 218 663 520 1040 72532720 283180 0.227 0
C 220 663 519 1038 72393234 282760 0.217 0
C 221 664 529 1058 73788094 287254 0.207 0
C 222 664 525 1050 73230150 285538 0.202 0
C 223 663 536 1072 74764496 292058 0.222 0
C 224 664 534 1068 74485524 291252 0.234 0
C 225 663 529 1058 73788094 288028 0.228 0
C 226 664 523 1046 72951178 284813 0.213 0
C 227 663 522 1044 72811692 284671 0.217 0
C 228 664 531 1062 74067066 289496 0.225 0
C 229 663 514 1028 71695804 280372 0.216 0
C 230 664 528 1056 73648608 287577 0.217 0
C 231 664 533 1066 74346038 290529 0.217 0
C 232 663 535 1070 74625010 291321 0.223 0
C 233 664 525 1050 73230150 286860 0.208 0
C 234 663 532 1064 74206552 289992 0.214 0
C 236 663 526 1052 73369636 286088 0.211 0
C 235 664 530 1060 73927580 288635 0.221 0
C 237 664 520 1040 72532720 283470 0.230 0
C 238 663 535 1070 74625010 290916 0.221 0
C 239 664 533 1066 74346038 290680 0.219 0
C 240 664 539 1078 75182954 294213 0.209 0
C 241 663 515 1030 71835290 280197 0.217 0
C 242 664 533 1066 74346038 291400 0.240 0
C 243 663 521 1042 72672206 283330 0.208 0
C 244 664 537 1074 74903982 292509 0.210 0
C 245 663 519 1038 72393234 282530 0.213 0
C 246 664 530 1060 73927580 288307 0.216 0
C 248 664 529 1058 73788094 288283 0.211 0
C 247 663 530 1060 73927580 288613 0.231 0
C 249 664 532 1064 74206552 290849 0.220 0
C 250 663 530 1060 73927580 288678 0.229 0
C 251 664 517 1034 72114262 282462 0.227 0
C 252 663 527 1054 73509122 287233 0.232 0
C 254 663 530 1060 73927580 289499 0.234 0
C 253 664 543 1086 75740898 296349 0.240 0
C 255 664 549 1098 76577814 299360 0.241 0
C 256 663 520 1040 72532720 283438 0.231 0
C 257 664 521 1042 72672206 284877 0.206 0
C 258 663 520 1040 72532720 283514 0.213 0
C 259 664 527 1054 73509122 287995 0.229 0
C 260 664 525 1050 73230150 285597 0.213 0
C 261 663 525 1050 73230150 285481 0.222 0
C 262 664 520 1040 72532720 283021 0.211 0
C 263 663 523 1046 72951178 284887 0.221 0
C 264 664 523 1046 72951178 284500 0.213 0
C 265 663 533 1066 74346038 290732 0.225 0
C 266 664 534 1068 74485524 290221 0.223 0
C 267 663 538 1076 75043468 292677 0.227 0
C 268 664 525 1050 73230150 285359 0.227 0
C 269 664 538 1076 75043468 293835 0.224 0
C 270 663 532 1064 74206552 289676 0.212 0
C 271 664 536 1072 74764496 291677 0.227 0
C 272 663 521 1042 72672206 283986 0.215 0
C 273 664 530 1060 73927580 289050 0.223 0
C 274 663 537 1074 74903982 292545 0.225 0
C 275 664 531 1062 74067066 289672 0.218 0
C 276 663 534 1068 74485524 290959 0.238 0
C 277 664 523 1046 72951178 284331 0.221 0
C 278 664 515 1030 71835290 280747 0.223 0
C 280 664 525 1050 73230150 286497 0.209 0
C 279 663 539 1078 75182954 293614 0.222 0
C 281 663 529 1058 73788094 288221 0.217 0
C 282 664 521 1042 72672206 283248 0.223 0
C 284 664 529 1058 73788094 289273 0.207 0
C 285 663 521 1042 72672206 284626 0.215 0
C 283 663 536 1072 74764496 292091 0.238 0
C 286 664 540 1080 75322440 294812 0.229 0
C 287 663 539 1078 75182954 293793 0.220 0
C 288 664 520 1040 72532720 283854 0.212 0
C 289 664 511 1022 71277346 277778 0.217 0
C 290 663 524 1048 73090664 286000 0.221 0
C 291 664 533 1066 74346038 290356 0.225 0
C 292 663 521 1042 72672206 283520 0.229 0
C 293 664 531 1062 74067066 289427 0.216 0
C 294 663 540 1080 75322440 294907 0.227 0
C 295 664 531 1062 74067066 289446 0.223 0
C 296 663 527 1054 73509122 286465 0.216 0
C 297 664 534 1068 74485524 291071 0.212 0
C 298 664 529 1058 73788094 287758 0.217 0
C 299 663 521 1042 72672206 284583 0.217 0
C 300 664 536 1072 74764496 291294 0.252 0
C 301 663 532 1064 74206552 289329 0.229 0
C 303 663 520 1040 72532720 282895 0.207 0
C 302 664 532 1064 74206552 290285 0.235 0
C 304 664 508 1016 70858888 276424 0.217 0
C 305 663 524 1048 73090664 285110 0.217 0
C 306 664 528 1056 73648608 287557 0.220 0
C 307 664 531 1062 74067066 289244 0.222 0
C 308 663 523 1046 72951178 284227 0.209 0
C 309 664 527 1054 73509122 287252 0.217 0
C 310 663 526 1052 73369636 286487 0.224 0
C 311 664 539 1078 75182954 293685 0.225 0
C 312 663 528 1056 73648608 288001 0.212 0
C 313 664 535 1070 74625010 292025 0.231 0
C 314 663 525 1050 73230150 286882 0.224 0
C 315 664 540 1080 75322440 295102 0.229 0
C 316 663 525 1050 73230150 286767 0.219 0
C 317 664 534 1068 74485524 291490 0.241 0
C 318 664 526 1052 73369636 286034 0.229 0
C 319 663 526 1052 73369636 286755 0.232 0
C 320 664 516 1032 71974776 282594 0.238 0
C 321 663 519 1038 72393234 282617 0.228 0
C 322 664 540 1080 75322440 294988 0.222 0
C 323 663 524 1048 73090664 285348 0.234 0
C 324 664 518 1036 72253748 283099 0.210 0
C 325 663 528 1056 73648608 287197 0.219 0
C 326 664 525 1050 73230150 285912 0.221 0
C 327 664 530 1060 73927580 288288 0.210 0
C 328 663 530 1060 73927580 288537 0.218 0
C 329 664 524 1048 73090664 285237 0.221 0
C 330 663 528 1056 73648608 288034 0.218 0
C 331 664 525 1050 73230150 286433 0.224 0
C 332 663 532 1064 74206552 289419 0.226 0
C 333 664 533 1066 74346038 291196 0.231 0
C 334 663 529 1058 73788094 288648 0.234 0
C 335 664 528 1056 73648608 287849 0.221 0
C 336 664 524 1048 73090664 285121 0.222 0
C 337 663 531 1062 74067066 290122 0.221 0
C 339 663 532 1064 74206552 289729 0.213 0
C 338 664 530 1060 73927580 288112 0.233 0
C 341 663 521 1042 72672206 284160 0.210 0
C 340 664 518 1036 72253748 281477 0.232 0
C 342 664 543 1086 75740898 296055 0.214 0
C 343 663 527 1054 73509122 286719 0.218 0
C 344 664 519 1038 72393234 282256 0.223 0
C 345 663 528 1056 73648608 287821 0.218 0
C 346 664 527 1054 73509122 287252 0.220 0
C 347 664 521 1042 72672206 284558 0.214 0
C 348 663 525 1050 73230150 286010 0.227 0
C 349 664 523 1046 72951178 284917 0.219 0
C 350 663 526 1052 73369636 285494 0.215 0
C 351 664 529 1058 73788094 288002 0.222 0
C 352 663 526 1052 73369636 287076 0.209 0
C 353 664 536 1072 74764496 292664 0.234 0
C 354 663 534 1068 74485524 290905 0.230 0
C 355 664 533 1066 74346038 290661 0.228 0
C 356 664 530 1060 73927580 289838 0.227 0
C 357 663 530 1060 73927580 290229 0.222 0
C 359 663 528 1056 73648608 287283 0.207 0
C 358 664 537 1074 74903982 292753 0.246 0
C 360 664 530 1060 73927580 289691 0.221 0
C 361 663 530 1060 73927580 289178 0.213 0
C 362 664 530 1060 73927580 288708 0.229 0
C 363 663 530 1060 73927580 288157 0.218 0
C 364 664 533 1066 74346038 290812 0.240 0
C 366 663 525 1050 73230150 286870 0.229 0
C 365 664 531 1062 74067066 289357 0.248 0
C 367 664 529 1058 73788094 289140 0.212 0
C 368 663 522 1044 72811692 284623 0.224 0
C 369 664 530 1060 73927580 288344 0.223 0
C 370 663 530 1060 73927580 289314 0.226 0
C 371 664 535 1070 74625010 291606 0.231 0
C 372 663 523 1046 72951178 285338 0.215 0
C 373 664 527 1054 73509122 286651 0.225 0
C 374 664 538 1076 75043468 292930 0.233 0
C 375 663 526 1052 73369636 286313 0.212 0
C 376 664 518 1036 72253748 282846 0.211 0
C 377 663 527 1054 73509122 286777 0.217 0
C 378 664 539 1078 75182954 292950 0.232 0
C 379 663 529 1058 73788094 288581 0.232 0
C 380 664 542 1084 75601412 295424 0.235 0
C 381 663 521 1042 72672206 284321 0.225 0
C 382 664 524 1048 73090664 285692 0.205 0
C 383 663 517 1034 72114262 281650 0.223 0
C 385 664 520 1040 72532720 283578 0.241 0
C 384 664 529 1058 73788094 287762 0.255 0
C 386 663 530 1060 73927580 288245 0.251 0
C 387 664 524 1048 73090664 284843 0.240 0
C 388 663 517 1034 72114262 281614 0.226 0
C 389 664 525 1050 73230150 286798 0.219 0
C 390 663 537 1074 74903982 292353 0.224 0
C 391 664 537 1074 74903982 292558 0.226 0
C 392 663 535 1070 74625010 292186 0.222 0
C 393 664 524 1048 73090664 285572 0.219 0
C 394 664 535 1070 74625010 291836 0.228 0
C 395 663 527 1054 73509122 286544 0.223 0
C 396 664 522 1044 72811692 284624 0.221 0
C 397 663 530 1060 73927580 288570 0.224 0
C 398 664 525 1050 73230150 286305 0.216 0
C 400 664 524 1048 73090664 285388 0.232 0
C 399 663 538 1076 75043468 293571 0.242 0
C 401 663 532 1064 74206552 289783 0.251 0
C 402 664 524 1048 73090664 285629 0.230 0
C 403 664 515 1030 71835290 280992 0.239 0
C 404 663 530 1060 73927580 289515 0.227 0
C 405 664 538 1076 75043468 293146 0.226 0
C 407 664 530 1060 73927580 288279 0.220 0
C 406 663 522 1044 72811692 284719 0.225 0
C 408 663 536 1072 74764496 290994 0.232 0
C 410 663 528 1056 73648608 287923 0.220 0
C 409 664 531 1062 74067066 288741 0.228 0
C 411 664 531 1062 74067066 288331 0.221 0
C 412 663 530 1060 73927580 289397 0.236 0
C 413 664 525 1050 73230150 285266 0.221 0
C 414 664 523 1046 72951178 284410 0.219 0
C 415 663 528 1056 73648608 287858 0.227 0
C 416 664 527 1054 73509122 287685 0.216 0
C 417 663 525 1050 73230150 286406 0.219 0
C 418 664 530 1060 73927580 288974 0.228 0
C 419 663 535 1070 74625010 291861 0.232 0
C 420 664 533 1066 74346038 290259 0.226 0
C 421 663 529 1058 73788094 288952 0.221 0
C 422 664 542 1084 75601412 295436 0.226 0
C 423 664 528 1056 73648608 287474 0.220 0
C 426 663 529 1058 73788094 287562 0.213 0
C 424 663 529 1058 73788094 288280 0.226 0
C 425 664 527 1054 73509122 287156 0.228 0
C 427 664 529 1058 73788094 287909 0.221 0
C 428 663 520 1040 72532720 283190 0.224 0
C 429 664 513 1026 71556318 279172 0.218 0
C 430 663 528 1056 73648608 287172 0.219 0
C 431 664 527 1054 73509122 286976 0.228 0
C 432 664 533 1066 74346038 290201 0.235 0
C 433 663 530 1060 73927580 288939 0.217 0
C 434 664 539 1078 75182954 293097 0.217 0
C 435 663 520 1040 72532720 282545 0.219 0
C 436 664 532 1064 74206552 289598 0.232 0
C 437 663 535 1070 74625010 290623 0.237 0
C 438 664 537 1074 74903982 292504 0.228 0
C 439 663 522 1044 72811692 285888 0.215 0
C 440 664 539 1078 75182954 294675 0.234 0
C 441 663 534 1068 74485524 289651 0.229 0
C 442 664 534 1068 74485524 291312 0.237 0
C 443 664 534 1068 74485524 290273 0.224 0
C 444 663 519 1038 72393234 283406 0.204 0
C 445 664 519 1038 72393234 281933 0.222 0
C 446 663 529 1058 73788094 287409 0.227 0
C 447 664 527 1054 73509122 287218 0.225 0
C 448 663 521 1042 72672206 283055 0.218 0
C 449 664 524 1048 73090664 286143 0.217 0
C 450 663 522 1044 72811692 284046 0.215 0
C 451 664 521 1042 72672206 283528 0.231 0
C 452 664 537 1074 74903982 293022 0.232 0
C 453 663 534 1068 74485524 290713 0.232 0
C 454 664 533 1066 74346038 290937 0.225 0
C 455 663 524 1048 73090664 284958 0.234 0
C 456 664 530 1060 73927580 289477 0.241 0
C 457 663 522 1044 72811692 284258 0.228 0
C 458 664 529 1058 73788094 288414 0.220 0
C 459 663 530 1060 73927580 289012 0.234 0
C 460 664 528 1056 73648608 286826 0.218 0
C 461 664 530 1060 73927580 288863 0.230 0
C 462 663 527 1054 73509122 287129 0.208 0
C 463 664 536 1072 74764496 291949 0.230 0
C 464 663 532 1064 74206552 290084 0.225 0
C 465 664 526 1052 73369636 286250 0.219 0
C 467 664 544 1088 75880384 296906 0.226 0
C 466 663 520 1040 72532720 282669 0.233 0
C 468 663 521 1042 72672206 283574 0.219 0
C 469 664 522 1044 72811692 284223 0.214 0
C 470 663 517 1034 72114262 281669 0.218 0
C 471 664 524 1048 73090664 285232 0.218 0
C 472 664 523 1046 72951178 285189 0.220 0
C 473 663 531 1062 74067066 288870 0.234 0
C 474 664 536 1072 74764496 291504 0.221 0
C 475 663 523 1046 72951178 285247 0.222 0
C 476 664 526 1052 73369636 286765 0.217 0
C 477 663 526 1052 73369636 285636 0.231 0
C 478 664 533 1066 74346038 290483 0.229 0
C 479 663 525 1050 73230150 285876 0.215 0
C 480 664 534 1068 74485524 291386 0.233 0
C 481 664 531 1062 74067066 289509 0.229 0
C 482 663 532 1064 74206552 290727 0.222 0
C 484 663 525 1050 73230150 286150 0.209 0
C 483 664 529 1058 73788094 287783 0.237 0
C 485 664 532 1064 74206552 291037 0.229 0
C 486 663 526 1052 73369636 287534 0.223 0
C 487 664 525 1050 73230150 286336 0.229 0
C 488 663 529 1058 73788094 288574 0.223 0
C 489 664 532 1064 74206552 289872 0.230 0
C 490 664 534 1068 74485524 291939 0.221 0
C 491 663 512 1024 71416832 279851 0.217 0
C 492 664 528 1056 73648608 287668 0.239 0
C 494 664 525 1050 73230150 286535 0.207 0
C 493 663 523 1046 72951178 285253 0.220 0
C 495 663 523 1046 72951178 284122 0.212 0
C 496 664 532 1064 74206552 289197 0.232 0
C 497 663 529 1058 73788094 288078 0.222 0
C 498 664 526 1052 73369636 287016 0.203 0
C 499 664 536 1072 74764496 292727 0.207 0
# end
