# start B=24 K=2 SL=19 CL=29 J=5 LO=7620291579446 HI=12942160944371 S=183140352 T=29059 roots=23 chunks=2000 perm=4921175 filters=0 range=0-20
C 3 3982 3982 91586 2661397574 10395185 7.315 0
C 4 3981 3981 91563 2660729217 10385767 7.453 0
C 1 3981 3981 91563 2660729217 10393871 7.487 0
C 2 3981 3981 91563 2660729217 10385085 7.524 0
C 0 3981 3981 91563 2660729217 10393385 7.540 0
C 5 3981 3981 91563 2660729217 10394020 7.734 0
C 6 3982 3982 91586 2661397574 10392593 7.937 0
C 8 3981 3981 91563 2660729217 10388842 7.883 0
C 7 3981 3981 91563 2660729217 10397653 7.942 0
C 9 3982 3982 91586 2661397574 10394595 8.010 0
C 10 3981 3981 91563 2660729217 10395560 7.527 0
C 11 3981 3981 91563 2660729217 10397241 7.624 0
C 12 3982 3982 91586 2661397574 10396450 7.616 0
C 13 3981 3981 91563 2660729217 10395106 7.614 0
C 14 3981 3981 91563 2660729217 10393352 7.646 0
C 15 3981 3981 91563 2660729217 10392762 7.507 0
C 18 3981 3981 91563 2660729217 10387856 7.474 0
C 16 3982 3982 91586 2661397574 10397357 7.595 0
C 17 3981 3981 91563 2660729217 10391124 7.603 0
C 19 3982 3982 91586 2661397574 10395245 7.515 0
# end
