# start B=18 K=3 SL=22 CL=32 J=4 LO=15148209527701 HI=15616948457381 S=1784592 T=262659 roots=2 chunks=500 perm=64879 filters=1 range=0-500
C 2 210 198 396 104012964 406203 0.385 0
C 1 210 197 394 103487646 404360 0.395 0
C 0 209 194 388 101911692 397508 0.403 0
C 3 210 195 390 102437010 400205 0.407 0
C 4 210 196 392 102962328 401545 0.409 0
C 5 210 197 394 103487646 404175 0.380 0
C 8 210 197 394 103487646 404774 0.369 0
C 9 210 197 394 103487646 403829 0.369 0
C 7 210 197 394 103487646 404044 0.382 0
C 6 210 197 394 103487646 403196 0.396 0
C 11 210 198 396 104012964 406055 0.382 0
C 10 210 196 392 102962328 401887 0.395 0
C 12 210 196 392 102962328 402571 0.389 0
C 14 210 198 396 104012964 405635 0.377 1 15402609051026
C 13 210 197 394 103487646 403790 0.384 1 15422714325495
C 19 210 196 392 102962328 401007 0.382 0
C 15 210 195 390 102437010 400254 0.394 0
C 16 210 196 392 102962328 401015 0.392 0
C 17 210 196 392 102962328 402914 0.392 1 15243270704233
C 18 210 197 394 103487646 402285 0.395 0
C 22 210 196 392 102962328 402273 0.385 0
C 21 210 197 394 103487646 404323 0.386 0
C 20 209 195 390 102437010 399687 0.387 0
C 24 210 194 388 101911692 398180 0.382 0
C 23 210 198 396 104012964 406304 0.392 0
C 27 210 196 392 102962328 402641 0.379 0
C 25 210 195 390 102437010 399863 0.381 0
C 26 210 196 392 102962328 401984 0.385 0
C 28 210 198 396 104012964 406610 0.389 1 15160298367028
C 29 210 199 398 104538282 408718 0.399 0
C 31 210 197 394 103487646 404390 0.374 0
C 32 210 198 396 104012964 407202 0.404 0
C 30 210 196 392 102962328 402579 0.410 0
C 33 210 195 390 102437010 400649 0.401 0
C 34 210 195 390 102437010 399141 0.418 0
C 35 210 195 390 102437010 401513 0.408 0
C 37 210 197 394 103487646 403888 0.379 0
C 38 210 195 390 102437010 400641 0.383 0
C 39 210 192 384 100861056 391969 0.351 0
C 36 210 197 394 103487646 404784 0.398 0
C 41 209 195 390 102437010 401143 0.377 0
C 40 210 194 388 101911692 398093 0.398 0
C 43 210 196 392 102962328 402094 0.384 0
C 42 210 195 390 102437010 399534 0.392 0
C 44 210 197 394 103487646 403884 0.397 0
C 45 210 193 386 101386374 395722 0.380 0
C 47 210 196 392 102962328 401666 0.378 0
C 48 210 195 390 102437010 399831 0.381 0
C 46 210 196 392 102962328 402295 0.397 0
C 49 210 197 394 103487646 404442 0.390 0
C 50 210 198 396 104012964 405070 0.380 0
C 51 210 195 390 102437010 399046 0.395 0
C 52 210 195 390 102437010 399720 0.391 0
C 53 210 197 394 103487646 404819 0.385 0
C 54 210 196 392 102962328 402923 0.383 0
C 55 210 197 394 103487646 405000 0.392 0
C 58 210 198 396 104012964 405680 0.375 0
C 56 210 197 394 103487646 404544 0.386 0
C 57 210 197 394 103487646 403322 0.395 0
C 59 210 195 390 102437010 399439 0.386 0
C 60 210 195 390 102437010 400545 0.380 0
C 61 210 193 386 101386374 395682 0.390 0
C 62 209 194 388 101911692 399220 0.388 0
C 64 210 194 388 101911692 397272 0.384 0
C 63 210 194 388 101911692 398171 0.393 0
C 65 210 197 394 103487646 404111 0.370 0
C 67 210 193 386 101386374 396069 0.377 0
C 66 210 195 390 102437010 399662 0.402 0
C 68 210 197 394 103487646 405192 0.398 0
C 69 210 196 392 102962328 401318 0.401 0
C 70 210 195 390 102437010 400136 0.396 0
C 71 210 197 394 103487646 404767 0.371 0
C 72 210 194 388 101911692 398104 0.388 0
C 73 210 197 394 103487646 404087 0.388 0
C 74 210 197 394 103487646 405784 0.386 0
C 75 210 197 394 103487646 405633 0.377 0
C 76 210 196 392 102962328 401309 0.392 0
C 77 210 195 390 102437010 399509 0.390 0
C 79 210 195 390 102437010 400742 0.392 0
C 78 210 196 392 102962328 402232 0.400 0
C 80 210 196 392 102962328 402709 0.378 0
C 81 210 196 392 102962328 402760 0.375 0
C 82 210 194 388 101911692 397733 0.385 0
C 84 210 196 392 102962328 401052 0.385 0
C 83 209 194 388 101911692 398000 0.399 0
C 85 210 195 390 102437010 400778 0.388 0
C 86 210 197 394 103487646 404978 0.390 0
C 87 210 195 390 102437010 400238 0.391 0
C 88 210 197 394 103487646 403975 0.392 0
C 89 210 197 394 103487646 402941 0.383 0
C 90 210 195 390 102437010 400556 0.414 0
C 91 210 193 386 101386374 395712 0.430 0
C 92 210 197 394 103487646 405191 0.442 0
C 94 210 197 394 103487646 404498 0.423 1 15393160289085
C 93 210 196 392 102962328 402426 0.431 0
C 95 210 197 394 103487646 404659 0.389 0
C 96 210 197 394 103487646 405131 0.406 0
C 98 210 197 394 103487646 404127 0.384 0
C 97 210 198 396 104012964 405703 0.393 0
C 99 210 195 390 102437010 399146 0.400 0
C 100 210 197 394 103487646 403568 0.389 0
C 101 210 197 394 103487646 404673 0.389 0
C 103 210 195 390 102437010 400059 0.393 0
C 102 210 196 392 102962328 402067 0.397 0
C 104 209 193 386 101386374 396605 0.379 0
C 105 210 196 392 102962328 402269 0.391 0
C 106 210 199 398 104538282 408920 0.378 0
C 107 210 194 388 101911692 398103 0.389 0
C 109 210 197 394 103487646 404784 0.393 0
C 108 210 195 390 102437010 399576 0.407 0
C 110 210 197 394 103487646 403716 0.378 0
C 111 210 198 396 104012964 405035 0.389 0
C 112 210 199 398 104538282 408981 0.388 0
C 114 210 194 388 101911692 397855 0.391 0
C 113 210 197 394 103487646 404327 0.402 0
C 115 210 199 398 104538282 408140 0.380 0
C 116 210 196 392 102962328 401900 0.393 0
C 117 210 196 392 102962328 401973 0.386 0
C 119 210 195 390 102437010 399484 0.387 0
C 118 210 195 390 102437010 399811 0.388 0
C 120 210 197 394 103487646 403576 0.384 1 15536288899815
C 121 210 193 386 101386374 397336 0.390 0
C 122 210 193 386 101386374 395742 0.387 0
C 123 210 192 384 100861056 394372 0.372 0
C 124 210 197 394 103487646 403856 0.386 0
C 125 209 195 390 102437010 399269 0.413 0
C 126 210 193 386 101386374 395944 0.407 0
C 127 210 197 394 103487646 404213 0.409 0
C 128 210 195 390 102437010 399768 0.404 0
C 129 210 197 394 103487646 403938 0.400 0
C 130 210 199 398 104538282 408581 0.387 0
C 131 210 197 394 103487646 405270 0.392 0
C 132 210 197 394 103487646 404008 0.386 0
C 133 210 195 390 102437010 399005 0.390 0
C 134 210 197 394 103487646 404792 0.409 1 15418738826449
C 135 210 194 388 101911692 397947 0.390 0
C 136 210 198 396 104012964 406098 0.407 0
C 137 210 196 392 102962328 401535 0.402 1 15577382022095
C 138 210 195 390 102437010 399797 0.419 0
C 139 210 198 396 104012964 405466 0.411 0
C 140 210 197 394 103487646 405072 0.397 0
C 141 210 196 392 102962328 402612 0.385 0
C 142 210 196 392 102962328 402131 0.395 0
C 143 210 197 394 103487646 403615 0.391 0
C 144 210 195 390 102437010 400748 0.388 0
C 145 209 195 390 102437010 400387 0.423 0
C 146 210 194 388 101911692 398267 0.431 0
C 147 210 197 394 103487646 405001 0.416 0
C 148 210 198 396 104012964 406813 0.436 0
C 149 210 196 392 102962328 402586 0.426 0
C 150 210 193 386 101386374 395876 0.383 1 15244456725401
C 151 210 195 390 102437010 400711 0.391 0
C 152 210 196 392 102962328 403542 0.400 0
C 153 210 198 396 104012964 406836 0.393 0
C 154 210 197 394 103487646 404508 0.389 0
C 155 210 196 392 102962328 402254 0.370 0
C 156 210 195 390 102437010 401001 0.395 0
C 157 210 197 394 103487646 404568 0.404 0
C 159 210 195 390 102437010 401011 0.379 0
C 158 210 196 392 102962328 402571 0.407 0
C 160 210 194 388 101911692 398916 0.383 0
C 161 210 195 390 102437010 400120 0.401 0
C 162 210 195 390 102437010 400630 0.376 0
C 163 210 193 386 101386374 393678 0.386 0
C 164 210 195 390 102437010 401078 0.389 0
C 165 210 195 390 102437010 400858 0.394 1 15238325930486
C 166 209 196 392 102962328 402608 0.397 0
C 167 210 195 390 102437010 399431 0.401 0
C 168 210 197 394 103487646 403325 0.382 0
C 169 210 198 396 104012964 405237 0.397 0
C 170 210 193 386 101386374 397273 0.373 0
C 171 210 195 390 102437010 400561 0.381 0
C 172 210 198 396 104012964 406986 0.393 0
C 173 210 194 388 101911692 397320 0.394 0
C 174 210 197 394 103487646 403783 0.399 0
C 175 210 197 394 103487646 404748 0.405 0
C 176 210 195 390 102437010 400420 0.389 0
C 177 210 195 390 102437010 400208 0.382 1 15488406311705
C 178 210 197 394 103487646 403964 0.391 0
C 179 210 195 390 102437010 400031 0.385 0
C 180 210 198 396 104012964 406313 0.386 0
C 181 210 196 392 102962328 402594 0.398 0
C 182 210 196 392 102962328 402416 0.387 0
C 183 210 198 396 104012964 405846 0.388 0
C 184 210 195 390 102437010 400590 0.400 0
C 185 210 196 392 102962328 401926 0.381 0
C 186 210 193 386 101386374 395858 0.387 0
C 187 209 194 388 101911692 397491 0.398 0
C 188 210 194 388 101911692 398123 0.388 0
C 189 210 196 392 102962328 402407 0.391 0
C 190 210 197 394 103487646 404904 0.375 0
C 191 210 196 392 102962328 401734 0.386 0
C 193 210 196 392 102962328 402782 0.390 0
C 192 210 195 390 102437010 400292 0.398 0
C 194 210 196 392 102962328 402793 0.403 0
C 195 210 197 394 103487646 404711 0.381 0
C 196 210 197 394 103487646 403370 0.392 0
C 197 210 194 388 101911692 398230 0.387 0
C 198 210 198 396 104012964 406280 0.394 0
C 199 210 195 390 102437010 399673 0.384 0
C 200 210 196 392 102962328 402688 0.399 0
C 201 210 195 390 102437010 399178 0.380 0
C 202 210 194 388 101911692 398335 0.396 0
C 203 210 196 392 102962328 402051 0.404 0
C 204 210 194 388 101911692 397490 0.400 0
C 205 210 196 392 102962328 402876 0.393 0
C 206 210 194 388 101911692 398738 0.395 0
C 207 210 194 388 101911692 397925 0.389 0
C 208 209 194 388 101911692 397261 0.388 0
C 209 210 195 390 102437010 399929 0.407 0
C 210 210 195 390 102437010 399958 0.380 0
C 211 210 196 392 102962328 402360 0.401 0
C 212 210 194 388 101911692 397283 0.393 1 15356768304850
C 213 210 196 392 102962328 401915 0.384 0
C 214 210 197 394 103487646 405027 0.386 0
C 215 210 195 390 102437010 400200 0.384 0
C 216 210 194 388 101911692 398164 0.391 0
C 217 210 195 390 102437010 400234 0.406 0
C 218 210 196 392 102962328 402876 0.408 0
C 219 210 196 392 102962328 402885 0.393 0
C 220 210 199 398 104538282 407658 0.403 0
C 221 210 196 392 102962328 401635 0.426 0
C 223 210 197 394 103487646 403431 0.376 0
C 222 210 197 394 103487646 403596 0.389 0
C 224 210 197 394 103487646 404698 0.416 0
C 225 210 197 394 103487646 404226 0.399 0
C 226 210 196 392 102962328 403096 0.388 0
C 227 210 194 388 101911692 398969 0.399 0
C 228 210 196 392 102962328 401521 0.411 0
C 229 209 194 388 101911692 397104 0.395 0
C 230 210 196 392 102962328 403136 0.390 1 15183173798806
C 231 210 197 394 103487646 404174 0.411 0
C 232 210 195 390 102437010 400112 0.390 0
C 233 210 194 388 101911692 398499 0.390 0
C 234 210 195 390 102437010 400408 0.393 0
C 235 210 195 390 102437010 399713 0.380 0
C 237 210 196 392 102962328 402182 0.392 0
C 236 210 198 396 104012964 405998 0.403 0
C 238 210 197 394 103487646 405215 0.406 0
C 239 210 196 392 102962328 402667 0.401 0
C 240 210 199 398 104538282 407429 0.397 0
C 241 210 197 394 103487646 405224 0.411 0
C 242 210 195 390 102437010 400211 0.418 0
C 243 210 196 392 102962328 402278 0.418 0
C 244 210 194 388 101911692 397767 0.416 0
C 245 210 198 396 104012964 406402 0.419 0
C 246 210 193 386 101386374 396584 0.400 0
C 247 210 196 392 102962328 402643 0.404 0
C 248 210 194 388 101911692 396787 0.399 0
C 249 210 197 394 103487646 406155 0.412 0
C 250 209 194 388 101911692 398349 0.388 0
C 251 210 197 394 103487646 404833 0.423 0
C 252 210 198 396 104012964 405238 0.407 0
C 253 210 196 392 102962328 403293 0.409 0
C 254 210 196 392 102962328 401281 0.419 0
C 255 210 197 394 103487646 404055 0.400 0
C 256 210 196 392 102962328 401274 0.433 0
C 257 210 197 394 103487646 404436 0.433 0
C 258 210 196 392 102962328 402487 0.439 0
C 259 210 197 394 103487646 403821 0.428 0
C 260 210 196 392 102962328 401875 0.439 0
C 262 210 195 390 102437010 400815 0.404 0
C 261 210 198 396 104012964 405979 0.407 0
C 263 210 198 396 104012964 406854 0.393 0
C 264 210 199 398 104538282 408946 0.409 0
C 265 210 194 388 101911692 396788 0.408 1 15557640949370
C 266 210 196 392 102962328 403119 0.403 0
C 267 210 195 390 102437010 400782 0.407 0
C 268 210 197 394 103487646 403403 0.412 0
C 269 210 196 392 102962328 401713 0.413 0
C 270 209 195 390 102437010 400975 0.391 0
C 272 210 196 392 102962328 401476 0.399 0
C 271 210 197 394 103487646 403077 0.407 0
C 273 210 199 398 104538282 407571 0.396 0
C 275 210 195 390 102437010 401013 0.403 0
C 274 210 195 390 102437010 400289 0.407 0
C 277 210 197 394 103487646 403936 0.394 0
C 276 210 197 394 103487646 403901 0.401 0
C 278 210 198 396 104012964 406138 0.402 0
C 279 210 198 396 104012964 407040 0.401 0
C 280 210 197 394 103487646 405119 0.410 0
C 282 210 198 396 104012964 407122 0.394 0
C 281 210 196 392 102962328 401809 0.400 0
C 283 210 195 390 102437010 399601 0.402 0
C 285 210 196 392 102962328 402967 0.385 0
C 284 210 195 390 102437010 399964 0.404 0
C 286 210 195 390 102437010 399760 0.386 0
C 287 210 196 392 102962328 402137 0.404 0
C 288 210 195 390 102437010 399796 0.394 0
C 289 210 192 384 100861056 393517 0.357 0
C 290 210 195 390 102437010 399020 0.405 0
C 291 209 196 392 102962328 402712 0.398 0
C 292 210 195 390 102437010 400055 0.399 0
C 293 210 195 390 102437010 400067 0.392 1 15264789296243
C 294 210 197 394 103487646 403988 0.404 0
C 295 210 193 386 101386374 396180 0.399 0
C 296 210 196 392 102962328 402991 0.402 0
C 298 210 195 390 102437010 399089 0.386 0
C 297 210 199 398 104538282 409442 0.392 0
C 299 210 196 392 102962328 402668 0.396 0
C 300 210 197 394 103487646 404474 0.384 0
C 302 210 195 390 102437010 400471 0.390 1 15261401292905
C 301 210 196 392 102962328 402787 0.395 0
C 303 210 197 394 103487646 403463 0.389 0
C 304 210 194 388 101911692 399563 0.401 0
C 305 210 198 396 104012964 406921 0.392 0
C 308 210 198 396 104012964 405938 0.391 0
C 306 210 197 394 103487646 403524 0.395 0
C 307 210 197 394 103487646 403997 0.400 0
C 309 210 196 392 102962328 402515 0.386 0
C 310 210 196 392 102962328 402201 0.386 0
C 312 209 192 384 100861056 394522 0.362 0
C 313 210 194 388 101911692 398276 0.396 0
C 311 210 193 386 101386374 395129 0.405 1 15464235940016
C 314 210 197 394 103487646 404341 0.391 1 15382871291993
C 315 210 196 392 102962328 402130 0.389 0
C 317 210 192 384 100861056 392953 0.359 0
C 316 210 197 394 103487646 403806 0.400 0
C 318 210 198 396 104012964 405594 0.393 0
C 319 210 196 392 102962328 401492 0.398 0
C 320 210 196 392 102962328 401274 0.394 0
C 322 210 194 388 101911692 398437 0.393 0
C 321 210 196 392 102962328 402291 0.404 0
C 323 210 196 392 102962328 402001 0.384 0
C 324 210 197 394 103487646 404055 0.387 0
C 325 210 197 394 103487646 403171 0.394 0
C 326 210 196 392 102962328 402706 0.397 0
C 327 210 195 390 102437010 400931 0.399 0
C 328 210 193 386 101386374 395364 0.385 0
C 329 210 195 390 102437010 400722 0.403 0
C 330 210 194 388 101911692 397302 0.397 0
C 331 210 197 394 103487646 403179 0.394 0
C 333 209 195 390 102437010 400052 0.393 0
C 332 210 196 392 102962328 403051 0.397 0
C 334 210 195 390 102437010 400834 0.403 0
C 335 210 196 392 102962328 401369 0.412 0
C 336 210 197 394 103487646 405588 0.396 0
C 337 210 193 386 101386374 396861 0.389 0
C 338 210 197 394 103487646 403537 0.416 0
C 339 210 196 392 102962328 401338 0.397 0
C 340 210 195 390 102437010 399537 0.389 0
C 341 210 195 390 102437010 400024 0.414 0
C 342 210 196 392 102962328 402719 0.422 0
C 343 210 195 390 102437010 400474 0.420 0
C 344 210 197 394 103487646 404183 0.424 0
C 345 210 198 396 104012964 406783 0.431 0
C 346 210 197 394 103487646 402584 0.436 0
C 347 210 197 394 103487646 405342 0.436 0
C 348 210 198 396 104012964 407175 0.447 0
C 349 210 197 394 103487646 403675 0.438 0
C 350 210 196 392 102962328 402135 0.441 0
C 351 210 198 396 104012964 405717 0.397 0
C 352 210 196 392 102962328 402003 0.415 0
C 353 210 197 394 103487646 404720 0.409 0
C 354 209 194 388 101911692 397625 0.399 0
C 355 210 196 392 102962328 403305 0.398 0
C 356 210 199 398 104538282 408793 0.406 1 15176420784544
C 357 210 194 388 101911692 396647 0.398 0
C 358 210 194 388 101911692 397755 0.402 0
C 359 210 196 392 102962328 401129 0.381 0
C 360 210 195 390 102437010 399407 0.401 0
C 361 210 198 396 104012964 406283 0.402 0
C 362 210 199 398 104538282 407163 0.396 0
C 363 210 197 394 103487646 404105 0.398 0
C 364 210 195 390 102437010 400544 0.400 0
C 365 210 199 398 104538282 408803 0.393 0
C 366 210 196 392 102962328 403077 0.390 0
C 367 210 196 392 102962328 402071 0.399 0
C 368 210 195 390 102437010 399575 0.404 0
C 369 210 194 388 101911692 397036 0.403 0
C 370 210 198 396 104012964 406036 0.388 0
C 371 210 195 390 102437010 400740 0.395 0
C 372 210 194 388 101911692 399639 0.400 0
C 373 210 191 382 100335738 393421 0.369 0
C 374 210 197 394 103487646 404918 0.400 0
C 375 209 195 390 102437010 398859 0.389 0
C 376 210 192 384 100861056 394455 0.349 0
C 377 210 198 396 104012964 406327 0.406 0
C 378 210 196 392 102962328 402800 0.409 0
C 379 210 195 390 102437010 399840 0.408 1 15330238050517
C 380 210 197 394 103487646 404333 0.399 0
C 381 210 197 394 103487646 404588 0.409 0
C 382 210 197 394 103487646 403716 0.399 0
C 383 210 196 392 102962328 402616 0.396 0
C 385 210 194 388 101911692 398088 0.390 0
C 384 210 196 392 102962328 402231 0.402 0
C 386 210 198 396 104012964 405504 0.391 0
C 387 210 196 392 102962328 403287 0.388 0
C 388 210 197 394 103487646 404067 0.384 0
C 390 210 197 394 103487646 403677 0.403 0
C 389 210 197 394 103487646 404370 0.430 0
C 391 210 196 392 102962328 401981 0.419 0
C 392 210 195 390 102437010 400324 0.404 0
C 393 210 196 392 102962328 401180 0.426 0
C 394 210 195 390 102437010 400663 0.397 0
C 395 209 194 388 101911692 398068 0.391 0
C 396 210 196 392 102962328 401283 0.406 0
C 397 210 197 394 103487646 404511 0.402 1 15384444086093
C 398 210 198 396 104012964 406188 0.401 0
C 399 210 195 390 102437010 399596 0.395 0
C 400 210 193 386 101386374 395277 0.384 0
C 401 210 195 390 102437010 400446 0.406 0
C 402 210 194 388 101911692 397038 0.401 0
C 403 210 198 396 104012964 406578 0.397 0
C 405 210 195 390 102437010 400956 0.390 0
C 404 210 198 396 104012964 407320 0.405 0
C 406 210 196 392 102962328 401343 0.395 0
C 407 210 198 396 104012964 403973 0.394 0
C 408 210 196 392 102962328 402718 0.391 0
C 409 210 195 390 102437010 400440 0.392 0
C 410 210 195 390 102437010 400104 0.393 0
C 411 210 196 392 102962328 402575 0.393 0
C 412 210 196 392 102962328 401541 0.397 0
C 413 210 193 386 101386374 396186 0.407 0
C 414 210 195 390 102437010 399374 0.390 0
C 415 210 195 390 102437010 399995 0.403 0
C 416 209 194 388 101911692 397418 0.396 0
C 417 210 196 392 102962328 401036 0.390 1 15173024561435
C 418 210 195 390 102437010 400285 0.404 2 15286698686498 15524263117156
C 419 210 198 396 104012964 405926 0.401 0
C 420 210 193 386 101386374 395743 0.387 0
C 421 210 195 390 102437010 399743 0.393 0
C 422 210 198 396 104012964 406862 0.392 0
C 423 210 194 388 101911692 398058 0.410 0
C 424 210 196 392 102962328 402348 0.381 0
C 425 210 197 394 103487646 403758 0.406 0
C 426 210 196 392 102962328 402653 0.398 0
C 427 210 195 390 102437010 399782 0.387 0
C 428 210 196 392 102962328 402103 0.401 0
C 429 210 195 390 102437010 400262 0.389 1 15446670287030
C 430 210 198 396 104012964 406632 0.409 0
C 431 210 196 392 102962328 402279 0.397 0
C 432 210 195 390 102437010 400498 0.404 0
C 433 210 198 396 104012964 405600 0.384 0
C 434 210 194 388 101911692 397756 0.392 0
C 435 210 196 392 102962328 401852 0.392 0
C 436 210 193 386 101386374 396100 0.392 0
C 437 209 195 390 102437010 400397 0.406 0
C 438 210 194 388 101911692 398192 0.388 0
C 439 210 196 392 102962328 401043 0.387 0
C 440 210 195 390 102437010 400246 0.399 0
C 441 210 197 394 103487646 405407 0.385 0
C 442 210 195 390 102437010 400345 0.399 0
C 443 210 198 396 104012964 405311 0.395 0
C 444 210 196 392 102962328 401973 0.411 0
C 445 210 197 394 103487646 403136 0.406 0
C 446 210 197 394 103487646 403999 0.389 0
C 447 210 194 388 101911692 398115 0.393 0
C 448 210 197 394 103487646 404849 0.399 0
C 449 210 196 392 102962328 402261 0.406 2 15233453643428 15364224571966
C 450 210 196 392 102962328 401553 0.397 0
C 451 210 194 388 101911692 397569 0.397 0
C 452 210 195 390 102437010 401214 0.394 0
C 453 210 195 390 102437010 399896 0.388 0
C 454 210 195 390 102437010 399970 0.397 0
C 455 210 195 390 102437010 400092 0.407 0
C 456 210 195 390 102437010 400656 0.388 0
C 457 210 195 390 102437010 399956 0.406 0
C 458 209 194 388 101911692 398098 0.383 0
C 459 210 194 388 101911692 397898 0.396 0
C 460 210 194 388 101911692 398651 0.390 0
C 461 210 196 392 102962328 402594 0.402 0
C 462 210 195 390 102437010 399889 0.404 0
C 463 210 197 394 103487646 404266 0.397 0
C 464 210 198 396 104012964 406407 0.388 0
C 465 210 195 390 102437010 399985 0.396 0
C 466 210 194 388 101911692 398155 0.395 0
C 467 210 196 392 102962328 402537 0.393 0
C 468 210 195 390 102437010 399628 0.418 0
C 469 210 197 394 103487646 404885 0.396 0
C 470 210 198 396 104012964 407163 0.391 0
C 471 210 194 388 101911692 397925 0.402 0
C 472 210 198 396 104012964 405832 0.397 0
C 473 210 199 398 104538282 409017 0.387 0
C 474 210 197 394 103487646 404240 0.394 1 15542702246002
C 475 210 197 394 103487646 403314 0.401 0
C 476 210 197 394 103487646 404409 0.398 0
C 477 210 194 388 101911692 397820 0.391 0
C 478 210 196 392 102962328 401585 0.402 0
C 479 209 193 386 101386374 396474 0.393 0
C 480 210 196 392 102962328 402600 0.402 0
C 481 210 198 396 104012964 407757 0.409 1 15525161056203
C 482 210 195 390 102437010 400258 0.406 0
C 483 210 194 388 101911692 398982 0.398 0
C 484 210 193 386 101386374 396089 0.389 0
C 485 210 195 390 102437010 400561 0.395 0
C 486 210 198 396 104012964 405641 0.406 0
C 487 210 196 392 102962328 402854 0.385 0
C 488 210 197 394 103487646 404400 0.408 0
C 489 210 196 392 102962328 402253 0.382 0
C 490 210 198 396 104012964 406084 0.412 0
C 491 210 197 394 103487646 404399 0.418 0
C 492 210 196 392 102962328 401529 0.406 0
C 494 210 192 384 100861056 393138 0.382 0
C 493 210 196 392 102962328 402301 0.417 0
C 495 210 196 392 102962328 402243 0.404 0
C 496 210 193 386 101386374 396494 0.380 0
C 497 210 196 392 102962328 402511 0.372 0
C 498 210 195 390 102437010 399784 0.374 1 15355113247869
C 499 210 198 396 104012964 405588 0.372 0
# end
