r0 join   b57 79228699893042801193: whole field 13.7s wall, 81 cpu-s; device 12.7s (no prefilter 21.1s), host 64 core-s; surv 8.21e+09 hits []
r0 join-devtops b57 79228699893042801193: whole field 13.5s wall, 1 cpu-s; surv 8.21e+09 tops 9.03e+07 hits []
r0 client b57 79228699893042801193: 402.9s/field, 480 cpu-s/field, dev_wait 38.5 cpu_wait 0.4 hits []
r0 client-pinned b57 79228699893042801193: 377.2s/field, 2305 cpu-s/field, dev_wait 36.9 cpu_wait 0.3 hits []
r0 join-devtops b57 43926999893042801193: whole field 11.5s wall, 1 cpu-s; surv 4.99e+09 tops 8.85e+07 hits []
r0 client b57 43926999893042801193: 439.5s/field, 539 cpu-s/field, dev_wait 42.4 cpu_wait 0.6 hits []
r0 client-pinned b57 43926999893042801193: 403.5s/field, 2594 cpu-s/field, dev_wait 38.8 cpu_wait 0.9 hits []
r0 join   b57 43926999893042801193: whole field 13.2s wall, 94 cpu-s; device 10.7s (no prefilter 15.4s), host 72 core-s; surv 4.99e+09 hits []
r0 client b57 65042299893042801193: 467.4s/field, 500 cpu-s/field, dev_wait 45.2 cpu_wait 0.4 hits []
r0 client-pinned b57 65042299893042801193: 413.7s/field, 2319 cpu-s/field, dev_wait 40.5 cpu_wait 0.4 hits []
r0 join   b57 65042299893042801193: whole field 14.8s wall, 86 cpu-s; device 11.8s (no prefilter 18.5s), host 68 core-s; surv 6.58e+09 hits []
r0 join-devtops b57 65042299893042801193: whole field 12.9s wall, 0 cpu-s; surv 6.58e+09 tops 7.9e+07 hits []
r0 client-pinned b57 70427299893042801193: 447.6s/field, 2359 cpu-s/field, dev_wait 43.5 cpu_wait 0.6 hits []
r0 join   b57 70427299893042801193: whole field 17.3s wall, 99 cpu-s; device 12.2s (no prefilter 19.9s), host 79 core-s; surv 7.44e+09 hits []
r0 join-devtops b57 70427299893042801193: whole field 13.9s wall, 0 cpu-s; surv 7.44e+09 tops 9.22e+07 hits []
r0 client b57 70427299893042801193: 460.7s/field, 524 cpu-s/field, dev_wait 44.0 cpu_wait 0.4 hits []
r0 join   b57 64061199893042801193: whole field 18.3s wall, 105 cpu-s; device 14.0s (no prefilter 23.3s), host 79 core-s; surv 8.77e+09 hits []
r0 join-devtops b57 64061199893042801193: whole field 17.2s wall, 1 cpu-s; surv 8.77e+09 tops 9.57e+07 hits []
r0 client b57 64061199893042801193: 554.8s/field, 560 cpu-s/field, dev_wait 53.5 cpu_wait 0.5 hits []
r0 client-pinned b57 64061199893042801193: 574.8s/field, 2150 cpu-s/field, dev_wait 56.6 cpu_wait 0.3 hits []
r0 join   b60 793163612114824200908: whole field 7.3s wall, 27 cpu-s; device 7.7s (no prefilter 8.1s), host 37 core-s; surv 7.95e+08 hits []
r0 join-devtops b60 793163612114824200908: whole field 7.1s wall, 1 cpu-s; surv 7.95e+08 tops 3.81e+07 hits []
r0 client b60 793163612114824200908: 55.9s/field, 205 cpu-s/field, dev_wait 3.5 cpu_wait 1.2 hits []
r0 client-pinned b60 793163612114824200908: 63.2s/field, 548 cpu-s/field, dev_wait 4.5 cpu_wait 1.5 hits []
r0 join-devtops b60 1901287712114824200908: whole field 7.4s wall, 1 cpu-s; surv 2.22e+09 tops 6.87e+07 hits []
r0 client b60 1901287712114824200908: 108.3s/field, 463 cpu-s/field, dev_wait 9.0 cpu_wait 1.0 hits []
r0 client-pinned b60 1901287712114824200908: 125.2s/field, 1014 cpu-s/field, dev_wait 5.5 cpu_wait 6.7 hits []
r0 join   b60 1901287712114824200908: whole field 11.6s wall, 62 cpu-s; device 8.1s (no prefilter 9.3s), host 65 core-s; surv 2.22e+09 hits []
r0 client b60 1801504012114824200908: 157.6s/field, 696 cpu-s/field, dev_wait 10.8 cpu_wait 4.0 hits []
r0 client-pinned b60 1801504012114824200908: 150.4s/field, 1324 cpu-s/field, dev_wait 6.7 cpu_wait 7.9 hits []
r0 join   b60 1801504012114824200908: whole field 10.5s wall, 85 cpu-s; device 7.9s (no prefilter 11.8s), host 74 core-s; surv 2.98e+09 hits []
r0 join-devtops b60 1801504012114824200908: whole field 9.2s wall, 1 cpu-s; surv 2.98e+09 tops 8.68e+07 hits []
r0 client-pinned b60 860689812114824200908: 127.1s/field, 1084 cpu-s/field, dev_wait 6.6 cpu_wait 5.9 hits []
r0 join   b60 860689812114824200908: whole field 8.6s wall, 72 cpu-s; device 8.1s (no prefilter 8.8s), host 62 core-s; surv 1.43e+09 hits []
r0 join-devtops b60 860689812114824200908: whole field 7.7s wall, 1 cpu-s; surv 1.43e+09 tops 7.04e+07 hits []
r0 client b60 860689812114824200908: 107.9s/field, 507 cpu-s/field, dev_wait 5.5 cpu_wait 4.0 hits []
r0 join   b60 1244055012114824200908: whole field 10.0s wall, 78 cpu-s; device 8.4s (no prefilter 9.4s), host 66 core-s; surv 2.63e+09 hits []
r0 join-devtops b60 1244055012114824200908: whole field 9.0s wall, 1 cpu-s; surv 2.63e+09 tops 8.08e+07 hits []
r0 client b60 1244055012114824200908: 122.2s/field, 594 cpu-s/field, dev_wait 10.0 cpu_wait 1.3 hits []
r0 client-pinned b60 1244055012114824200908: 130.1s/field, 1142 cpu-s/field, dev_wait 5.6 cpu_wait 7.0 hits []
r0 join   b64 41242006262957161709568: whole field 17.0s wall, 71 cpu-s; device 15.2s (no prefilter 23.8s), host 53 core-s; surv 6.25e+09 hits []
r0 join-devtops b64 41242006262957161709568: whole field 16.6s wall, 1 cpu-s; surv 6.25e+09 tops 5.45e+07 hits []
r0 client b64 41242006262957161709568: 431.1s/field, 269 cpu-s/field, dev_wait 40.3 cpu_wait 0.2 hits []
r0 client-pinned b64 41242006262957161709568: 354.9s/field, 1389 cpu-s/field, dev_wait 34.1 cpu_wait 0.6 hits []
r0 join-devtops b64 57785162662957161709568: whole field 10.9s wall, 1 cpu-s; surv 3.05e+09 tops 2.89e+07 hits []
r0 client b64 57785162662957161709568: 182.6s/field, 136 cpu-s/field, dev_wait 16.6 cpu_wait 0.2 hits []
r0 client-pinned b64 57785162662957161709568: 171.2s/field, 681 cpu-s/field, dev_wait 16.3 cpu_wait 0.2 hits []
r0 join   b64 57785162662957161709568: whole field 11.6s wall, 33 cpu-s; device 10.6s (no prefilter 14.3s), host 28 core-s; surv 3.05e+09 hits []
r0 client b64 65552385962957161709568: 212.8s/field, 167 cpu-s/field, dev_wait 19.5 cpu_wait 0.2 hits []
r0 client-pinned b64 65552385962957161709568: 204.2s/field, 850 cpu-s/field, dev_wait 19.6 cpu_wait 0.2 hits []
r0 join   b64 65552385962957161709568: whole field 11.4s wall, 39 cpu-s; device 11.2s (no prefilter 13.7s), host 30 core-s; surv 2.77e+09 hits []
r0 join-devtops b64 65552385962957161709568: whole field 10.8s wall, 1 cpu-s; surv 2.77e+09 tops 3.15e+07 hits []
r0 client-pinned b64 39399613562957161709568: 247.1s/field, 1109 cpu-s/field, dev_wait 23.9 cpu_wait 0.3 hits []
r0 join   b64 39399613562957161709568: whole field 13.8s wall, 61 cpu-s; device 12.9s (no prefilter 17.5s), host 49 core-s; surv 3.93e+09 hits []
r0 join-devtops b64 39399613562957161709568: whole field 13.2s wall, 1 cpu-s; surv 3.93e+09 tops 4.7e+07 hits []
r0 client b64 39399613562957161709568: 286.3s/field, 223 cpu-s/field, dev_wait 26.4 cpu_wait 0.2 hits []
r0 join   b64 68936001062957161709568: whole field 15.8s wall, 62 cpu-s; device 13.7s (no prefilter 19.4s), host 46 core-s; surv 5.62e+09 hits []
r0 join-devtops b64 68936001062957161709568: whole field 14.5s wall, 1 cpu-s; surv 5.62e+09 tops 4.94e+07 hits []
r0 client b64 68936001062957161709568: 354.9s/field, 271 cpu-s/field, dev_wait 34.0 cpu_wait 0.2 hits []
r0 client-pinned b64 68936001062957161709568: 339.4s/field, 1347 cpu-s/field, dev_wait 33.0 cpu_wait 0.2 hits []
r1 join-devtops b57 79228699893042801193: whole field 14.2s wall, 1 cpu-s; surv 8.21e+09 tops 9.03e+07 hits []
r1 client b57 79228699893042801193: 456.5s/field, 510 cpu-s/field, dev_wait 43.7 cpu_wait 0.6 hits []
r1 client-pinned b57 79228699893042801193: 408.6s/field, 2416 cpu-s/field, dev_wait 39.7 cpu_wait 0.5 hits []
r1 join   b57 79228699893042801193: whole field 15.9s wall, 98 cpu-s; device 12.8s (no prefilter 21.2s), host 71 core-s; surv 8.21e+09 hits []
r1 client b57 43926999893042801193: 415.0s/field, 532 cpu-s/field, dev_wait 39.7 cpu_wait 0.4 hits []
r1 client-pinned b57 43926999893042801193: 388.2s/field, 2523 cpu-s/field, dev_wait 37.4 cpu_wait 0.8 hits []
r1 join   b57 43926999893042801193: whole field 13.5s wall, 96 cpu-s; device 10.7s (no prefilter 15.2s), host 71 core-s; surv 4.99e+09 hits []
r1 join-devtops b57 43926999893042801193: whole field 11.8s wall, 1 cpu-s; surv 4.99e+09 tops 8.85e+07 hits []
r1 client-pinned b57 65042299893042801193: 348.3s/field, 2011 cpu-s/field, dev_wait 33.8 cpu_wait 0.5 hits []
r1 join   b57 65042299893042801193: whole field 13.9s wall, 88 cpu-s; device 11.5s (no prefilter 17.9s), host 65 core-s; surv 6.58e+09 hits []
r1 join-devtops b57 65042299893042801193: whole field 12.5s wall, 1 cpu-s; surv 6.58e+09 tops 7.9e+07 hits []
r1 client b57 65042299893042801193: 374.7s/field, 427 cpu-s/field, dev_wait 35.7 cpu_wait 0.4 hits []
r1 join   b57 70427299893042801193: whole field 15.7s wall, 100 cpu-s; device 12.2s (no prefilter 20.8s), host 73 core-s; surv 7.44e+09 hits []
r1 join-devtops b57 70427299893042801193: whole field 14.0s wall, 1 cpu-s; surv 7.44e+09 tops 9.22e+07 hits []
r1 client b57 70427299893042801193: 482.4s/field, 570 cpu-s/field, dev_wait 46.7 cpu_wait 0.4 hits []
r1 client-pinned b57 70427299893042801193: 446.5s/field, 2672 cpu-s/field, dev_wait 43.7 cpu_wait 0.4 hits []
r1 join-devtops b57 64061199893042801193: whole field 14.9s wall, 0 cpu-s; surv 8.77e+09 tops 9.57e+07 hits []
r1 client b57 64061199893042801193: 515.8s/field, 567 cpu-s/field, dev_wait 49.9 cpu_wait 0.4 hits []
r1 client-pinned b57 64061199893042801193: 484.2s/field, 2697 cpu-s/field, dev_wait 47.4 cpu_wait 0.4 hits []
r1 join   b57 64061199893042801193: whole field 17.0s wall, 107 cpu-s; device 13.5s (no prefilter 21.9s), host 86 core-s; surv 8.77e+09 hits []
r1 join-devtops b60 793163612114824200908: whole field 8.1s wall, 1 cpu-s; surv 7.95e+08 tops 3.81e+07 hits []
r1 client b60 793163612114824200908: 54.4s/field, 191 cpu-s/field, dev_wait 3.8 cpu_wait 0.8 hits []
r1 client-pinned b60 793163612114824200908: 69.1s/field, 553 cpu-s/field, dev_wait 4.4 cpu_wait 2.1 hits []
r1 join   b60 793163612114824200908: whole field 7.0s wall, 27 cpu-s; device 8.0s (no prefilter 7.4s), host 30 core-s; surv 7.95e+08 hits []
r1 client b60 1901287712114824200908: 127.0s/field, 570 cpu-s/field, dev_wait 11.1 cpu_wait 1.0 hits []
r1 client-pinned b60 1901287712114824200908: 130.6s/field, 1216 cpu-s/field, dev_wait 6.3 cpu_wait 6.4 hits []
r1 join   b60 1901287712114824200908: whole field 8.4s wall, 62 cpu-s; device 8.1s (no prefilter 9.7s), host 54 core-s; surv 2.22e+09 hits []
r1 join-devtops b60 1901287712114824200908: whole field 8.0s wall, 1 cpu-s; surv 2.22e+09 tops 6.87e+07 hits []
r1 client-pinned b60 1801504012114824200908: 159.9s/field, 1447 cpu-s/field, dev_wait 7.8 cpu_wait 7.8 hits []
r1 join   b60 1801504012114824200908: whole field 9.8s wall, 87 cpu-s; device 8.8s (no prefilter 10.0s), host 70 core-s; surv 2.98e+09 hits []
r1 join-devtops b60 1801504012114824200908: whole field 8.5s wall, 1 cpu-s; surv 2.98e+09 tops 8.68e+07 hits []
r1 client b60 1801504012114824200908: 162.0s/field, 768 cpu-s/field, dev_wait 14.0 cpu_wait 1.2 hits []
r1 join   b60 860689812114824200908: whole field 8.3s wall, 66 cpu-s; device 8.6s (no prefilter 9.5s), host 58 core-s; surv 1.43e+09 hits []
r1 join-devtops b60 860689812114824200908: whole field 8.5s wall, 1 cpu-s; surv 1.43e+09 tops 7.04e+07 hits []
r1 client b60 860689812114824200908: 100.5s/field, 437 cpu-s/field, dev_wait 5.8 cpu_wait 2.8 hits []
r1 client-pinned b60 860689812114824200908: 113.6s/field, 1029 cpu-s/field, dev_wait 7.6 cpu_wait 3.3 hits []
r1 join-devtops b60 1244055012114824200908: whole field 9.4s wall, 1 cpu-s; surv 2.63e+09 tops 8.08e+07 hits []
r1 client b60 1244055012114824200908: 127.9s/field, 532 cpu-s/field, dev_wait 10.4 cpu_wait 1.3 hits []
r1 client-pinned b60 1244055012114824200908: 129.2s/field, 1159 cpu-s/field, dev_wait 6.1 cpu_wait 6.5 hits []
r1 join   b60 1244055012114824200908: whole field 10.2s wall, 79 cpu-s; device 7.5s (no prefilter 11.1s), host 67 core-s; surv 2.63e+09 hits []
r1 join-devtops b64 41242006262957161709568: whole field 17.0s wall, 2 cpu-s; surv 6.25e+09 tops 5.45e+07 hits []
r1 client b64 41242006262957161709568: 415.0s/field, 266 cpu-s/field, dev_wait 39.0 cpu_wait 0.2 hits []
r1 client-pinned b64 41242006262957161709568: 362.3s/field, 1239 cpu-s/field, dev_wait 34.8 cpu_wait 0.4 hits []
r1 join   b64 41242006262957161709568: whole field 17.6s wall, 71 cpu-s; device 15.7s (no prefilter 22.1s), host 55 core-s; surv 6.25e+09 hits []
r1 client b64 57785162662957161709568: 225.1s/field, 165 cpu-s/field, dev_wait 20.8 cpu_wait 0.2 hits []
r1 client-pinned b64 57785162662957161709568: 214.3s/field, 705 cpu-s/field, dev_wait 20.6 cpu_wait 0.2 hits []
r1 join   b64 57785162662957161709568: whole field 11.9s wall, 34 cpu-s; device 12.2s (no prefilter 13.8s), host 29 core-s; surv 3.05e+09 hits []
r1 join-devtops b64 57785162662957161709568: whole field 12.0s wall, 2 cpu-s; surv 3.05e+09 tops 2.89e+07 hits []
r1 client-pinned b64 65552385962957161709568: 176.1s/field, 608 cpu-s/field, dev_wait 16.7 cpu_wait 0.2 hits []
r1 join   b64 65552385962957161709568: whole field 12.3s wall, 43 cpu-s; device 12.1s (no prefilter 13.7s), host 33 core-s; surv 2.77e+09 hits []
r1 join-devtops b64 65552385962957161709568: whole field 11.7s wall, 2 cpu-s; surv 2.77e+09 tops 3.15e+07 hits []
r1 client b64 65552385962957161709568: 182.3s/field, 136 cpu-s/field, dev_wait 16.1 cpu_wait 0.2 hits []
r1 join   b64 39399613562957161709568: whole field 14.9s wall, 60 cpu-s; device 13.7s (no prefilter 19.6s), host 49 core-s; surv 3.93e+09 hits []
r1 join-devtops b64 39399613562957161709568: whole field 14.2s wall, 1 cpu-s; surv 3.93e+09 tops 4.7e+07 hits []
r1 client b64 39399613562957161709568: 306.3s/field, 222 cpu-s/field, dev_wait 28.2 cpu_wait 0.2 hits []
r1 client-pinned b64 39399613562957161709568: 266.7s/field, 1046 cpu-s/field, dev_wait 25.6 cpu_wait 0.4 hits []
r1 join-devtops b64 68936001062957161709568: whole field 15.5s wall, 2 cpu-s; surv 5.62e+09 tops 4.94e+07 hits []
r1 client b64 68936001062957161709568: 353.5s/field, 246 cpu-s/field, dev_wait 33.2 cpu_wait 0.2 hits []
r1 client-pinned b64 68936001062957161709568: 347.5s/field, 1089 cpu-s/field, dev_wait 33.7 cpu_wait 0.3 hits []
r1 join   b64 68936001062957161709568: whole field 16.1s wall, 64 cpu-s; device 14.4s (no prefilter 21.1s), host 53 core-s; surv 5.62e+09 hits []
r2 client b57 79228699893042801193: 472.2s/field, 491 cpu-s/field, dev_wait 45.2 cpu_wait 0.4 hits []
r2 client-pinned b57 79228699893042801193: 400.1s/field, 2246 cpu-s/field, dev_wait 38.7 cpu_wait 0.6 hits []
r2 join   b57 79228699893042801193: whole field 16.6s wall, 98 cpu-s; device 13.5s (no prefilter 22.7s), host 71 core-s; surv 8.21e+09 hits []
r2 join-devtops b57 79228699893042801193: whole field 16.0s wall, 0 cpu-s; surv 8.21e+09 tops 9.03e+07 hits []
r2 client-pinned b57 43926999893042801193: 426.5s/field, 2533 cpu-s/field, dev_wait 35.6 cpu_wait 6.3 hits []
r2 join   b57 43926999893042801193: whole field 15.0s wall, 95 cpu-s; device 13.6s (no prefilter 16.5s), host 92 core-s; surv 4.99e+09 hits []
r2 join-devtops b57 43926999893042801193: whole field 13.0s wall, 1 cpu-s; surv 4.99e+09 tops 8.85e+07 hits []
r2 client b57 43926999893042801193: 452.7s/field, 521 cpu-s/field, dev_wait 43.3 cpu_wait 0.6 hits []
r2 join   b57 65042299893042801193: whole field 14.3s wall, 85 cpu-s; device 11.3s (no prefilter 17.9s), host 69 core-s; surv 6.58e+09 hits []
r2 join-devtops b57 65042299893042801193: whole field 12.4s wall, 1 cpu-s; surv 6.58e+09 tops 7.9e+07 hits []
r2 client b57 65042299893042801193: 393.4s/field, 467 cpu-s/field, dev_wait 37.8 cpu_wait 0.4 hits []
r2 client-pinned b57 65042299893042801193: 366.9s/field, 2206 cpu-s/field, dev_wait 35.7 cpu_wait 0.4 hits []
r2 join-devtops b57 70427299893042801193: whole field 13.4s wall, 1 cpu-s; surv 7.44e+09 tops 9.22e+07 hits []
r2 client b57 70427299893042801193: 456.9s/field, 514 cpu-s/field, dev_wait 43.5 cpu_wait 0.4 hits []
r2 client-pinned b57 70427299893042801193: 419.1s/field, 2477 cpu-s/field, dev_wait 40.5 cpu_wait 0.7 hits []
r2 join   b57 70427299893042801193: whole field 15.3s wall, 101 cpu-s; device 11.9s (no prefilter 19.4s), host 75 core-s; surv 7.44e+09 hits []
r2 client b57 64061199893042801193: 548.2s/field, 629 cpu-s/field, dev_wait 53.2 cpu_wait 0.3 hits []
r2 client-pinned b57 64061199893042801193: 511.1s/field, 2939 cpu-s/field, dev_wait 50.3 cpu_wait 0.3 hits []
r2 join   b57 64061199893042801193: whole field 16.2s wall, 106 cpu-s; device 12.9s (no prefilter 22.4s), host 76 core-s; surv 8.77e+09 hits []
r2 join-devtops b57 64061199893042801193: whole field 14.7s wall, 0 cpu-s; surv 8.77e+09 tops 9.57e+07 hits []
r2 client b60 793163612114824200908: 51.5s/field, 184 cpu-s/field, dev_wait 3.1 cpu_wait 1.1 hits []
r2 client-pinned b60 793163612114824200908: 55.3s/field, 487 cpu-s/field, dev_wait 3.1 cpu_wait 2.1 hits []
r2 join   b60 793163612114824200908: whole field 6.5s wall, 26 cpu-s; device 7.7s (no prefilter 7.9s), host 27 core-s; surv 7.95e+08 hits []
r2 join-devtops b60 793163612114824200908: whole field 7.1s wall, 1 cpu-s; surv 7.95e+08 tops 3.81e+07 hits []
r2 client-pinned b60 1901287712114824200908: 97.1s/field, 850 cpu-s/field, dev_wait 7.5 cpu_wait 1.8 hits []
r2 join   b60 1901287712114824200908: whole field 8.0s wall, 62 cpu-s; device 8.2s (no prefilter 9.2s), host 53 core-s; surv 2.22e+09 hits []
r2 join-devtops b60 1901287712114824200908: whole field 7.6s wall, 1 cpu-s; surv 2.22e+09 tops 6.87e+07 hits []
r2 client b60 1901287712114824200908: 116.9s/field, 393 cpu-s/field, dev_wait 10.1 cpu_wait 0.8 hits []
r2 join   b60 1801504012114824200908: whole field 10.0s wall, 84 cpu-s; device 8.0s (no prefilter 11.9s), host 70 core-s; surv 2.98e+09 hits []
r2 join-devtops b60 1801504012114824200908: whole field 8.4s wall, 1 cpu-s; surv 2.98e+09 tops 8.68e+07 hits []
r2 client b60 1801504012114824200908: 162.6s/field, 765 cpu-s/field, dev_wait 14.2 cpu_wait 0.9 hits []
r2 client-pinned b60 1801504012114824200908: 165.7s/field, 1512 cpu-s/field, dev_wait 7.4 cpu_wait 8.7 hits []
r2 join-devtops b60 860689812114824200908: whole field 7.9s wall, 1 cpu-s; surv 1.43e+09 tops 7.04e+07 hits []
r2 client b60 860689812114824200908: 82.4s/field, 322 cpu-s/field, dev_wait 5.6 cpu_wait 1.3 hits []
r2 client-pinned b60 860689812114824200908: 99.4s/field, 848 cpu-s/field, dev_wait 6.4 cpu_wait 3.2 hits []
r2 join   b60 860689812114824200908: whole field 8.3s wall, 68 cpu-s; device 7.8s (no prefilter 8.5s), host 61 core-s; surv 1.43e+09 hits []
r2 client b60 1244055012114824200908: 121.0s/field, 563 cpu-s/field, dev_wait 10.0 cpu_wait 1.0 hits []
r2 client-pinned b60 1244055012114824200908: 119.3s/field, 1110 cpu-s/field, dev_wait 6.0 cpu_wait 5.6 hits []
r2 join   b60 1244055012114824200908: whole field 8.8s wall, 78 cpu-s; device 8.3s (no prefilter 9.2s), host 63 core-s; surv 2.63e+09 hits []
r2 join-devtops b60 1244055012114824200908: whole field 8.3s wall, 1 cpu-s; surv 2.63e+09 tops 8.08e+07 hits []
r2 client b64 41242006262957161709568: 385.4s/field, 261 cpu-s/field, dev_wait 36.4 cpu_wait 0.2 hits []
r2 client-pinned b64 41242006262957161709568: 326.8s/field, 1367 cpu-s/field, dev_wait 31.4 cpu_wait 0.4 hits []
r2 join   b64 41242006262957161709568: whole field 16.1s wall, 70 cpu-s; device 14.8s (no prefilter 21.1s), host 50 core-s; surv 6.25e+09 hits []
r2 join-devtops b64 41242006262957161709568: whole field 15.5s wall, 1 cpu-s; surv 6.25e+09 tops 5.45e+07 hits []
r2 client-pinned b64 57785162662957161709568: 195.9s/field, 816 cpu-s/field, dev_wait 18.9 cpu_wait 0.2 hits []
r2 join   b64 57785162662957161709568: whole field 10.9s wall, 33 cpu-s; device 10.9s (no prefilter 13.1s), host 26 core-s; surv 3.05e+09 hits []
r2 join-devtops b64 57785162662957161709568: whole field 10.7s wall, 1 cpu-s; surv 3.05e+09 tops 2.89e+07 hits []
r2 client b64 57785162662957161709568: 210.1s/field, 163 cpu-s/field, dev_wait 20.0 cpu_wait 0.1 hits []
r2 join   b64 65552385962957161709568: whole field 11.2s wall, 34 cpu-s; device 11.7s (no prefilter 13.9s), host 29 core-s; surv 2.77e+09 hits []
r2 join-devtops b64 65552385962957161709568: whole field 10.7s wall, 1 cpu-s; surv 2.77e+09 tops 3.15e+07 hits []
r2 client b64 65552385962957161709568: 193.8s/field, 160 cpu-s/field, dev_wait 17.8 cpu_wait 0.2 hits []
r2 client-pinned b64 65552385962957161709568: 187.5s/field, 788 cpu-s/field, dev_wait 17.8 cpu_wait 0.3 hits []
r2 join-devtops b64 39399613562957161709568: whole field 13.1s wall, 1 cpu-s; surv 3.93e+09 tops 4.7e+07 hits []
r2 client b64 39399613562957161709568: 315.8s/field, 233 cpu-s/field, dev_wait 29.6 cpu_wait 0.3 hits []
r2 client-pinned b64 39399613562957161709568: 266.1s/field, 1128 cpu-s/field, dev_wait 25.8 cpu_wait 0.3 hits []
r2 join   b64 39399613562957161709568: whole field 14.0s wall, 62 cpu-s; device 12.8s (no prefilter 17.3s), host 50 core-s; surv 3.93e+09 hits []
r2 client b64 68936001062957161709568: 380.0s/field, 281 cpu-s/field, dev_wait 36.6 cpu_wait 0.2 hits []
r2 client-pinned b64 68936001062957161709568: 358.6s/field, 1338 cpu-s/field, dev_wait 35.1 cpu_wait 0.2 hits []
r2 join   b64 68936001062957161709568: whole field 14.8s wall, 63 cpu-s; device 14.3s (no prefilter 19.9s), host 47 core-s; surv 5.62e+09 hits []
r2 join-devtops b64 68936001062957161709568: whole field 16.3s wall, 1 cpu-s; surv 5.62e+09 tops 4.94e+07 hits []
DONE
