bases 20-48: observed 423, M1 488.1 (ratio 0.867, z -2.95); with digit-sum coupling 489.4 (ratio 0.864, z -3.00)
bases 49-50: observed 20, M1 18.2 (ratio 1.098, z +0.42); with digit-sum coupling 18.1 (ratio 1.107, z +0.46)
bases 20-50: observed 443, M1 506.3 (ratio 0.875, z -2.81); with digit-sum coupling 507.5 (ratio 0.873, z -2.86)

type: shape chi2 1.0 on 1 dof, p = 0.313
                     two doubles: obs  421  shape-exp   425.2  abs-exp   487.1  obs/abs 0.86
                          triple: obs   22  shape-exp    17.8  abs-exp    20.4  obs/abs 1.08
placement (per repeated value): shape chi2 6.4 on 5 dof, p = 0.266 (items per event > 1; p approximate)
                           split: obs  408  shape-exp   423.9  abs-exp   485.7  obs/abs 0.84
                     within cube: obs  296  shape-exp   294.9  abs-exp   337.9  obs/abs 0.88
                   within square: obs  138  shape-exp   131.5  abs-exp   150.6  obs/abs 0.92
                          sq1cu2: obs   11  shape-exp     8.2  abs-exp     9.4  obs/abs 1.17
                          sq2cu1: obs    9  shape-exp     5.1  abs-exp     5.8  obs/abs 1.55
                          sq0cu3: obs    2  shape-exp     3.6  abs-exp     4.2  obs/abs 0.48
                          sq3cu0: obs    0  shape-exp     1.0  abs-exp     1.1  obs/abs 0.00
pattern: shape chi2 7.5 on 8 dof, p = 0.485
             split + within cube: obs  141  shape-exp   149.8  abs-exp   171.8  obs/abs 0.82
                   split + split: obs  100  shape-exp   105.6  abs-exp   121.0  obs/abs 0.83
           split + within square: obs   67  shape-exp    62.9  abs-exp    72.0  obs/abs 0.93
     within cube + within square: obs   57  shape-exp    51.8  abs-exp    59.2  obs/abs 0.96
       within cube + within cube: obs   49  shape-exp    46.7  abs-exp    53.4  obs/abs 0.92
    within square + within square: obs    7  shape-exp     8.4  abs-exp     9.7  obs/abs 0.72
                          sq1cu2: obs   11  shape-exp     8.2  abs-exp     9.4  obs/abs 1.17
                          sq2cu1: obs    9  shape-exp     5.1  abs-exp     5.8  obs/abs 1.55
                          sq0cu3: obs    2  shape-exp     3.6  abs-exp     4.2  obs/abs 0.48
                          sq3cu0: obs    0  shape-exp     1.0  abs-exp     1.1  obs/abs 0.00
zone of each repeated copy: shape chi2 3.2 on 5 dof, p = 0.673 (items per event > 1; p approximate)
                       cu-middle: obs  798  shape-exp   796.7  abs-exp   911.5  obs/abs 0.88
                       sq-middle: obs  440  shape-exp   457.3  abs-exp   522.4  obs/abs 0.84
                       sq-bottom: obs  166  shape-exp   151.9  abs-exp   174.9  obs/abs 0.95
                       cu-bottom: obs  142  shape-exp   151.0  abs-exp   173.8  obs/abs 0.82
                          sq-top: obs  107  shape-exp    98.9  abs-exp   113.7  obs/abs 0.94
                          cu-top: obs   97  shape-exp    98.3  abs-exp   113.3  obs/abs 0.86
repeated copies in edge positions: shape chi2 0.9 on 3 dof, p = 0.821
                               1: obs  184  shape-exp   183.6  abs-exp   210.5  obs/abs 0.87
                               0: obs  112  shape-exp   119.0  abs-exp   135.0  obs/abs 0.83
                               2: obs  115  shape-exp   107.7  abs-exp   124.4  obs/abs 0.92
                              3+: obs   32  shape-exp    32.6  abs-exp    37.5  obs/abs 0.85
some repeat adjacent in one power: shape chi2 2.4 on 1 dof, p = 0.123
                              no: obs  386  shape-exp   396.0  abs-exp   453.4  obs/abs 0.85
                             yes: obs   57  shape-exp    47.0  abs-exp    54.1  obs/abs 1.05
0 missing: shape chi2 0.1 on 1 dof, p = 0.788
                              no: obs  418  shape-exp   416.7  abs-exp   477.1  obs/abs 0.88
                             yes: obs   25  shape-exp    26.3  abs-exp    30.4  obs/abs 0.82
b-1 missing: shape chi2 2.1 on 1 dof, p = 0.147
                              no: obs  424  shape-exp   416.8  abs-exp   477.4  obs/abs 0.89
                             yes: obs   19  shape-exp    26.2  abs-exp    30.1  obs/abs 0.63
1 missing: shape chi2 1.8 on 1 dof, p = 0.174
                              no: obs  429  shape-exp   423.1  abs-exp   484.8  obs/abs 0.88
                             yes: obs   14  shape-exp    19.9  abs-exp    22.7  obs/abs 0.62
0 repeated: shape chi2 2.5 on 1 dof, p = 0.112
                              no: obs  411  shape-exp   418.6  abs-exp   479.9  obs/abs 0.86
                             yes: obs   32  shape-exp    24.4  abs-exp    27.7  obs/abs 1.16
missing value / b (quintile): shape chi2 3.7 on 4 dof, p = 0.454 (items per event > 1; p approximate)
                               2: obs  203  shape-exp   183.1  abs-exp   209.7  obs/abs 0.97
                               3: obs  167  shape-exp   181.1  abs-exp   207.4  obs/abs 0.81
                               4: obs  169  shape-exp   176.4  abs-exp   201.9  obs/abs 0.84
                               1: obs  177  shape-exp   173.5  abs-exp   199.6  obs/abs 0.89
                               0: obs  170  shape-exp   171.8  abs-exp   196.4  obs/abs 0.87
repeated value / b (quintile): shape chi2 2.2 on 4 dof, p = 0.702 (items per event > 1; p approximate)
                               0: obs  211  shape-exp   196.1  abs-exp   224.4  obs/abs 0.94
                               1: obs  178  shape-exp   175.7  abs-exp   201.8  obs/abs 0.88
                               2: obs  165  shape-exp   172.0  abs-exp   196.7  obs/abs 0.84
                               3: obs  163  shape-exp   167.5  abs-exp   192.3  obs/abs 0.85
                               4: obs  147  shape-exp   156.9  abs-exp   179.5  obs/abs 0.82
parity of missing pair: shape chi2 5.0 on 2 dof, p = 0.083
                           mixed: obs  246  shape-exp   226.7  abs-exp   259.6  obs/abs 0.95
                       both even: obs  111  shape-exp   111.7  abs-exp   127.7  obs/abs 0.87
                        both odd: obs   86  shape-exp   104.6  abs-exp   120.2  obs/abs 0.72
leading digit of n^2: shape chi2 0.8 on 2 dof, p = 0.677
                             >=3: obs  362  shape-exp   355.8  abs-exp   403.8  obs/abs 0.90
                               2: obs   46  shape-exp    47.2  abs-exp    54.6  obs/abs 0.84
                               1: obs   35  shape-exp    40.1  abs-exp    49.1  obs/abs 0.71
leading digit of n^3: shape chi2 1.6 on 2 dof, p = 0.461
                             >=3: obs  353  shape-exp   353.0  abs-exp   405.9  obs/abs 0.87
                               1: obs   51  shape-exp    45.1  abs-exp    51.2  obs/abs 1.00
                               2: obs   39  shape-exp    44.9  abs-exp    50.4  obs/abs 0.77
last digit of n is 0: shape chi2 0.0 on 0 dof, p = nan
                              no: obs  443  shape-exp   443.0  abs-exp   507.5  obs/abs 0.87
n mod 2: shape chi2 0.2 on 1 dof, p = 0.695
                               1: obs  233  shape-exp   228.9  abs-exp   262.6  obs/abs 0.89
                               0: obs  210  shape-exp   214.1  abs-exp   244.9  obs/abs 0.86
n mod 3: shape chi2 1.1 on 2 dof, p = 0.577
                               2: obs  149  shape-exp   158.8  abs-exp   182.3  obs/abs 0.82
                               1: obs  152  shape-exp   143.7  abs-exp   164.2  obs/abs 0.93
                               0: obs  142  shape-exp   140.5  abs-exp   161.1  obs/abs 0.88
n mod 4: shape chi2 1.2 on 3 dof, p = 0.745
                               3: obs  113  shape-exp   117.6  abs-exp   135.4  obs/abs 0.83
                               1: obs  120  shape-exp   111.3  abs-exp   127.2  obs/abs 0.94
                               2: obs  113  shape-exp   111.2  abs-exp   128.5  obs/abs 0.88
                               0: obs   97  shape-exp   102.9  abs-exp   116.4  obs/abs 0.83
n mod 5: shape chi2 4.3 on 4 dof, p = 0.366
                               4: obs   88  shape-exp    96.2  abs-exp   110.1  obs/abs 0.80
                               3: obs   91  shape-exp    95.4  abs-exp   109.9  obs/abs 0.83
                               2: obs   87  shape-exp    94.8  abs-exp   108.4  obs/abs 0.80
                               1: obs   94  shape-exp    81.3  abs-exp    92.8  obs/abs 1.01
                               0: obs   83  shape-exp    75.3  abs-exp    86.3  obs/abs 0.96
n mod 6: shape chi2 2.3 on 5 dof, p = 0.811
                               5: obs   82  shape-exp    81.9  abs-exp    93.9  obs/abs 0.87
                               2: obs   67  shape-exp    76.9  abs-exp    88.4  obs/abs 0.76
                               1: obs   75  shape-exp    74.2  abs-exp    84.9  obs/abs 0.88
                               3: obs   76  shape-exp    72.8  abs-exp    83.8  obs/abs 0.91
                               4: obs   77  shape-exp    69.5  abs-exp    79.3  obs/abs 0.97
                               0: obs   66  shape-exp    67.7  abs-exp    77.3  obs/abs 0.85
n mod 7: shape chi2 11.8 on 6 dof, p = 0.067
                               2: obs   65  shape-exp    65.8  abs-exp    75.3  obs/abs 0.86
                               3: obs   84  shape-exp    65.3  abs-exp    75.0  obs/abs 1.12
                               4: obs   54  shape-exp    64.8  abs-exp    74.7  obs/abs 0.72
                               6: obs   71  shape-exp    64.5  abs-exp    73.9  obs/abs 0.96
                               5: obs   69  shape-exp    64.4  abs-exp    73.6  obs/abs 0.94
                               1: obs   46  shape-exp    60.3  abs-exp    68.5  obs/abs 0.67
                               0: obs   54  shape-exp    57.9  abs-exp    66.6  obs/abs 0.81
n mod 8: shape chi2 8.4 on 7 dof, p = 0.299
                               3: obs   54  shape-exp    59.5  abs-exp    68.7  obs/abs 0.79
                               7: obs   59  shape-exp    58.1  abs-exp    66.7  obs/abs 0.88
                               5: obs   49  shape-exp    58.1  abs-exp    66.8  obs/abs 0.73
                               6: obs   59  shape-exp    56.3  abs-exp    65.1  obs/abs 0.91
                               2: obs   54  shape-exp    54.9  abs-exp    63.4  obs/abs 0.85
                               1: obs   71  shape-exp    53.2  abs-exp    60.4  obs/abs 1.18
                               4: obs   50  shape-exp    52.3  abs-exp    58.9  obs/abs 0.85
                               0: obs   47  shape-exp    50.6  abs-exp    57.5  obs/abs 0.82
n mod 9: shape chi2 7.0 on 8 dof, p = 0.541
                               8: obs   40  shape-exp    53.3  abs-exp    61.2  obs/abs 0.65
                               5: obs   57  shape-exp    52.9  abs-exp    60.8  obs/abs 0.94
                               2: obs   52  shape-exp    52.6  abs-exp    60.3  obs/abs 0.86
                               4: obs   58  shape-exp    49.5  abs-exp    56.3  obs/abs 1.03
                               7: obs   50  shape-exp    48.8  abs-exp    55.7  obs/abs 0.90
                               3: obs   42  shape-exp    47.8  abs-exp    54.5  obs/abs 0.77
                               6: obs   54  shape-exp    47.0  abs-exp    53.5  obs/abs 1.01
                               0: obs   46  shape-exp    45.7  abs-exp    53.0  obs/abs 0.87
                               1: obs   44  shape-exp    45.4  abs-exp    52.2  obs/abs 0.84
n mod 11: shape chi2 7.8 on 10 dof, p = 0.649
                               3: obs   34  shape-exp    41.4  abs-exp    47.6  obs/abs 0.71
                              10: obs   45  shape-exp    41.3  abs-exp    47.2  obs/abs 0.95
                               5: obs   42  shape-exp    41.0  abs-exp    47.0  obs/abs 0.89
                               9: obs   37  shape-exp    40.9  abs-exp    46.9  obs/abs 0.79
                               6: obs   36  shape-exp    40.9  abs-exp    47.0  obs/abs 0.77
                               4: obs   50  shape-exp    40.8  abs-exp    46.8  obs/abs 1.07
                               7: obs   32  shape-exp    40.6  abs-exp    46.5  obs/abs 0.69
                               8: obs   43  shape-exp    40.1  abs-exp    46.2  obs/abs 0.93
                               2: obs   39  shape-exp    39.7  abs-exp    45.6  obs/abs 0.85
                               1: obs   42  shape-exp    38.9  abs-exp    43.9  obs/abs 0.96
                               0: obs   43  shape-exp    37.5  abs-exp    42.7  obs/abs 1.01
n mod 13: shape chi2 18.4 on 12 dof, p = 0.105
                               5: obs   39  shape-exp    35.1  abs-exp    40.0  obs/abs 0.98
                               8: obs   47  shape-exp    34.7  abs-exp    39.6  obs/abs 1.19
                               7: obs   29  shape-exp    34.7  abs-exp    39.7  obs/abs 0.73
                              11: obs   31  shape-exp    34.6  abs-exp    39.5  obs/abs 0.79
                              10: obs   27  shape-exp    34.3  abs-exp    39.4  obs/abs 0.69
                               6: obs   27  shape-exp    33.9  abs-exp    38.9  obs/abs 0.69
                               1: obs   34  shape-exp    33.9  abs-exp    38.8  obs/abs 0.88
                               2: obs   25  shape-exp    33.8  abs-exp    38.8  obs/abs 0.64
                               4: obs   40  shape-exp    33.8  abs-exp    38.8  obs/abs 1.03
                               0: obs   39  shape-exp    33.8  abs-exp    38.8  obs/abs 1.01
                               3: obs   32  shape-exp    33.5  abs-exp    38.6  obs/abs 0.83
                              12: obs   28  shape-exp    33.4  abs-exp    38.4  obs/abs 0.73

separate square/cube congruences (subset of draws):
  type: two doubles: 425.2 -> 426.3, triple: 17.8 -> 16.7
  placement (per repeated value): split: 423.9 -> 427.4, within cube: 294.9 -> 296.6, within square: 131.5 -> 128.6, sq1cu2: 8.2 -> 8.8, sq2cu1: 5.1 -> 3.6, sq0cu3: 3.6 -> 3.3, sq3cu0: 1.0 -> 1.0
  zone of each repeated copy: cu-middle: 796.7 -> 795.2, sq-middle: 457.3 -> 451.1, sq-bottom: 151.9 -> 153.7, cu-bottom: 151.0 -> 160.3, sq-top: 98.9 -> 98.7, cu-top: 98.3 -> 96.3

base-specific residues (likelihood surprise; bootstrap p = P(model surprise >= observed)):
  n mod b: surprise 1556.6 vs model 1542.6 +- 6.3; p = 0.013
  n mod b-1: surprise 1583.7 vs model 1583.8 +- 2.0; p = 0.521
  n mod b+1: surprise 1612.1 vs model 1608.8 +- 1.9; p = 0.051
  n mod b^2 (last two digits): surprise 3148.1 vs model 3031.1 +- 9.7; p = 0.000
  position in checked range (decile): surprise 1003.3 vs model 1005.6 +- 4.1; p = 0.704

rate by base class (observed / M1 x coupling):
  b mod 2: 0: 186/231.1=0.80, 1: 257/276.4=0.93   heterogeneity p = 0.13
  b mod 3: 0: 153/178.9=0.86, 1: 131/156.1=0.84, 2: 159/172.4=0.92   heterogeneity p = 0.69
  b mod 4: 0: 102/132.1=0.77, 1: 117/135.1=0.87, 2: 84/99.0=0.85, 3: 140/141.3=0.99   heterogeneity p = 0.28
  b mod 5: 0: 149/181.5=0.82, 2: 145/152.3=0.95, 3: 89/97.9=0.91, 4: 60/75.8=0.79   heterogeneity p = 0.50
  b mod 6: 0: 61/83.9=0.73, 1: 80/83.4=0.96, 2: 74/74.5=0.99, 3: 92/95.0=0.97, 4: 51/72.7=0.70, 5: 85/97.9=0.87   heterogeneity p = 0.19
